Archive member included to satisfy reference by file (symbol)

.\CortexM0p\ARM_GCC_541\Debug\cy8c4025-34channel-touch.a(UART_1.o)
                              .\CortexM0p\ARM_GCC_541\Debug\main.o (UART_1_Start)
.\CortexM0p\ARM_GCC_541\Debug\cy8c4025-34channel-touch.a(UART_1_SPI_UART.o)
                              .\CortexM0p\ARM_GCC_541\Debug\main.o (UART_1_SpiUartWriteTxData)
.\CortexM0p\ARM_GCC_541\Debug\cy8c4025-34channel-touch.a(UART_1_UART.o)
                              .\CortexM0p\ARM_GCC_541\Debug\cy8c4025-34channel-touch.a(UART_1.o) (UART_1_UartInit)
.\CortexM0p\ARM_GCC_541\Debug\cy8c4025-34channel-touch.a(CyLib.o)
                              .\CortexM0p\ARM_GCC_541\Debug\main.o (CyHalt)
.\CortexM0p\ARM_GCC_541\Debug\cy8c4025-34channel-touch.a(cyPm.o)
                              .\CortexM0p\ARM_GCC_541\Debug\main.o (CySysPmSleep)
.\CortexM0p\ARM_GCC_541\Debug\cy8c4025-34channel-touch.a(CyLFClk.o)
                              .\CortexM0p\ARM_GCC_541\Debug\main.o (CySysClkIloCompensate)
.\CortexM0p\ARM_GCC_541\Debug\cy8c4025-34channel-touch.a(CapSense_Control.o)
                              .\CortexM0p\ARM_GCC_541\Debug\main.o (CapSense_Start)
.\CortexM0p\ARM_GCC_541\Debug\cy8c4025-34channel-touch.a(CapSense_Processing.o)
                              .\CortexM0p\ARM_GCC_541\Debug\cy8c4025-34channel-touch.a(CapSense_Control.o) (CapSense_DpInitialize)
.\CortexM0p\ARM_GCC_541\Debug\cy8c4025-34channel-touch.a(CapSense_Structure.o)
                              .\CortexM0p\ARM_GCC_541\Debug\cy8c4025-34channel-touch.a(CapSense_Control.o) (CapSense_DsInitialize)
.\CortexM0p\ARM_GCC_541\Debug\cy8c4025-34channel-touch.a(CapSense_Tuner.o)
                              .\CortexM0p\ARM_GCC_541\Debug\cy8c4025-34channel-touch.a(CapSense_Control.o) (CapSense_TuInitialize)
.\CortexM0p\ARM_GCC_541\Debug\cy8c4025-34channel-touch.a(CapSense_Filter.o)
                              .\CortexM0p\ARM_GCC_541\Debug\cy8c4025-34channel-touch.a(CapSense_Control.o) (CapSense_InitializeAllBaselines)
.\CortexM0p\ARM_GCC_541\Debug\cy8c4025-34channel-touch.a(CapSense_Sensing.o)
                              .\CortexM0p\ARM_GCC_541\Debug\main.o (CapSense_IsBusy)
.\CortexM0p\ARM_GCC_541\Debug\cy8c4025-34channel-touch.a(CapSense_SensingCSD_LL.o)
                              .\CortexM0p\ARM_GCC_541\Debug\cy8c4025-34channel-touch.a(CapSense_Sensing.o) (CapSense_SsCSDInitialize)
.\CortexM0p\ARM_GCC_541\Debug\cy8c4025-34channel-touch.a(CapSense_ISR.o)
                              .\CortexM0p\ARM_GCC_541\Debug\cy8c4025-34channel-touch.a(CapSense_Sensing.o) (CapSense_ISR_StartEx)
.\CortexM0p\ARM_GCC_541\Debug\cy8c4025-34channel-touch.a(CyBootAsmGnu.o)
                              .\CortexM0p\ARM_GCC_541\Debug\cy8c4025-34channel-touch.a(CyLib.o) (CyDelayCycles)
.\CortexM0p\ARM_GCC_541\Debug\cy8c4025-34channel-touch.a(CyFlash.o)
                              .\CortexM0p\ARM_GCC_541\Debug\cy8c4025-34channel-touch.a(CyLib.o) (CySysFlashSetWaitCycles)
.\CortexM0p\ARM_GCC_541\Debug\cy8c4025-34channel-touch.a(CapSense_INT.o)
                              .\CortexM0p\ARM_GCC_541\Debug\cy8c4025-34channel-touch.a(CapSense_SensingCSD_LL.o) (CapSense_CSDPostSingleScan)
C:\Program Files (x86)\Cypress\PSoC Creator\4.4\PSoC Creator\psoc\content\CyComponentLibrary\CyComponentLibrary.cylib\CapSense_P4_v7_0\PSoC4\Library\Capsense_P4Library_GCCp.a(CapSense_SmartSense_LL.o)
                              .\CortexM0p\ARM_GCC_541\Debug\cy8c4025-34channel-touch.a(CapSense_Sensing.o) (SmartSense_TunePrescalers)
C:\Program Files (x86)\Cypress\PSoC Creator\4.4\PSoC Creator\psoc\content\CyComponentLibrary\CyComponentLibrary.cylib\CapSense_P4_v7_0\PSoC4\Library\Capsense_P4Library_GCCp.a(CapSense_SmartSense_SL.o)
                              .\CortexM0p\ARM_GCC_541\Debug\cy8c4025-34channel-touch.a(CapSense_Processing.o) (SmartSense_UpdateThresholds)
c:/program files (x86)/cypress/psoc creator/4.4/psoc creator/import/gnu/arm/5.4.1/bin/../lib/gcc/arm-none-eabi/5.4.1/armv6-m\libgcc.a(_udivsi3.o)
                              .\CortexM0p\ARM_GCC_541\Debug\main.o (__aeabi_uidiv)
c:/program files (x86)/cypress/psoc creator/4.4/psoc creator/import/gnu/arm/5.4.1/bin/../lib/gcc/arm-none-eabi/5.4.1/armv6-m\libgcc.a(_dvmd_tls.o)
                              c:/program files (x86)/cypress/psoc creator/4.4/psoc creator/import/gnu/arm/5.4.1/bin/../lib/gcc/arm-none-eabi/5.4.1/armv6-m\libgcc.a(_udivsi3.o) (__aeabi_idiv0)
c:/program files (x86)/cypress/psoc creator/4.4/psoc creator/import/gnu/arm/5.4.1/bin/../lib/gcc/arm-none-eabi/5.4.1/../../../../arm-none-eabi/lib/armv6-m\libg_nano.a(lib_a-errno.o)
                              .\CortexM0p\ARM_GCC_541\Debug\Cm0plusStart.o (__errno)
c:/program files (x86)/cypress/psoc creator/4.4/psoc creator/import/gnu/arm/5.4.1/bin/../lib/gcc/arm-none-eabi/5.4.1/../../../../arm-none-eabi/lib/armv6-m\libg_nano.a(lib_a-exit.o)
[...]
Memory Configuration

Name             Origin             Length             Attributes
rom              0x00000000         0x00008000         xr
ram              0x20000000         0x00001000         xrw
*default*        0x00000000         0xffffffff

Linker script and memory map

LOAD c:/program files (x86)/cypress/psoc creator/4.4/psoc creator/import/gnu/arm/5.4.1/bin/../lib/gcc/arm-none-eabi/5.4.1/armv6-m/crti.o
LOAD c:/program files (x86)/cypress/psoc creator/4.4/psoc creator/import/gnu/arm/5.4.1/bin/../lib/gcc/arm-none-eabi/5.4.1/armv6-m/crtbegin.o
LOAD c:/program files (x86)/cypress/psoc creator/4.4/psoc creator/import/gnu/arm/5.4.1/bin/../lib/gcc/arm-none-eabi/5.4.1/../../../../arm-none-eabi/lib/armv6-m/crt0.o
START GROUP
LOAD .\CortexM0p\ARM_GCC_541\Debug\main.o
LOAD .\CortexM0p\ARM_GCC_541\Debug\cyfitter_cfg.o
LOAD .\CortexM0p\ARM_GCC_541\Debug\cymetadata.o
LOAD .\CortexM0p\ARM_GCC_541\Debug\Cm0plusStart.o
LOAD .\CortexM0p\ARM_GCC_541\Debug\cy8c4025-34channel-touch.a
LOAD C:\Program Files (x86)\Cypress\PSoC Creator\4.4\PSoC Creator\psoc\content\CyComponentLibrary\CyComponentLibrary.cylib\CapSense_P4_v7_0\PSoC4\Library\Capsense_P4Library_GCCp.a
END GROUP
START GROUP
LOAD c:/program files (x86)/cypress/psoc creator/4.4/psoc creator/import/gnu/arm/5.4.1/bin/../lib/gcc/arm-none-eabi/5.4.1/armv6-m\libgcc.a
LOAD c:/program files (x86)/cypress/psoc creator/4.4/psoc creator/import/gnu/arm/5.4.1/bin/../lib/gcc/arm-none-eabi/5.4.1/../../../../arm-none-eabi/lib/armv6-m\libg_nano.a
LOAD c:/program files (x86)/cypress/psoc creator/4.4/psoc creator/import/gnu/arm/5.4.1/bin/../lib/gcc/arm-none-eabi/5.4.1/../../../../arm-none-eabi/lib/armv6-m\libc_nano.a
END GROUP
START GROUP
LOAD c:/program files (x86)/cypress/psoc creator/4.4/psoc creator/import/gnu/arm/5.4.1/bin/../lib/gcc/arm-none-eabi/5.4.1/armv6-m\libgcc.a
LOAD c:/program files (x86)/cypress/psoc creator/4.4/psoc creator/import/gnu/arm/5.4.1/bin/../lib/gcc/arm-none-eabi/5.4.1/../../../../arm-none-eabi/lib/armv6-m\libc_nano.a
END GROUP
LOAD c:/program files (x86)/cypress/psoc creator/4.4/psoc creator/import/gnu/arm/5.4.1/bin/../lib/gcc/arm-none-eabi/5.4.1/armv6-m/crtend.o
LOAD c:/program files (x86)/cypress/psoc creator/4.4/psoc creator/import/gnu/arm/5.4.1/bin/../lib/gcc/arm-none-eabi/5.4.1/armv6-m/crtn.o
START GROUP
LOAD c:/program files (x86)/cypress/psoc creator/4.4/psoc creator/import/gnu/arm/5.4.1/bin/../lib/gcc/arm-none-eabi/5.4.1/armv6-m\libgcc.a
LOAD c:/program files (x86)/cypress/psoc creator/4.4/psoc creator/import/gnu/arm/5.4.1/bin/../lib/gcc/arm-none-eabi/5.4.1/../../../../arm-none-eabi/lib/armv6-m\libc.a
LOAD c:/program files (x86)/cypress/psoc creator/4.4/psoc creator/import/gnu/arm/5.4.1/bin/../lib/gcc/arm-none-eabi/5.4.1/../../../../arm-none-eabi/lib/armv6-m\libnosys.a
END GROUP
                0x00000000                CY_APPL_ORIGIN = 0x0
                0x00000080                CY_FLASH_ROW_SIZE = 0x80
                0x00000001                CY_APPL_NUM = 0x1
                0x00000001                CY_APPL_MAX = 0x1
                0x00000040                CY_METADATA_SIZE = 0x40
                0x00000000                CY_APPL_LOADABLE = 0x0
                0x00000000                CY_CHECKSUM_EXCLUDE_SIZE = ALIGN (0x0, CY_FLASH_ROW_SIZE)
                0x00000000                CY_APP_FOR_STACK_AND_COPIER = 0x0
                [!provide]                PROVIDE (__cy_heap_start, _end)
                0x00000001                PROVIDE (__cy_region_num, ((__cy_regions_end - __cy_regions) / 0x10))
                0x20001000                PROVIDE (__cy_stack, (ORIGIN (ram) + LENGTH (ram)))
                [!provide]                PROVIDE (__cy_heap_end, (__cy_stack - 0x400))

.cybootloader   0x00000000        0x0
 *(.cybootloader)
                0x00000000                appl1_start = CY_APPL_ORIGIN?CY_APPL_ORIGIN:ALIGN (CY_FLASH_ROW_SIZE)
                0x00003f80                appl2_start = (appl1_start + ALIGN ((((LENGTH (rom) - appl1_start) - (0x2 * CY_FLASH_ROW_SIZE)) / 0x2), CY_FLASH_ROW_SIZE))
                0x00000000                appl_start = (CY_APPL_NUM == 0x1)?appl1_start:appl2_start
                0x00000001                cy_project_type_bootloader = (appl_start == 0x0)?0x1:0x0
                0x00000000                cy_project_type_app_for_stack_and_copier = (CY_APP_FOR_STACK_AND_COPIER == 0x1)?0x1:0x0

.text           0x00000000     0x2b3a
 CREATE_OBJECT_SYMBOLS
                0x00000000                PROVIDE (__cy_interrupt_vector, RomVectors)
 *(.romvectors)
 .romvectors    0x00000000       0x10 .\CortexM0p\ARM_GCC_541\Debug\Cm0plusStart.o
                0x00000000                RomVectors
                0x00000001                ASSERT ((. != __cy_interrupt_vector), No interrupt vector)
                0x00000001                ASSERT (CY_APPL_ORIGIN?(SIZEOF (.cybootloader) <= CY_APPL_ORIGIN):0x1, Wrong image location)
                0x00000010                PROVIDE (__cy_reset, Reset)
 *(.text.Reset)
 .text.Reset    0x00000010        0xc .\CortexM0p\ARM_GCC_541\Debug\Cm0plusStart.o
                0x00000010                Reset
                0x00000001                ASSERT ((. != __cy_reset), No reset code)
 *(.psocinit)
 .psocinit      0x0000001c       0xec .\CortexM0p\ARM_GCC_541\Debug\cyfitter_cfg.o
                0x00000080                cyfitter_cfg
                0x00000108                . = MAX (., 0x100)
 *(.text .text.* .gnu.linkonce.t.*)
 .text          0x00000108       0x60 c:/program files (x86)/cypress/psoc creator/4.4/psoc creator/import/gnu/arm/5.4.1/bin/../lib/gcc/arm-none-eabi/5.4.1/armv6-m/crtbegin.o
 .text.EnterDeepSleepLowPowerMode
                0x00000168       0x14 .\CortexM0p\ARM_GCC_541\Debug\main.o
                0x00000168                EnterDeepSleepLowPowerMode
 .text.CalibrateWdtMatchValue
                0x0000017c       0x30 .\CortexM0p\ARM_GCC_541\Debug\main.o
                0x0000017c                CalibrateWdtMatchValue
 .text.WDT_Start
                0x000001ac       0x3c .\CortexM0p\ARM_GCC_541\Debug\main.o
                0x000001ac                WDT_Start
 .text.main     0x000001e8      0x700 .\CortexM0p\ARM_GCC_541\Debug\main.o
                0x000001e8                main
 .text.SetAnalogRoutingPumps
                0x000008e8       0x38 .\CortexM0p\ARM_GCC_541\Debug\cyfitter_cfg.o
                0x000008e8                SetAnalogRoutingPumps
 .text.AnalogSetDefault
                0x00000920       0x14 .\CortexM0p\ARM_GCC_541\Debug\cyfitter_cfg.o
 .text.IntDefaultHandler
                0x00000934       0x10 .\CortexM0p\ARM_GCC_541\Debug\Cm0plusStart.o
                0x00000934                IntDefaultHandler
 .text.Start_c  0x00000944       0x48 .\CortexM0p\ARM_GCC_541\Debug\Cm0plusStart.o
                0x00000944                Start_c
 .text.initialize_psoc
                0x0000098c       0x40 .\CortexM0p\ARM_GCC_541\Debug\Cm0plusStart.o
                0x0000098c                initialize_psoc
 .text.UART_1_ScbModePostEnable
                0x000009cc        0x8 .\CortexM0p\ARM_GCC_541\Debug\cy8c4025-34channel-touch.a(UART_1.o)
 .text.UART_1_Init
                0x000009d4        0x8 .\CortexM0p\ARM_GCC_541\Debug\cy8c4025-34channel-touch.a(UART_1.o)
                0x000009d4                UART_1_Init
 .text.UART_1_Enable
                0x000009dc       0x18 .\CortexM0p\ARM_GCC_541\Debug\cy8c4025-34channel-touch.a(UART_1.o)
                0x000009dc                UART_1_Enable
 .text.UART_1_Start
                0x000009f4       0x20 .\CortexM0p\ARM_GCC_541\Debug\cy8c4025-34channel-touch.a(UART_1.o)
                0x000009f4                UART_1_Start
 .text.UART_1_SpiUartWriteTxData
                0x00000a14       0x1c .\CortexM0p\ARM_GCC_541\Debug\cy8c4025-34channel-touch.a(UART_1_SPI_UART.o)
                0x00000a14                UART_1_SpiUartWriteTxData
 .text.UART_1_UartInit
                0x00000a30       0xa8 .\CortexM0p\ARM_GCC_541\Debug\cy8c4025-34channel-touch.a(UART_1_UART.o)
                0x00000a30                UART_1_UartInit
 .text.UART_1_UartPostEnable
                0x00000ad8       0x2c .\CortexM0p\ARM_GCC_541\Debug\cy8c4025-34channel-touch.a(UART_1_UART.o)
                0x00000ad8                UART_1_UartPostEnable
 .text.CySysClkImoDisableWcoLock
                0x00000b04       0x4c .\CortexM0p\ARM_GCC_541\Debug\cy8c4025-34channel-touch.a(CyLib.o)
                0x00000b04                CySysClkImoDisableWcoLock
 .text.CySysClkImoGetWcoLock
                0x00000b50       0x14 .\CortexM0p\ARM_GCC_541\Debug\cy8c4025-34channel-touch.a(CyLib.o)
                0x00000b50                CySysClkImoGetWcoLock
 .text.CyIntEnable
                0x00000b64       0x14 .\CortexM0p\ARM_GCC_541\Debug\cy8c4025-34channel-touch.a(CyLib.o)
                0x00000b64                CyIntEnable
 .text.CyIntDisable
                0x00000b78       0x14 .\CortexM0p\ARM_GCC_541\Debug\cy8c4025-34channel-touch.a(CyLib.o)
                0x00000b78                CyIntDisable
 .text.CyIntClearPending
                0x00000b8c       0x14 .\CortexM0p\ARM_GCC_541\Debug\cy8c4025-34channel-touch.a(CyLib.o)
                0x00000b8c                CyIntClearPending
 .text.CyHalt   0x00000ba0        0x4 .\CortexM0p\ARM_GCC_541\Debug\cy8c4025-34channel-touch.a(CyLib.o)
                0x00000ba0                CyHalt
 .text.CyDelay  0x00000ba4       0x30 .\CortexM0p\ARM_GCC_541\Debug\cy8c4025-34channel-touch.a(CyLib.o)
                0x00000ba4                CyDelay
 .text.CySysClkImoEnableWcoLock
                0x00000bd4       0xd0 .\CortexM0p\ARM_GCC_541\Debug\cy8c4025-34channel-touch.a(CyLib.o)
                0x00000bd4                CySysClkImoEnableWcoLock
 .text.CySysClkWriteImoFreq
                0x00000ca4       0xd8 .\CortexM0p\ARM_GCC_541\Debug\cy8c4025-34channel-touch.a(CyLib.o)
                0x00000ca4                CySysClkWriteImoFreq
 .text.CyDelayUs
                0x00000d7c       0x14 .\CortexM0p\ARM_GCC_541\Debug\cy8c4025-34channel-touch.a(CyLib.o)
                0x00000d7c                CyDelayUs
 .text.CySysPmSleep
                0x00000d90       0x1c .\CortexM0p\ARM_GCC_541\Debug\cy8c4025-34channel-touch.a(cyPm.o)
                0x00000d90                CySysPmSleep
 .text.CySysClkIloCompensate
                0x00000dac      0x10c .\CortexM0p\ARM_GCC_541\Debug\cy8c4025-34channel-touch.a(CyLFClk.o)
                0x00000dac                CySysClkIloCompensate
 .text.CySysClkWcoEnabled
                0x00000eb8       0x14 .\CortexM0p\ARM_GCC_541\Debug\cy8c4025-34channel-touch.a(CyLFClk.o)
                0x00000eb8                CySysClkWcoEnabled
 .text.CySysWdtDisable
                0x00000ecc       0x10 .\CortexM0p\ARM_GCC_541\Debug\cy8c4025-34channel-touch.a(CyLFClk.o)
                0x00000ecc                CySysWdtDisable
 .text.CySysWdtSetMatch
                0x00000edc       0x18 .\CortexM0p\ARM_GCC_541\Debug\cy8c4025-34channel-touch.a(CyLFClk.o)
                0x00000edc                CySysWdtSetMatch
 .text.CySysWdtGetMatch
                0x00000ef4       0x10 .\CortexM0p\ARM_GCC_541\Debug\cy8c4025-34channel-touch.a(CyLFClk.o)
                0x00000ef4                CySysWdtGetMatch
 .text.CySysWdtUnmaskInterrupt
                0x00000f04       0x10 .\CortexM0p\ARM_GCC_541\Debug\cy8c4025-34channel-touch.a(CyLFClk.o)
                0x00000f04                CySysWdtUnmaskInterrupt
 .text.CapSense_Initialize
                0x00000f14       0x28 .\CortexM0p\ARM_GCC_541\Debug\cy8c4025-34channel-touch.a(CapSense_Control.o)
                0x00000f14                CapSense_Initialize
 .text.CapSense_Start
                0x00000f3c       0x48 .\CortexM0p\ARM_GCC_541\Debug\cy8c4025-34channel-touch.a(CapSense_Control.o)
                0x00000f3c                CapSense_Start
 .text.CapSense_ProcessWidget
                0x00000f84       0x50 .\CortexM0p\ARM_GCC_541\Debug\cy8c4025-34channel-touch.a(CapSense_Control.o)
                0x00000f84                CapSense_ProcessWidget
 .text.CapSense_DpInitialize
                0x00000fd4       0x58 .\CortexM0p\ARM_GCC_541\Debug\cy8c4025-34channel-touch.a(CapSense_Processing.o)
                0x00000fd4                CapSense_DpInitialize
 .text.CapSense_DpUpdateThresholds
                0x0000102c       0x34 .\CortexM0p\ARM_GCC_541\Debug\cy8c4025-34channel-touch.a(CapSense_Processing.o)
                0x0000102c                CapSense_DpUpdateThresholds
 .text.CapSense_DpUpdateDifferences
                0x00001060       0x18 .\CortexM0p\ARM_GCC_541\Debug\cy8c4025-34channel-touch.a(CapSense_Processing.o)
                0x00001060                CapSense_DpUpdateDifferences
 .text.CapSense_DpProcessCsdWidgetRawCounts
                0x00001078       0x90 .\CortexM0p\ARM_GCC_541\Debug\cy8c4025-34channel-touch.a(CapSense_Processing.o)
                0x00001078                CapSense_DpProcessCsdWidgetRawCounts
 .text.CapSense_DpProcessButton
                0x00001108       0x64 .\CortexM0p\ARM_GCC_541\Debug\cy8c4025-34channel-touch.a(CapSense_Processing.o)
                0x00001108                CapSense_DpProcessButton
 .text.CapSense_DpProcessCsdWidgetStatus
                0x0000116c       0x58 .\CortexM0p\ARM_GCC_541\Debug\cy8c4025-34channel-touch.a(CapSense_Processing.o)
                0x0000116c                CapSense_DpProcessCsdWidgetStatus
 .text.CapSense_DsInitialize
                0x000011c4       0x88 .\CortexM0p\ARM_GCC_541\Debug\cy8c4025-34channel-touch.a(CapSense_Structure.o)
                0x000011c4                CapSense_DsInitialize
 .text.CapSense_IsAnyWidgetActive
                0x0000124c       0x20 .\CortexM0p\ARM_GCC_541\Debug\cy8c4025-34channel-touch.a(CapSense_Structure.o)
                0x0000124c                CapSense_IsAnyWidgetActive
 .text.CapSense_TuInitialize
                0x0000126c       0x14 .\CortexM0p\ARM_GCC_541\Debug\cy8c4025-34channel-touch.a(CapSense_Tuner.o)
                0x0000126c                CapSense_TuInitialize
 .text.CapSense_FtInitializeBaselineChannel
                0x00001280       0x20 .\CortexM0p\ARM_GCC_541\Debug\cy8c4025-34channel-touch.a(CapSense_Filter.o)
                0x00001280                CapSense_FtInitializeBaselineChannel
 .text.CapSense_FtInitializeBaseline
                0x000012a0       0x20 .\CortexM0p\ARM_GCC_541\Debug\cy8c4025-34channel-touch.a(CapSense_Filter.o)
                0x000012a0                CapSense_FtInitializeBaseline
 .text.CapSense_InitializeSensorBaseline
                0x000012c0       0x20 .\CortexM0p\ARM_GCC_541\Debug\cy8c4025-34channel-touch.a(CapSense_Filter.o)
                0x000012c0                CapSense_InitializeSensorBaseline
 .text.CapSense_InitializeWidgetBaseline
                0x000012e0       0x24 .\CortexM0p\ARM_GCC_541\Debug\cy8c4025-34channel-touch.a(CapSense_Filter.o)
                0x000012e0                CapSense_InitializeWidgetBaseline
 .text.CapSense_InitializeAllBaselines
                0x00001304       0x18 .\CortexM0p\ARM_GCC_541\Debug\cy8c4025-34channel-touch.a(CapSense_Filter.o)
                0x00001304                CapSense_InitializeAllBaselines
 .text.CapSense_InitializeIIRInternal
                0x0000131c       0x24 .\CortexM0p\ARM_GCC_541\Debug\cy8c4025-34channel-touch.a(CapSense_Filter.o)
                0x0000131c                CapSense_InitializeIIRInternal
 .text.CapSense_InitializeMedianInternal
                0x00001340       0x28 .\CortexM0p\ARM_GCC_541\Debug\cy8c4025-34channel-touch.a(CapSense_Filter.o)
                0x00001340                CapSense_InitializeMedianInternal
 .text.CapSense_InitializeWidgetFilter
                0x00001368       0x80 .\CortexM0p\ARM_GCC_541\Debug\cy8c4025-34channel-touch.a(CapSense_Filter.o)
                0x00001368                CapSense_InitializeWidgetFilter
 .text.CapSense_InitializeAllFilters
                0x000013e8       0x18 .\CortexM0p\ARM_GCC_541\Debug\cy8c4025-34channel-touch.a(CapSense_Filter.o)
                0x000013e8                CapSense_InitializeAllFilters
 .text.CapSense_FtInitialize
                0x00001400        0x8 .\CortexM0p\ARM_GCC_541\Debug\cy8c4025-34channel-touch.a(CapSense_Filter.o)
                0x00001400                CapSense_FtInitialize
 .text.CapSense_FtMedian
                0x00001408       0x18 .\CortexM0p\ARM_GCC_541\Debug\cy8c4025-34channel-touch.a(CapSense_Filter.o)
                0x00001408                CapSense_FtMedian
 .text.CapSense_RunMedianInternal
                0x00001420       0x54 .\CortexM0p\ARM_GCC_541\Debug\cy8c4025-34channel-touch.a(CapSense_Filter.o)
                0x00001420                CapSense_RunMedianInternal
 .text.CapSense_FtIIR1stOrder
                0x00001474       0x14 .\CortexM0p\ARM_GCC_541\Debug\cy8c4025-34channel-touch.a(CapSense_Filter.o)
                0x00001474                CapSense_FtIIR1stOrder
 .text.CapSense_FtUpdateBaseline
                0x00001488       0xa0 .\CortexM0p\ARM_GCC_541\Debug\cy8c4025-34channel-touch.a(CapSense_Filter.o)
                0x00001488                CapSense_FtUpdateBaseline
 .text.CapSense_RunIIRInternal
                0x00001528       0x44 .\CortexM0p\ARM_GCC_541\Debug\cy8c4025-34channel-touch.a(CapSense_Filter.o)
                0x00001528                CapSense_RunIIRInternal
 .text.CapSense_FtRunEnabledFiltersInternal
                0x0000156c       0x18 .\CortexM0p\ARM_GCC_541\Debug\cy8c4025-34channel-touch.a(CapSense_Filter.o)
                0x0000156c                CapSense_FtRunEnabledFiltersInternal
 .text.CapSense_SsCalcLfsrSize
                0x00001584       0x84 .\CortexM0p\ARM_GCC_541\Debug\cy8c4025-34channel-touch.a(CapSense_Sensing.o)
 .text.CapSense_SsCalcLfsrScale
                0x00001608       0x44 .\CortexM0p\ARM_GCC_541\Debug\cy8c4025-34channel-touch.a(CapSense_Sensing.o)
 .text.CapSense_IsBusy
                0x0000164c       0x10 .\CortexM0p\ARM_GCC_541\Debug\cy8c4025-34channel-touch.a(CapSense_Sensing.o)
                0x0000164c                CapSense_IsBusy
 .text.CapSense_SetupWidget
                0x0000165c       0x40 .\CortexM0p\ARM_GCC_541\Debug\cy8c4025-34channel-touch.a(CapSense_Sensing.o)
                0x0000165c                CapSense_SetupWidget
 .text.CapSense_Scan
                0x0000169c       0x2c .\CortexM0p\ARM_GCC_541\Debug\cy8c4025-34channel-touch.a(CapSense_Sensing.o)
                0x0000169c                CapSense_Scan
 .text.CapSense_ScanAllWidgets
                0x000016c8       0x48 .\CortexM0p\ARM_GCC_541\Debug\cy8c4025-34channel-touch.a(CapSense_Sensing.o)
                0x000016c8                CapSense_ScanAllWidgets
 .text.CapSense_SsSetAllIOsState
                0x00001710       0x80 .\CortexM0p\ARM_GCC_541\Debug\cy8c4025-34channel-touch.a(CapSense_Sensing.o)
                0x00001710                CapSense_SsSetAllIOsState
 .text.CapSense_SsPostAllWidgetsScan
                0x00001790       0x78 .\CortexM0p\ARM_GCC_541\Debug\cy8c4025-34channel-touch.a(CapSense_Sensing.o)
                0x00001790                CapSense_SsPostAllWidgetsScan
 .text.CapSense_SsSetModClkClockDivider
                0x00001808       0x30 .\CortexM0p\ARM_GCC_541\Debug\cy8c4025-34channel-touch.a(CapSense_Sensing.o)
                0x00001808                CapSense_SsSetModClkClockDivider
 .text.CapSense_SsCSDGetColSnsClkDivider
                0x00001838       0x10 .\CortexM0p\ARM_GCC_541\Debug\cy8c4025-34channel-touch.a(CapSense_Sensing.o)
                0x00001838                CapSense_SsCSDGetColSnsClkDivider
 .text.CapSense_SsCSDCalcPrsSize
                0x00001848       0x24 .\CortexM0p\ARM_GCC_541\Debug\cy8c4025-34channel-touch.a(CapSense_Sensing.o)
                0x00001848                CapSense_SsCSDCalcPrsSize
 .text.CapSense_SsSetWidgetSenseClkSrc
                0x0000186c       0x3c .\CortexM0p\ARM_GCC_541\Debug\cy8c4025-34channel-touch.a(CapSense_Sensing.o)
 .text.CapSense_SsAutoTuneWidget
                0x000018a8      0x160 .\CortexM0p\ARM_GCC_541\Debug\cy8c4025-34channel-touch.a(CapSense_Sensing.o)
                0x000018a8                CapSense_SsAutoTuneWidget
 .text.CapSense_SsAutoTune
                0x00001a08       0x1c .\CortexM0p\ARM_GCC_541\Debug\cy8c4025-34channel-touch.a(CapSense_Sensing.o)
                0x00001a08                CapSense_SsAutoTune
 .text.CapSense_SsInitializeSourceSenseClk
                0x00001a24       0x20 .\CortexM0p\ARM_GCC_541\Debug\cy8c4025-34channel-touch.a(CapSense_Sensing.o)
                0x00001a24                CapSense_SsInitializeSourceSenseClk
 .text.CapSense_DischargeExtCapacitors
                0x00001a44       0xd4 .\CortexM0p\ARM_GCC_541\Debug\cy8c4025-34channel-touch.a(CapSense_Sensing.o)
                0x00001a44                CapSense_DischargeExtCapacitors
 .text.CapSense_WriteBitsSafe
                0x00001b18       0x1c .\CortexM0p\ARM_GCC_541\Debug\cy8c4025-34channel-touch.a(CapSense_Sensing.o)
                0x00001b18                CapSense_WriteBitsSafe
 .text.CapSense_SsCSDDisableMode
                0x00001b34       0x28 .\CortexM0p\ARM_GCC_541\Debug\cy8c4025-34channel-touch.a(CapSense_Sensing.o)
 .text.CapSense_SsSwitchSensingMode
                0x00001b5c       0x3c .\CortexM0p\ARM_GCC_541\Debug\cy8c4025-34channel-touch.a(CapSense_Sensing.o)
                0x00001b5c                CapSense_SsSwitchSensingMode
 .text.CapSense_SsInitialize
                0x00001b98       0x2c .\CortexM0p\ARM_GCC_541\Debug\cy8c4025-34channel-touch.a(CapSense_Sensing.o)
                0x00001b98                CapSense_SsInitialize
 .text.CapSense_SsCSDSetModeSnsClockDivider
                0x00001bc4       0x10 .\CortexM0p\ARM_GCC_541\Debug\cy8c4025-34channel-touch.a(CapSense_SensingCSD_LL.o)
 .text.CapSense_SsCSDSetFilterDelay
                0x00001bd4       0x54 .\CortexM0p\ARM_GCC_541\Debug\cy8c4025-34channel-touch.a(CapSense_SensingCSD_LL.o)
 .text.CapSense_SsCSDConfigIDACs
                0x00001c28       0x1c .\CortexM0p\ARM_GCC_541\Debug\cy8c4025-34channel-touch.a(CapSense_SensingCSD_LL.o)
 .text.CapSense_SsCSDCalibrateCheck
                0x00001c44       0x98 .\CortexM0p\ARM_GCC_541\Debug\cy8c4025-34channel-touch.a(CapSense_SensingCSD_LL.o)
 .text.CapSense_SsCSDSwitchIdacGain
                0x00001cdc       0x9c .\CortexM0p\ARM_GCC_541\Debug\cy8c4025-34channel-touch.a(CapSense_SensingCSD_LL.o)
 .text.CapSense_SsCSDNormalizeIdac
                0x00001d78       0xcc .\CortexM0p\ARM_GCC_541\Debug\cy8c4025-34channel-touch.a(CapSense_SensingCSD_LL.o)
 .text.CapSense_SsCSDInitialize
                0x00001e44      0x148 .\CortexM0p\ARM_GCC_541\Debug\cy8c4025-34channel-touch.a(CapSense_SensingCSD_LL.o)
                0x00001e44                CapSense_SsCSDInitialize
 .text.CapSense_SsCSDSetUpIdacs
                0x00001f8c       0x60 .\CortexM0p\ARM_GCC_541\Debug\cy8c4025-34channel-touch.a(CapSense_SensingCSD_LL.o)
                0x00001f8c                CapSense_SsCSDSetUpIdacs
 .text.CapSense_SsCSDGetNumberOfConversions
                0x00001fec       0x2c .\CortexM0p\ARM_GCC_541\Debug\cy8c4025-34channel-touch.a(CapSense_SensingCSD_LL.o)
                0x00001fec                CapSense_SsCSDGetNumberOfConversions
 .text.CapSense_SsCSDConfigClock
                0x00002018       0x3c .\CortexM0p\ARM_GCC_541\Debug\cy8c4025-34channel-touch.a(CapSense_SensingCSD_LL.o)
                0x00002018                CapSense_SsCSDConfigClock
 .text.CapSense_SsCSDCalculateScanDuration
                0x00002054       0x1c .\CortexM0p\ARM_GCC_541\Debug\cy8c4025-34channel-touch.a(CapSense_SensingCSD_LL.o)
                0x00002054                CapSense_SsCSDCalculateScanDuration
 .text.CapSense_SsCSDStartSample
                0x00002070       0xf4 .\CortexM0p\ARM_GCC_541\Debug\cy8c4025-34channel-touch.a(CapSense_SensingCSD_LL.o)
                0x00002070                CapSense_SsCSDStartSample
 .text.CapSense_CSDScanExt
                0x00002164       0x20 .\CortexM0p\ARM_GCC_541\Debug\cy8c4025-34channel-touch.a(CapSense_SensingCSD_LL.o)
                0x00002164                CapSense_CSDScanExt
 .text.CapSense_CSDConnectSns
                0x00002184       0x34 .\CortexM0p\ARM_GCC_541\Debug\cy8c4025-34channel-touch.a(CapSense_SensingCSD_LL.o)
                0x00002184                CapSense_CSDConnectSns
 .text.CapSense_CSDScan
                0x000021b8       0x9c .\CortexM0p\ARM_GCC_541\Debug\cy8c4025-34channel-touch.a(CapSense_SensingCSD_LL.o)
                0x000021b8                CapSense_CSDScan
 .text.CapSense_SsCSDConnectSensorExt
                0x00002254       0x24 .\CortexM0p\ARM_GCC_541\Debug\cy8c4025-34channel-touch.a(CapSense_SensingCSD_LL.o)
                0x00002254                CapSense_SsCSDConnectSensorExt
 .text.CapSense_CSDDisconnectSns
                0x00002278       0x68 .\CortexM0p\ARM_GCC_541\Debug\cy8c4025-34channel-touch.a(CapSense_SensingCSD_LL.o)
                0x00002278                CapSense_CSDDisconnectSns
 .text.CapSense_SsCSDElectrodeCheck
                0x000022e0       0x24 .\CortexM0p\ARM_GCC_541\Debug\cy8c4025-34channel-touch.a(CapSense_SensingCSD_LL.o)
                0x000022e0                CapSense_SsCSDElectrodeCheck
 .text.CapSense_CSDSetupWidget
                0x00002304       0x54 .\CortexM0p\ARM_GCC_541\Debug\cy8c4025-34channel-touch.a(CapSense_SensingCSD_LL.o)
                0x00002304                CapSense_CSDSetupWidget
 .text.CapSense_CSDSetupWidgetExt
                0x00002358       0x6c .\CortexM0p\ARM_GCC_541\Debug\cy8c4025-34channel-touch.a(CapSense_SensingCSD_LL.o)
                0x00002358                CapSense_CSDSetupWidgetExt
 .text.CapSense_SsCSDCalibrate
                0x000023c4      0x160 .\CortexM0p\ARM_GCC_541\Debug\cy8c4025-34channel-touch.a(CapSense_SensingCSD_LL.o)
 .text.CapSense_CSDCalibrateWidget
                0x00002524       0x74 .\CortexM0p\ARM_GCC_541\Debug\cy8c4025-34channel-touch.a(CapSense_SensingCSD_LL.o)
                0x00002524                CapSense_CSDCalibrateWidget
 .text.CapSense_ISR_SetVector
                0x00002598        0xc .\CortexM0p\ARM_GCC_541\Debug\cy8c4025-34channel-touch.a(CapSense_ISR.o)
                0x00002598                CapSense_ISR_SetVector
 .text.CapSense_ISR_SetPriority
                0x000025a4       0x24 .\CortexM0p\ARM_GCC_541\Debug\cy8c4025-34channel-touch.a(CapSense_ISR.o)
                0x000025a4                CapSense_ISR_SetPriority
 .text.CapSense_ISR_Enable
                0x000025c8       0x10 .\CortexM0p\ARM_GCC_541\Debug\cy8c4025-34channel-touch.a(CapSense_ISR.o)
                0x000025c8                CapSense_ISR_Enable
 .text.CapSense_ISR_Disable
                0x000025d8       0x10 .\CortexM0p\ARM_GCC_541\Debug\cy8c4025-34channel-touch.a(CapSense_ISR.o)
                0x000025d8                CapSense_ISR_Disable
 .text.CapSense_ISR_StartEx
                0x000025e8       0x1c .\CortexM0p\ARM_GCC_541\Debug\cy8c4025-34channel-touch.a(CapSense_ISR.o)
                0x000025e8                CapSense_ISR_StartEx
 *fill*         0x00002604        0x4 
 .text          0x00002608       0x20 .\CortexM0p\ARM_GCC_541\Debug\cy8c4025-34channel-touch.a(CyBootAsmGnu.o)
                0x00002608                CyDelayCycles
                0x0000261a                CyEnterCriticalSection
                0x00002622                CyExitCriticalSection
 .text.CySysFlashSetWaitCycles
                0x00002628       0x54 .\CortexM0p\ARM_GCC_541\Debug\cy8c4025-34channel-touch.a(CyFlash.o)
                0x00002628                CySysFlashSetWaitCycles
 .text.CapSense_SsCSDPostScan
                0x0000267c       0x50 .\CortexM0p\ARM_GCC_541\Debug\cy8c4025-34channel-touch.a(CapSense_INT.o)
 .text.CapSense_SsCSDInitNextScan
                0x000026cc       0xa8 .\CortexM0p\ARM_GCC_541\Debug\cy8c4025-34channel-touch.a(CapSense_INT.o)
 .text.CapSense_CSDPostSingleScan
                0x00002774       0x2c .\CortexM0p\ARM_GCC_541\Debug\cy8c4025-34channel-touch.a(CapSense_INT.o)
                0x00002774                CapSense_CSDPostSingleScan
 .text.CapSense_CSDPostMultiScan
                0x000027a0       0x44 .\CortexM0p\ARM_GCC_541\Debug\cy8c4025-34channel-touch.a(CapSense_INT.o)
                0x000027a0                CapSense_CSDPostMultiScan
 .text.SmartSense_TunePrescalers
                0x000027e4       0x60 C:\Program Files (x86)\Cypress\PSoC Creator\4.4\PSoC Creator\psoc\content\CyComponentLibrary\CyComponentLibrary.cylib\CapSense_P4_v7_0\PSoC4\Library\Capsense_P4Library_GCCp.a(CapSense_SmartSense_LL.o)
                0x000027e4                SmartSense_TunePrescalers
 .text.SmartSense_TuneSensitivity
                0x00002844       0x7c C:\Program Files (x86)\Cypress\PSoC Creator\4.4\PSoC Creator\psoc\content\CyComponentLibrary\CyComponentLibrary.cylib\CapSense_P4_v7_0\PSoC4\Library\Capsense_P4Library_GCCp.a(CapSense_SmartSense_LL.o)
                0x00002844                SmartSense_TuneSensitivity
 .text.SmartSense_UpdateThresholds
                0x000028c0       0x42 C:\Program Files (x86)\Cypress\PSoC Creator\4.4\PSoC Creator\psoc\content\CyComponentLibrary\CyComponentLibrary.cylib\CapSense_P4_v7_0\PSoC4\Library\Capsense_P4Library_GCCp.a(CapSense_SmartSense_SL.o)
                0x000028c0                SmartSense_UpdateThresholds
 .text.SmartSense_InitializeNoiseEnvelope
                0x00002902       0x18 C:\Program Files (x86)\Cypress\PSoC Creator\4.4\PSoC Creator\psoc\content\CyComponentLibrary\CyComponentLibrary.cylib\CapSense_P4_v7_0\PSoC4\Library\Capsense_P4Library_GCCp.a(CapSense_SmartSense_SL.o)
                0x00002902                SmartSense_InitializeNoiseEnvelope
 .text.SmartSense_RunNoiseEnvelope
                0x0000291a       0x8e C:\Program Files (x86)\Cypress\PSoC Creator\4.4\PSoC Creator\psoc\content\CyComponentLibrary\CyComponentLibrary.cylib\CapSense_P4_v7_0\PSoC4\Library\Capsense_P4Library_GCCp.a(CapSense_SmartSense_SL.o)
                0x0000291a                SmartSense_RunNoiseEnvelope
 .text          0x000029a8      0x114 c:/program files (x86)/cypress/psoc creator/4.4/psoc creator/import/gnu/arm/5.4.1/bin/../lib/gcc/arm-none-eabi/5.4.1/armv6-m\libgcc.a(_udivsi3.o)
                0x000029a8                __aeabi_uidiv
                0x000029a8                __udivsi3
                0x00002ab4                __aeabi_uidivmod
 .text          0x00002abc        0x4 c:/program files (x86)/cypress/psoc creator/4.4/psoc creator/import/gnu/arm/5.4.1/bin/../lib/gcc/arm-none-eabi/5.4.1/armv6-m\libgcc.a(_dvmd_tls.o)
                0x00002abc                __aeabi_idiv0
                0x00002abc                __aeabi_ldiv0
 .text.__errno  0x00002ac0        0xc c:/program files (x86)/cypress/psoc creator/4.4/psoc creator/import/gnu/arm/5.4.1/bin/../lib/gcc/arm-none-eabi/5.4.1/../../../../arm-none-eabi/lib/armv6-m\libg_nano.a(lib_a-errno.o)
                0x00002ac0                __errno
 .text.__libc_init_array
                0x00002acc       0x4c c:/program files (x86)/cypress/psoc creator/4.4/psoc creator/import/gnu/arm/5.4.1/bin/../lib/gcc/arm-none-eabi/5.4.1/../../../../arm-none-eabi/lib/armv6-m\libg_nano.a(lib_a-init.o)
                0x00002acc                __libc_init_array
 .text.memcpy   0x00002b18       0x12 c:/program files (x86)/cypress/psoc creator/4.4/psoc creator/import/gnu/arm/5.4.1/bin/../lib/gcc/arm-none-eabi/5.4.1/../../../../arm-none-eabi/lib/armv6-m\libg_nano.a(lib_a-memcpy-stub.o)
                0x00002b18                memcpy
 .text.memset   0x00002b2a       0x10 c:/program files (x86)/cypress/psoc creator/4.4/psoc creator/import/gnu/arm/5.4.1/bin/../lib/gcc/arm-none-eabi/5.4.1/../../../../arm-none-eabi/lib/armv6-m\libg_nano.a(lib_a-memset.o)
                0x00002b2a                memset
 *(.plt)
 *(.gnu.warning)
 *(.glue_7t)
 .glue_7t       0x00002b3a        0x0 linker stubs
 *(.glue_7)
 .glue_7        0x00002b3a        0x0 linker stubs
 *(.vfp11_veneer)
 .vfp11_veneer  0x00002b3a        0x0 linker stubs
 *(.bootloader)
 *(.ARM.extab* .gnu.linkonce.armextab.*)
 *(.gcc_except_table)

.v4_bx          0x00002b3c        0x0
 .v4_bx         0x00002b3c        0x0 linker stubs

.iplt           0x00002b3c        0x0
 .iplt          0x00002b3c        0x0 c:/program files (x86)/cypress/psoc creator/4.4/psoc creator/import/gnu/arm/5.4.1/bin/../lib/gcc/arm-none-eabi/5.4.1/armv6-m/crtbegin.o

.eh_frame_hdr
 *(.eh_frame_hdr)

.eh_frame       0x00002b3c        0x4
 *(.eh_frame)
 .eh_frame      0x00002b3c        0x0 c:/program files (x86)/cypress/psoc creator/4.4/psoc creator/import/gnu/arm/5.4.1/bin/../lib/gcc/arm-none-eabi/5.4.1/armv6-m/crtbegin.o
 .eh_frame      0x00002b3c        0x4 c:/program files (x86)/cypress/psoc creator/4.4/psoc creator/import/gnu/arm/5.4.1/bin/../lib/gcc/arm-none-eabi/5.4.1/armv6-m/crtend.o
                [!provide]                PROVIDE (__exidx_start, .)

.ARM.exidx
 *(.ARM.exidx* .gnu.linkonce.armexidx.*)
                0x00002b40                __exidx_end = .

.rodata         0x00002b40      0xb30
 *(.rodata .rodata.* .gnu.linkonce.r.*)
 .rodata        0x00002b40      0xac4 .\CortexM0p\ARM_GCC_541\Debug\cy8c4025-34channel-touch.a(CapSense_Structure.o)
                0x00002b40                CapSense_ramIdacInit
                0x00002b64                CapSense_dsFlash
                0x00002fa4                CapSense_ramWidgetInit
                0x0000324c                CapSense_ioList
 .rodata        0x00003604       0x31 .\CortexM0p\ARM_GCC_541\Debug\cy8c4025-34channel-touch.a(CapSense_Sensing.o)
                0x00003604                CapSense_idacGainTable
                0x00003634                CapSense_scanFreqIndex
 .rodata.str1.1
                0x00003635        0x2 c:/program files (x86)/cypress/psoc creator/4.4/psoc creator/import/gnu/arm/5.4.1/bin/../lib/gcc/arm-none-eabi/5.4.1/../../../../arm-none-eabi/lib/armv6-m\libg_nano.a(lib_a-impure.o)
                0x00003638                . = ALIGN (0x4)
 *fill*         0x00003637        0x1 
 *(.init)
 .init          0x00003638        0x4 c:/program files (x86)/cypress/psoc creator/4.4/psoc creator/import/gnu/arm/5.4.1/bin/../lib/gcc/arm-none-eabi/5.4.1/armv6-m/crti.o
                0x00003638                _init
 .init          0x0000363c        0x8 c:/program files (x86)/cypress/psoc creator/4.4/psoc creator/import/gnu/arm/5.4.1/bin/../lib/gcc/arm-none-eabi/5.4.1/armv6-m/crtn.o
                0x00003644                . = ALIGN (0x4)
                0x00003644                __preinit_array_start = .
 *(.preinit_array)
                0x00003644                __preinit_array_end = .
                0x00003644                . = ALIGN (0x4)
                0x00003644                __init_array_start = .
 *(SORT(.init_array.*))
 *(.init_array)
 .init_array    0x00003644        0x4 c:/program files (x86)/cypress/psoc creator/4.4/psoc creator/import/gnu/arm/5.4.1/bin/../lib/gcc/arm-none-eabi/5.4.1/armv6-m/crtbegin.o
 .init_array    0x00003648        0x4 .\CortexM0p\ARM_GCC_541\Debug\Cm0plusStart.o
                0x0000364c                __init_array_end = .
                0x0000364c                . = ALIGN (0x4)
 *(.fini)
 .fini          0x0000364c        0x4 c:/program files (x86)/cypress/psoc creator/4.4/psoc creator/import/gnu/arm/5.4.1/bin/../lib/gcc/arm-none-eabi/5.4.1/armv6-m/crti.o
                0x0000364c                _fini
 .fini          0x00003650        0x8 c:/program files (x86)/cypress/psoc creator/4.4/psoc creator/import/gnu/arm/5.4.1/bin/../lib/gcc/arm-none-eabi/5.4.1/armv6-m/crtn.o
                0x00003658                . = ALIGN (0x4)
                0x00003658                __fini_array_start = .
 *(.fini_array)
 .fini_array    0x00003658        0x4 c:/program files (x86)/cypress/psoc creator/4.4/psoc creator/import/gnu/arm/5.4.1/bin/../lib/gcc/arm-none-eabi/5.4.1/armv6-m/crtbegin.o
 *(SORT(.fini_array.*))
                0x0000365c                __fini_array_end = .
                0x0000365c                . = ALIGN (0x4)
 *crtbegin.o(.ctors)
 *(EXCLUDE_FILE(*crtend.o) .ctors)
 *(SORT(.ctors.*))
 *crtend.o(.ctors)
                0x0000365c                . = ALIGN (0x4)
 *crtbegin.o(.dtors)
 *(EXCLUDE_FILE(*crtend.o) .dtors)
 *(SORT(.dtors.*))
 *crtend.o(.dtors)
                0x0000365c                . = ALIGN (0x4)
                0x0000365c                __cy_regions = .
                0x0000365c        0x4 LONG 0x3670 __cy_region_init_ram
                0x00003660        0x4 LONG 0x20000080 __cy_region_start_data
                0x00003664        0x4 LONG 0x88 __cy_region_init_size_ram
                0x00003668        0x4 LONG 0x840 __cy_region_zero_size_ram
                0x0000366c                __cy_regions_end = .
                0x00003670                . = ALIGN (0x8)
 *fill*         0x0000366c        0x4 
                0x00003670                _etext = .

.cy_checksum_exclude
                0x00003670        0x0
 *(.cy_checksum_exclude)

.ramvectors     0x20000000       0x80
                0x20000000                __cy_region_start_ram = .
 *(.ramvectors)
 .ramvectors    0x20000000       0x80 .\CortexM0p\ARM_GCC_541\Debug\Cm0plusStart.o
                0x20000000                CyRamVectors

.noinit
 *(.noinit)

.data           0x20000080       0x88 load address 0x00003670
                0x20000080                __cy_region_start_data = .
 *(.jcr)
 .jcr           0x20000080        0x0 c:/program files (x86)/cypress/psoc creator/4.4/psoc creator/import/gnu/arm/5.4.1/bin/../lib/gcc/arm-none-eabi/5.4.1/armv6-m/crtbegin.o
 .jcr           0x20000080        0x4 c:/program files (x86)/cypress/psoc creator/4.4/psoc creator/import/gnu/arm/5.4.1/bin/../lib/gcc/arm-none-eabi/5.4.1/armv6-m/crtend.o
 *(.got.plt)
 *(.got)
 *(.shdata)
 *(.data .data.* .gnu.linkonce.d.*)
 .data          0x20000084        0x4 .\CortexM0p\ARM_GCC_541\Debug\main.o
                0x20000084                watchdogMatchValue
 .data          0x20000088       0x14 .\CortexM0p\ARM_GCC_541\Debug\cy8c4025-34channel-touch.a(CyLib.o)
                0x20000088                CySysClkPumpConfig
                0x2000008c                cydelay32kMs
                0x20000090                cydelayFreqKhz
                0x20000094                cydelayFreqMhz
                0x20000098                cydelayFreqHz
 .data          0x2000009c        0x4 .\CortexM0p\ARM_GCC_541\Debug\cy8c4025-34channel-touch.a(CapSense_SensingCSD_LL.o)
                0x2000009c                CapSense_configCsd
 .data.impure_data
                0x200000a0       0x60 c:/program files (x86)/cypress/psoc creator/4.4/psoc creator/import/gnu/arm/5.4.1/bin/../lib/gcc/arm-none-eabi/5.4.1/../../../../arm-none-eabi/lib/armv6-m\libg_nano.a(lib_a-impure.o)
 .data._impure_ptr
                0x20000100        0x4 c:/program files (x86)/cypress/psoc creator/4.4/psoc creator/import/gnu/arm/5.4.1/bin/../lib/gcc/arm-none-eabi/5.4.1/../../../../arm-none-eabi/lib/armv6-m\libg_nano.a(lib_a-impure.o)
                0x20000100                _impure_ptr
                0x20000108                . = ALIGN (0x8)
 *fill*         0x20000104        0x4 
 *(.ram)
                0x20000108                _edata = .

.igot.plt       0x20000108        0x0 load address 0x000036f8
 .igot.plt      0x20000108        0x0 c:/program files (x86)/cypress/psoc creator/4.4/psoc creator/import/gnu/arm/5.4.1/bin/../lib/gcc/arm-none-eabi/5.4.1/armv6-m/crtbegin.o

.bss            0x20000108      0x840 load address 0x000036f8
                0x20000108                PROVIDE (__bss_start__, .)
 *(.shbss)
 *(.bss .bss.* .gnu.linkonce.b.*)
 .bss           0x20000108       0x1c c:/program files (x86)/cypress/psoc creator/4.4/psoc creator/import/gnu/arm/5.4.1/bin/../lib/gcc/arm-none-eabi/5.4.1/armv6-m/crtbegin.o
 .bss           0x20000124       0x10 .\CortexM0p\ARM_GCC_541\Debug\main.o
                0x20000124                interruptState
                0x20000128                wdtInterruptOccured
                0x2000012c                wdtMatchValFastMode
                0x20000130                wdtMatchValSlowMode
 .bss           0x20000134        0x4 .\CortexM0p\ARM_GCC_541\Debug\cy8c4025-34channel-touch.a(UART_1.o)
                0x20000134                UART_1_initVar
                0x20000136                UART_1_IntrTxMask
 .bss           0x20000138        0x8 .\CortexM0p\ARM_GCC_541\Debug\cy8c4025-34channel-touch.a(CyLFClk.o)
 .bss           0x20000140        0x1 .\CortexM0p\ARM_GCC_541\Debug\cy8c4025-34channel-touch.a(CapSense_Control.o)
 *fill*         0x20000141        0x3 
 .bss           0x20000144      0x32d .\CortexM0p\ARM_GCC_541\Debug\cy8c4025-34channel-touch.a(CapSense_Structure.o)
 *fill*         0x20000471        0x3 
 .bss           0x20000474        0x4 .\CortexM0p\ARM_GCC_541\Debug\cy8c4025-34channel-touch.a(CapSense_Tuner.o)
 .bss           0x20000478        0x4 .\CortexM0p\ARM_GCC_541\Debug\cy8c4025-34channel-touch.a(CapSense_Sensing.o)
                0x20000478                CapSense_currentSenseMethod
                0x20000479                CapSense_requestScanAllWidget
                0x2000047a                CapSense_widgetIndex
                0x2000047b                CapSense_sensorIndex
 .bss           0x2000047c        0x1 .\CortexM0p\ARM_GCC_541\Debug\cy8c4025-34channel-touch.a(CapSense_SensingCSD_LL.o)
 *(COMMON)
 *fill*         0x2000047d        0x3 
 COMMON         0x20000480       0x70 .\CortexM0p\ARM_GCC_541\Debug\main.o
                0x20000480                Touch
                0x200004c8                resolution_zoom_map
                0x200004ec                vofa1
 COMMON         0x200004f0      0x44c .\CortexM0p\ARM_GCC_541\Debug\cy8c4025-34channel-touch.a(CapSense_Structure.o)
                0x200004f0                CapSense_dsRam
 COMMON         0x2000093c        0x8 .\CortexM0p\ARM_GCC_541\Debug\cy8c4025-34channel-touch.a(CapSense_Sensing.o)
                0x2000093c                CapSense_curRamSnsPtr
                0x20000940                CapSense_curSnsIOPtr
                0x20000948                . = ALIGN (0x8)
 *fill*         0x20000944        0x4 
 *(.ram.b)
                0x20000948                _end = .
                0x20000948                __end = .
                0x20000948                PROVIDE (end, .)
                0x20000948                PROVIDE (__bss_end__, .)
                0x00003670                __cy_region_init_ram = LOADADDR (.data)
                0x00000088                __cy_region_init_size_ram = (_edata - ADDR (.data))
                0x00000840                __cy_region_zero_size_ram = (_end - _edata)

.heap           0x20000948       0x80 load address 0x000036f8
                0x20000948                . = _end
                0x200009c8                . = (. + 0x80)
 *fill*         0x20000948       0x80 
                0x200009c8                __cy_heap_limit = .

.stack          0x20000c00      0x400
                0x20000c00                __cy_stack_limit = .
                0x20001000                . = (. + 0x400)
 *fill*         0x20000c00      0x400 
                0x00000001                ASSERT ((__cy_stack_limit >= __cy_heap_limit), region RAM overflowed with stack)
                0x00000000                cy_checksum_exclude_size = (CY_APPL_LOADABLE == 0x1)?SIZEOF (.cy_checksum_exclude):0x0
                0x00000001                ASSERT ((cy_checksum_exclude_size <= CY_CHECKSUM_EXCLUDE_SIZE), CY_BOOT: Section .cy_checksum_exclude size exceedes specified limit.)
                0x00007fc0                cyloadermeta_start = (cy_project_type_bootloader || cy_project_type_app_for_stack_and_copier)?(LENGTH (rom) - CY_METADATA_SIZE):0xf0000000

.cyloadermeta
 *(.cyloadermeta)
                0x00007fc0                cyloadablemeta_start = cy_project_type_app_for_stack_and_copier?((LENGTH (rom) - CY_FLASH_ROW_SIZE) - CY_METADATA_SIZE):((LENGTH (rom) - (CY_FLASH_ROW_SIZE * (CY_APPL_NUM - 0x1))) - CY_METADATA_SIZE)

.cyloadablemeta
 *(.cyloadablemeta)

.cyflashprotect
                0x90400000       0x20
 *(.cyflashprotect)
 .cyflashprotect
                0x90400000       0x20 .\CortexM0p\ARM_GCC_541\Debug\cymetadata.o
                0x90400000                cy_meta_flashprotect

.cymeta         0x90500000        0xc
 *(.cymeta)
 .cymeta        0x90500000        0xc .\CortexM0p\ARM_GCC_541\Debug\cymetadata.o
                0x90500000                cy_metadata

.cychipprotect  0x90600000        0x1
 *(.cychipprotect)
 .cychipprotect
                0x90600000        0x1 .\CortexM0p\ARM_GCC_541\Debug\cymetadata.o
                0x90600000                cy_meta_chipprotect

.rel.dyn        0x000036f8        0x0 load address 0x90600004
 .rel.iplt      0x000036f8        0x0 c:/program files (x86)/cypress/psoc creator/4.4/psoc creator/import/gnu/arm/5.4.1/bin/../lib/gcc/arm-none-eabi/5.4.1/armv6-m/crtbegin.o

.stab
 *(.stab)

.stabstr
 *(.stabstr)

.debug
 *(.debug)

.line
 *(.line)

.debug_srcinfo
 *(.debug_srcinfo)

.debug_sfnames
 *(.debug_sfnames)

.debug_aranges  0x00000000      0x9e0
 *(.debug_aranges)
 .debug_aranges
                0x00000000       0x40 .\CortexM0p\ARM_GCC_541\Debug\main.o
 .debug_aranges
                0x00000040       0x38 .\CortexM0p\ARM_GCC_541\Debug\cyfitter_cfg.o
 .debug_aranges
                0x00000078       0x18 .\CortexM0p\ARM_GCC_541\Debug\cymetadata.o
 .debug_aranges
                0x00000090       0x48 .\CortexM0p\ARM_GCC_541\Debug\Cm0plusStart.o
 .debug_aranges
                0x000000d8       0x58 .\CortexM0p\ARM_GCC_541\Debug\cy8c4025-34channel-touch.a(UART_1.o)
 .debug_aranges
                0x00000130       0x48 .\CortexM0p\ARM_GCC_541\Debug\cy8c4025-34channel-touch.a(UART_1_SPI_UART.o)
 .debug_aranges
                0x00000178       0x70 .\CortexM0p\ARM_GCC_541\Debug\cy8c4025-34channel-touch.a(UART_1_UART.o)
 .debug_aranges
                0x000001e8      0x190 .\CortexM0p\ARM_GCC_541\Debug\cy8c4025-34channel-touch.a(CyLib.o)
 .debug_aranges
                0x00000378       0x30 .\CortexM0p\ARM_GCC_541\Debug\cy8c4025-34channel-touch.a(cyPm.o)
 .debug_aranges
                0x000003a8       0xd8 .\CortexM0p\ARM_GCC_541\Debug\cy8c4025-34channel-touch.a(CyLFClk.o)
 .debug_aranges
                0x00000480       0x68 .\CortexM0p\ARM_GCC_541\Debug\cy8c4025-34channel-touch.a(CapSense_Control.o)
 .debug_aranges
                0x000004e8       0x50 .\CortexM0p\ARM_GCC_541\Debug\cy8c4025-34channel-touch.a(CapSense_Processing.o)
 .debug_aranges
                0x00000538       0x50 .\CortexM0p\ARM_GCC_541\Debug\cy8c4025-34channel-touch.a(CapSense_Structure.o)
 .debug_aranges
                0x00000588       0x28 .\CortexM0p\ARM_GCC_541\Debug\cy8c4025-34channel-touch.a(CapSense_Tuner.o)
 .debug_aranges
                0x000005b0       0xe8 .\CortexM0p\ARM_GCC_541\Debug\cy8c4025-34channel-touch.a(CapSense_Filter.o)
 .debug_aranges
                0x00000698      0x100 .\CortexM0p\ARM_GCC_541\Debug\cy8c4025-34channel-touch.a(CapSense_Sensing.o)
 .debug_aranges
                0x00000798       0xd0 .\CortexM0p\ARM_GCC_541\Debug\cy8c4025-34channel-touch.a(CapSense_SensingCSD_LL.o)
 .debug_aranges
                0x00000868       0x80 .\CortexM0p\ARM_GCC_541\Debug\cy8c4025-34channel-touch.a(CapSense_ISR.o)
 .debug_aranges
                0x000008e8       0x20 .\CortexM0p\ARM_GCC_541\Debug\cy8c4025-34channel-touch.a(CyBootAsmGnu.o)
 .debug_aranges
                0x00000908       0x48 .\CortexM0p\ARM_GCC_541\Debug\cy8c4025-34channel-touch.a(CyFlash.o)
 .debug_aranges
                0x00000950       0x38 .\CortexM0p\ARM_GCC_541\Debug\cy8c4025-34channel-touch.a(CapSense_INT.o)
 .debug_aranges
                0x00000988       0x28 C:\Program Files (x86)\Cypress\PSoC Creator\4.4\PSoC Creator\psoc\content\CyComponentLibrary\CyComponentLibrary.cylib\CapSense_P4_v7_0\PSoC4\Library\Capsense_P4Library_GCCp.a(CapSense_SmartSense_LL.o)
 .debug_aranges
                0x000009b0       0x30 C:\Program Files (x86)\Cypress\PSoC Creator\4.4\PSoC Creator\psoc\content\CyComponentLibrary\CyComponentLibrary.cylib\CapSense_P4_v7_0\PSoC4\Library\Capsense_P4Library_GCCp.a(CapSense_SmartSense_SL.o)

.debug_pubnames
 *(.debug_pubnames)

.debug_info     0x00000000     0xc56f
 *(.debug_info .gnu.linkonce.wi.*)
 .debug_info    0x00000000     0x12fc .\CortexM0p\ARM_GCC_541\Debug\main.o
 .debug_info    0x000012fc      0x168 .\CortexM0p\ARM_GCC_541\Debug\cyfitter_cfg.o
 .debug_info    0x00001464       0xf8 .\CortexM0p\ARM_GCC_541\Debug\cymetadata.o
 .debug_info    0x0000155c      0x3a5 .\CortexM0p\ARM_GCC_541\Debug\Cm0plusStart.o
 .debug_info    0x00001901      0x23a .\CortexM0p\ARM_GCC_541\Debug\cy8c4025-34channel-touch.a(UART_1.o)
 .debug_info    0x00001b3b      0x1bf .\CortexM0p\ARM_GCC_541\Debug\cy8c4025-34channel-touch.a(UART_1_SPI_UART.o)
 .debug_info    0x00001cfa      0x2b7 .\CortexM0p\ARM_GCC_541\Debug\cy8c4025-34channel-touch.a(UART_1_UART.o)
 .debug_info    0x00001fb1      0xbce .\CortexM0p\ARM_GCC_541\Debug\cy8c4025-34channel-touch.a(CyLib.o)
 .debug_info    0x00002b7f      0x1b5 .\CortexM0p\ARM_GCC_541\Debug\cy8c4025-34channel-touch.a(cyPm.o)
 .debug_info    0x00002d34      0x444 .\CortexM0p\ARM_GCC_541\Debug\cy8c4025-34channel-touch.a(CyLFClk.o)
 .debug_info    0x00003178      0xe05 .\CortexM0p\ARM_GCC_541\Debug\cy8c4025-34channel-touch.a(CapSense_Control.o)
 .debug_info    0x00003f7d      0xfb1 .\CortexM0p\ARM_GCC_541\Debug\cy8c4025-34channel-touch.a(CapSense_Processing.o)
 .debug_info    0x00004f2e     0x158a .\CortexM0p\ARM_GCC_541\Debug\cy8c4025-34channel-touch.a(CapSense_Structure.o)
 .debug_info    0x000064b8      0xa0a .\CortexM0p\ARM_GCC_541\Debug\cy8c4025-34channel-touch.a(CapSense_Tuner.o)
 .debug_info    0x00006ec2      0xfa8 .\CortexM0p\ARM_GCC_541\Debug\cy8c4025-34channel-touch.a(CapSense_Filter.o)
 .debug_info    0x00007e6a     0x1882 .\CortexM0p\ARM_GCC_541\Debug\cy8c4025-34channel-touch.a(CapSense_Sensing.o)
 .debug_info    0x000096ec     0x16a6 .\CortexM0p\ARM_GCC_541\Debug\cy8c4025-34channel-touch.a(CapSense_SensingCSD_LL.o)
 .debug_info    0x0000ad92      0x305 .\CortexM0p\ARM_GCC_541\Debug\cy8c4025-34channel-touch.a(CapSense_ISR.o)
 .debug_info    0x0000b097       0x9e .\CortexM0p\ARM_GCC_541\Debug\cy8c4025-34channel-touch.a(CyBootAsmGnu.o)
 .debug_info    0x0000b135      0x417 .\CortexM0p\ARM_GCC_541\Debug\cy8c4025-34channel-touch.a(CyFlash.o)
 .debug_info    0x0000b54c      0xb73 .\CortexM0p\ARM_GCC_541\Debug\cy8c4025-34channel-touch.a(CapSense_INT.o)
 .debug_info    0x0000c0bf      0x25c C:\Program Files (x86)\Cypress\PSoC Creator\4.4\PSoC Creator\psoc\content\CyComponentLibrary\CyComponentLibrary.cylib\CapSense_P4_v7_0\PSoC4\Library\Capsense_P4Library_GCCp.a(CapSense_SmartSense_LL.o)
 .debug_info    0x0000c31b      0x254 C:\Program Files (x86)\Cypress\PSoC Creator\4.4\PSoC Creator\psoc\content\CyComponentLibrary\CyComponentLibrary.cylib\CapSense_P4_v7_0\PSoC4\Library\Capsense_P4Library_GCCp.a(CapSense_SmartSense_SL.o)

.debug_abbrev   0x00000000     0x2244
 *(.debug_abbrev)
 .debug_abbrev  0x00000000      0x213 .\CortexM0p\ARM_GCC_541\Debug\main.o
 .debug_abbrev  0x00000213       0xdb .\CortexM0p\ARM_GCC_541\Debug\cyfitter_cfg.o
 .debug_abbrev  0x000002ee       0x5d .\CortexM0p\ARM_GCC_541\Debug\cymetadata.o
 .debug_abbrev  0x0000034b      0x1d0 .\CortexM0p\ARM_GCC_541\Debug\Cm0plusStart.o
 .debug_abbrev  0x0000051b       0xd5 .\CortexM0p\ARM_GCC_541\Debug\cy8c4025-34channel-touch.a(UART_1.o)
 .debug_abbrev  0x000005f0       0xfd .\CortexM0p\ARM_GCC_541\Debug\cy8c4025-34channel-touch.a(UART_1_SPI_UART.o)
 .debug_abbrev  0x000006ed      0x116 .\CortexM0p\ARM_GCC_541\Debug\cy8c4025-34channel-touch.a(UART_1_UART.o)
 .debug_abbrev  0x00000803      0x1f5 .\CortexM0p\ARM_GCC_541\Debug\cy8c4025-34channel-touch.a(CyLib.o)
 .debug_abbrev  0x000009f8       0xd0 .\CortexM0p\ARM_GCC_541\Debug\cy8c4025-34channel-touch.a(cyPm.o)
 .debug_abbrev  0x00000ac8      0x1af .\CortexM0p\ARM_GCC_541\Debug\cy8c4025-34channel-touch.a(CyLFClk.o)
 .debug_abbrev  0x00000c77      0x227 .\CortexM0p\ARM_GCC_541\Debug\cy8c4025-34channel-touch.a(CapSense_Control.o)
 .debug_abbrev  0x00000e9e      0x1de .\CortexM0p\ARM_GCC_541\Debug\cy8c4025-34channel-touch.a(CapSense_Processing.o)
 .debug_abbrev  0x0000107c      0x22c .\CortexM0p\ARM_GCC_541\Debug\cy8c4025-34channel-touch.a(CapSense_Structure.o)
 .debug_abbrev  0x000012a8      0x182 .\CortexM0p\ARM_GCC_541\Debug\cy8c4025-34channel-touch.a(CapSense_Tuner.o)
 .debug_abbrev  0x0000142a      0x263 .\CortexM0p\ARM_GCC_541\Debug\cy8c4025-34channel-touch.a(CapSense_Filter.o)
 .debug_abbrev  0x0000168d      0x257 .\CortexM0p\ARM_GCC_541\Debug\cy8c4025-34channel-touch.a(CapSense_Sensing.o)
 .debug_abbrev  0x000018e4      0x296 .\CortexM0p\ARM_GCC_541\Debug\cy8c4025-34channel-touch.a(CapSense_SensingCSD_LL.o)
 .debug_abbrev  0x00001b7a      0x19a .\CortexM0p\ARM_GCC_541\Debug\cy8c4025-34channel-touch.a(CapSense_ISR.o)
 .debug_abbrev  0x00001d14       0x14 .\CortexM0p\ARM_GCC_541\Debug\cy8c4025-34channel-touch.a(CyBootAsmGnu.o)
 .debug_abbrev  0x00001d28      0x19e .\CortexM0p\ARM_GCC_541\Debug\cy8c4025-34channel-touch.a(CyFlash.o)
 .debug_abbrev  0x00001ec6      0x194 .\CortexM0p\ARM_GCC_541\Debug\cy8c4025-34channel-touch.a(CapSense_INT.o)
 .debug_abbrev  0x0000205a      0x124 C:\Program Files (x86)\Cypress\PSoC Creator\4.4\PSoC Creator\psoc\content\CyComponentLibrary\CyComponentLibrary.cylib\CapSense_P4_v7_0\PSoC4\Library\Capsense_P4Library_GCCp.a(CapSense_SmartSense_LL.o)
 .debug_abbrev  0x0000217e       0xc6 C:\Program Files (x86)\Cypress\PSoC Creator\4.4\PSoC Creator\psoc\content\CyComponentLibrary\CyComponentLibrary.cylib\CapSense_P4_v7_0\PSoC4\Library\Capsense_P4Library_GCCp.a(CapSense_SmartSense_SL.o)

.debug_line     0x00000000     0x31b6
 *(.debug_line)
 .debug_line    0x00000000      0x425 .\CortexM0p\ARM_GCC_541\Debug\main.o
 .debug_line    0x00000425       0xbd .\CortexM0p\ARM_GCC_541\Debug\cyfitter_cfg.o
 .debug_line    0x000004e2      0x141 .\CortexM0p\ARM_GCC_541\Debug\cymetadata.o
 .debug_line    0x00000623      0x247 .\CortexM0p\ARM_GCC_541\Debug\Cm0plusStart.o
 .debug_line    0x0000086a      0x10c .\CortexM0p\ARM_GCC_541\Debug\cy8c4025-34channel-touch.a(UART_1.o)
 .debug_line    0x00000976       0xe0 .\CortexM0p\ARM_GCC_541\Debug\cy8c4025-34channel-touch.a(UART_1_SPI_UART.o)
 .debug_line    0x00000a56      0x178 .\CortexM0p\ARM_GCC_541\Debug\cy8c4025-34channel-touch.a(UART_1_UART.o)
 .debug_line    0x00000bce      0x4dc .\CortexM0p\ARM_GCC_541\Debug\cy8c4025-34channel-touch.a(CyLib.o)
 .debug_line    0x000010aa       0xa4 .\CortexM0p\ARM_GCC_541\Debug\cy8c4025-34channel-touch.a(cyPm.o)
 .debug_line    0x0000114e      0x284 .\CortexM0p\ARM_GCC_541\Debug\cy8c4025-34channel-touch.a(CyLFClk.o)
 .debug_line    0x000013d2      0x245 .\CortexM0p\ARM_GCC_541\Debug\cy8c4025-34channel-touch.a(CapSense_Control.o)
 .debug_line    0x00001617      0x33c .\CortexM0p\ARM_GCC_541\Debug\cy8c4025-34channel-touch.a(CapSense_Processing.o)
 .debug_line    0x00001953      0x1dd .\CortexM0p\ARM_GCC_541\Debug\cy8c4025-34channel-touch.a(CapSense_Structure.o)
 .debug_line    0x00001b30      0x138 .\CortexM0p\ARM_GCC_541\Debug\cy8c4025-34channel-touch.a(CapSense_Tuner.o)
 .debug_line    0x00001c68      0x38f .\CortexM0p\ARM_GCC_541\Debug\cy8c4025-34channel-touch.a(CapSense_Filter.o)
 .debug_line    0x00001ff7      0x670 .\CortexM0p\ARM_GCC_541\Debug\cy8c4025-34channel-touch.a(CapSense_Sensing.o)
 .debug_line    0x00002667      0x4e6 .\CortexM0p\ARM_GCC_541\Debug\cy8c4025-34channel-touch.a(CapSense_SensingCSD_LL.o)
 .debug_line    0x00002b4d      0x158 .\CortexM0p\ARM_GCC_541\Debug\cy8c4025-34channel-touch.a(CapSense_ISR.o)
 .debug_line    0x00002ca5       0x68 .\CortexM0p\ARM_GCC_541\Debug\cy8c4025-34channel-touch.a(CyBootAsmGnu.o)
 .debug_line    0x00002d0d      0x1e1 .\CortexM0p\ARM_GCC_541\Debug\cy8c4025-34channel-touch.a(CyFlash.o)
 .debug_line    0x00002eee      0x151 .\CortexM0p\ARM_GCC_541\Debug\cy8c4025-34channel-touch.a(CapSense_INT.o)
 .debug_line    0x0000303f       0xa0 C:\Program Files (x86)\Cypress\PSoC Creator\4.4\PSoC Creator\psoc\content\CyComponentLibrary\CyComponentLibrary.cylib\CapSense_P4_v7_0\PSoC4\Library\Capsense_P4Library_GCCp.a(CapSense_SmartSense_LL.o)
 .debug_line    0x000030df       0xd7 C:\Program Files (x86)\Cypress\PSoC Creator\4.4\PSoC Creator\psoc\content\CyComponentLibrary\CyComponentLibrary.cylib\CapSense_P4_v7_0\PSoC4\Library\Capsense_P4Library_GCCp.a(CapSense_SmartSense_SL.o)

.debug_frame    0x00000000     0x1b04
 *(.debug_frame)
 .debug_frame   0x00000000       0xa4 .\CortexM0p\ARM_GCC_541\Debug\main.o
 .debug_frame   0x000000a4       0x74 .\CortexM0p\ARM_GCC_541\Debug\cyfitter_cfg.o
 .debug_frame   0x00000118       0xbc .\CortexM0p\ARM_GCC_541\Debug\Cm0plusStart.o
 .debug_frame   0x000001d4       0xd8 .\CortexM0p\ARM_GCC_541\Debug\cy8c4025-34channel-touch.a(UART_1.o)
 .debug_frame   0x000002ac       0x80 .\CortexM0p\ARM_GCC_541\Debug\cy8c4025-34channel-touch.a(UART_1_SPI_UART.o)
 .debug_frame   0x0000032c       0xec .\CortexM0p\ARM_GCC_541\Debug\cy8c4025-34channel-touch.a(UART_1_UART.o)
 .debug_frame   0x00000418      0x418 .\CortexM0p\ARM_GCC_541\Debug\cy8c4025-34channel-touch.a(CyLib.o)
 .debug_frame   0x00000830       0x58 .\CortexM0p\ARM_GCC_541\Debug\cy8c4025-34channel-touch.a(cyPm.o)
 .debug_frame   0x00000888      0x1dc .\CortexM0p\ARM_GCC_541\Debug\cy8c4025-34channel-touch.a(CyLFClk.o)
 .debug_frame   0x00000a64      0x130 .\CortexM0p\ARM_GCC_541\Debug\cy8c4025-34channel-touch.a(CapSense_Control.o)
 .debug_frame   0x00000b94      0x108 .\CortexM0p\ARM_GCC_541\Debug\cy8c4025-34channel-touch.a(CapSense_Processing.o)
 .debug_frame   0x00000c9c       0xc0 .\CortexM0p\ARM_GCC_541\Debug\cy8c4025-34channel-touch.a(CapSense_Structure.o)
 .debug_frame   0x00000d5c       0x40 .\CortexM0p\ARM_GCC_541\Debug\cy8c4025-34channel-touch.a(CapSense_Tuner.o)
 .debug_frame   0x00000d9c      0x344 .\CortexM0p\ARM_GCC_541\Debug\cy8c4025-34channel-touch.a(CapSense_Filter.o)
 .debug_frame   0x000010e0      0x35c .\CortexM0p\ARM_GCC_541\Debug\cy8c4025-34channel-touch.a(CapSense_Sensing.o)
 .debug_frame   0x0000143c      0x308 .\CortexM0p\ARM_GCC_541\Debug\cy8c4025-34channel-touch.a(CapSense_SensingCSD_LL.o)
 .debug_frame   0x00001744      0x110 .\CortexM0p\ARM_GCC_541\Debug\cy8c4025-34channel-touch.a(CapSense_ISR.o)
 .debug_frame   0x00001854       0xa8 .\CortexM0p\ARM_GCC_541\Debug\cy8c4025-34channel-touch.a(CyFlash.o)
 .debug_frame   0x000018fc       0x78 .\CortexM0p\ARM_GCC_541\Debug\cy8c4025-34channel-touch.a(CapSense_INT.o)
 .debug_frame   0x00001974       0x5c C:\Program Files (x86)\Cypress\PSoC Creator\4.4\PSoC Creator\psoc\content\CyComponentLibrary\CyComponentLibrary.cylib\CapSense_P4_v7_0\PSoC4\Library\Capsense_P4Library_GCCp.a(CapSense_SmartSense_LL.o)
 .debug_frame   0x000019d0       0x58 C:\Program Files (x86)\Cypress\PSoC Creator\4.4\PSoC Creator\psoc\content\CyComponentLibrary\CyComponentLibrary.cylib\CapSense_P4_v7_0\PSoC4\Library\Capsense_P4Library_GCCp.a(CapSense_SmartSense_SL.o)
 .debug_frame   0x00001a28       0x20 c:/program files (x86)/cypress/psoc creator/4.4/psoc creator/import/gnu/arm/5.4.1/bin/../lib/gcc/arm-none-eabi/5.4.1/armv6-m\libgcc.a(_udivsi3.o)
 .debug_frame   0x00001a48       0x20 c:/program files (x86)/cypress/psoc creator/4.4/psoc creator/import/gnu/arm/5.4.1/bin/../lib/gcc/arm-none-eabi/5.4.1/../../../../arm-none-eabi/lib/armv6-m\libg_nano.a(lib_a-errno.o)
 .debug_frame   0x00001a68       0x28 c:/program files (x86)/cypress/psoc creator/4.4/psoc creator/import/gnu/arm/5.4.1/bin/../lib/gcc/arm-none-eabi/5.4.1/../../../../arm-none-eabi/lib/armv6-m\libg_nano.a(lib_a-exit.o)
 .debug_frame   0x00001a90       0x2c c:/program files (x86)/cypress/psoc creator/4.4/psoc creator/import/gnu/arm/5.4.1/bin/../lib/gcc/arm-none-eabi/5.4.1/../../../../arm-none-eabi/lib/armv6-m\libg_nano.a(lib_a-init.o)
 .debug_frame   0x00001abc       0x28 c:/program files (x86)/cypress/psoc creator/4.4/psoc creator/import/gnu/arm/5.4.1/bin/../lib/gcc/arm-none-eabi/5.4.1/../../../../arm-none-eabi/lib/armv6-m\libg_nano.a(lib_a-memcpy-stub.o)
 .debug_frame   0x00001ae4       0x20 c:/program files (x86)/cypress/psoc creator/4.4/psoc creator/import/gnu/arm/5.4.1/bin/../lib/gcc/arm-none-eabi/5.4.1/../../../../arm-none-eabi/lib/armv6-m\libg_nano.a(lib_a-memset.o)

.debug_str      0x00000000     0x3dc1
 *(.debug_str)
 .debug_str     0x00000000      0x7e3 .\CortexM0p\ARM_GCC_541\Debug\main.o
                                0x84a (size before relaxing)
 .debug_str     0x000007e3       0x91 .\CortexM0p\ARM_GCC_541\Debug\cyfitter_cfg.o
                                0x22b (size before relaxing)
 .debug_str     0x00000874       0x59 .\CortexM0p\ARM_GCC_541\Debug\cymetadata.o
                                0x1da (size before relaxing)
 .debug_str     0x000008cd      0x14e .\CortexM0p\ARM_GCC_541\Debug\Cm0plusStart.o
                                0x321 (size before relaxing)
 .debug_str     0x00000a1b      0x111 .\CortexM0p\ARM_GCC_541\Debug\cy8c4025-34channel-touch.a(UART_1.o)
                                0x2c5 (size before relaxing)
 .debug_str     0x00000b2c       0xd5 .\CortexM0p\ARM_GCC_541\Debug\cy8c4025-34channel-touch.a(UART_1_SPI_UART.o)
                                0x29a (size before relaxing)
 .debug_str     0x00000c01      0x141 .\CortexM0p\ARM_GCC_541\Debug\cy8c4025-34channel-touch.a(UART_1_UART.o)
                                0x34c (size before relaxing)
 .debug_str     0x00000d42      0x509 .\CortexM0p\ARM_GCC_541\Debug\cy8c4025-34channel-touch.a(CyLib.o)
                                0x71d (size before relaxing)
 .debug_str     0x0000124b       0x5f .\CortexM0p\ARM_GCC_541\Debug\cy8c4025-34channel-touch.a(cyPm.o)
                                0x260 (size before relaxing)
 .debug_str     0x000012aa      0x26a .\CortexM0p\ARM_GCC_541\Debug\cy8c4025-34channel-touch.a(CyLFClk.o)
                                0x4cc (size before relaxing)
 .debug_str     0x00001514      0x562 .\CortexM0p\ARM_GCC_541\Debug\cy8c4025-34channel-touch.a(CapSense_Control.o)
                                0xab7 (size before relaxing)
 .debug_str     0x00001a76      0x204 .\CortexM0p\ARM_GCC_541\Debug\cy8c4025-34channel-touch.a(CapSense_Processing.o)
                                0xa69 (size before relaxing)
 .debug_str     0x00001c7a      0xc73 .\CortexM0p\ARM_GCC_541\Debug\cy8c4025-34channel-touch.a(CapSense_Structure.o)
                               0x1461 (size before relaxing)
 .debug_str     0x000028ed      0x135 .\CortexM0p\ARM_GCC_541\Debug\cy8c4025-34channel-touch.a(CapSense_Tuner.o)
                                0x7e0 (size before relaxing)
 .debug_str     0x00002a22      0x370 .\CortexM0p\ARM_GCC_541\Debug\cy8c4025-34channel-touch.a(CapSense_Filter.o)
                                0x9e5 (size before relaxing)
 .debug_str     0x00002d92      0x7e6 .\CortexM0p\ARM_GCC_541\Debug\cy8c4025-34channel-touch.a(CapSense_Sensing.o)
                               0x1041 (size before relaxing)
 .debug_str     0x00003578      0x34f .\CortexM0p\ARM_GCC_541\Debug\cy8c4025-34channel-touch.a(CapSense_SensingCSD_LL.o)
                                0xde0 (size before relaxing)
 .debug_str     0x000038c7      0x142 .\CortexM0p\ARM_GCC_541\Debug\cy8c4025-34channel-touch.a(CapSense_ISR.o)
                                0x35e (size before relaxing)
 .debug_str     0x00003a09      0x11d .\CortexM0p\ARM_GCC_541\Debug\cy8c4025-34channel-touch.a(CyFlash.o)
                                0x334 (size before relaxing)
 .debug_str     0x00003b26       0xa4 .\CortexM0p\ARM_GCC_541\Debug\cy8c4025-34channel-touch.a(CapSense_INT.o)
                                0x863 (size before relaxing)
 .debug_str     0x00003bca      0x18a C:\Program Files (x86)\Cypress\PSoC Creator\4.4\PSoC Creator\psoc\content\CyComponentLibrary\CyComponentLibrary.cylib\CapSense_P4_v7_0\PSoC4\Library\Capsense_P4Library_GCCp.a(CapSense_SmartSense_LL.o)
                                0x2c8 (size before relaxing)
 .debug_str     0x00003d54       0x6d C:\Program Files (x86)\Cypress\PSoC Creator\4.4\PSoC Creator\psoc\content\CyComponentLibrary\CyComponentLibrary.cylib\CapSense_P4_v7_0\PSoC4\Library\Capsense_P4Library_GCCp.a(CapSense_SmartSense_SL.o)
                                0x317 (size before relaxing)

.debug_loc      0x00000000     0x4f6a
 *(.debug_loc)
 .debug_loc     0x00000000      0x142 .\CortexM0p\ARM_GCC_541\Debug\main.o
 .debug_loc     0x00000142       0x35 .\CortexM0p\ARM_GCC_541\Debug\cyfitter_cfg.o
 .debug_loc     0x00000177      0x14f .\CortexM0p\ARM_GCC_541\Debug\Cm0plusStart.o
 .debug_loc     0x000002c6       0x7e .\CortexM0p\ARM_GCC_541\Debug\cy8c4025-34channel-touch.a(UART_1.o)
 .debug_loc     0x00000344       0x77 .\CortexM0p\ARM_GCC_541\Debug\cy8c4025-34channel-touch.a(UART_1_SPI_UART.o)
 .debug_loc     0x000003bb      0x160 .\CortexM0p\ARM_GCC_541\Debug\cy8c4025-34channel-touch.a(UART_1_UART.o)
 .debug_loc     0x0000051b      0x5d9 .\CortexM0p\ARM_GCC_541\Debug\cy8c4025-34channel-touch.a(CyLib.o)
 .debug_loc     0x00000af4       0x71 .\CortexM0p\ARM_GCC_541\Debug\cy8c4025-34channel-touch.a(cyPm.o)
 .debug_loc     0x00000b65      0x354 .\CortexM0p\ARM_GCC_541\Debug\cy8c4025-34channel-touch.a(CyLFClk.o)
 .debug_loc     0x00000eb9      0x43b .\CortexM0p\ARM_GCC_541\Debug\cy8c4025-34channel-touch.a(CapSense_Control.o)
 .debug_loc     0x000012f4      0x63c .\CortexM0p\ARM_GCC_541\Debug\cy8c4025-34channel-touch.a(CapSense_Processing.o)
 .debug_loc     0x00001930      0x3bb .\CortexM0p\ARM_GCC_541\Debug\cy8c4025-34channel-touch.a(CapSense_Structure.o)
 .debug_loc     0x00001ceb      0x176 .\CortexM0p\ARM_GCC_541\Debug\cy8c4025-34channel-touch.a(CapSense_Tuner.o)
 .debug_loc     0x00001e61      0xec8 .\CortexM0p\ARM_GCC_541\Debug\cy8c4025-34channel-touch.a(CapSense_Filter.o)
 .debug_loc     0x00002d29      0xc2f .\CortexM0p\ARM_GCC_541\Debug\cy8c4025-34channel-touch.a(CapSense_Sensing.o)
 .debug_loc     0x00003958      0xe6c .\CortexM0p\ARM_GCC_541\Debug\cy8c4025-34channel-touch.a(CapSense_SensingCSD_LL.o)
 .debug_loc     0x000047c4       0x82 .\CortexM0p\ARM_GCC_541\Debug\cy8c4025-34channel-touch.a(CapSense_ISR.o)
 .debug_loc     0x00004846      0x1bd .\CortexM0p\ARM_GCC_541\Debug\cy8c4025-34channel-touch.a(CyFlash.o)
 .debug_loc     0x00004a03       0xcf .\CortexM0p\ARM_GCC_541\Debug\cy8c4025-34channel-touch.a(CapSense_INT.o)
 .debug_loc     0x00004ad2      0x2ff C:\Program Files (x86)\Cypress\PSoC Creator\4.4\PSoC Creator\psoc\content\CyComponentLibrary\CyComponentLibrary.cylib\CapSense_P4_v7_0\PSoC4\Library\Capsense_P4Library_GCCp.a(CapSense_SmartSense_LL.o)
 .debug_loc     0x00004dd1      0x199 C:\Program Files (x86)\Cypress\PSoC Creator\4.4\PSoC Creator\psoc\content\CyComponentLibrary\CyComponentLibrary.cylib\CapSense_P4_v7_0\PSoC4\Library\Capsense_P4Library_GCCp.a(CapSense_SmartSense_SL.o)

.debug_macinfo
 *(.debug_macinfo)

.debug_ranges   0x00000000      0x870
 *(.debug_ranges)
 .debug_ranges  0x00000000       0x30 .\CortexM0p\ARM_GCC_541\Debug\main.o
 .debug_ranges  0x00000030       0x28 .\CortexM0p\ARM_GCC_541\Debug\cyfitter_cfg.o
 .debug_ranges  0x00000058       0x38 .\CortexM0p\ARM_GCC_541\Debug\Cm0plusStart.o
 .debug_ranges  0x00000090       0x48 .\CortexM0p\ARM_GCC_541\Debug\cy8c4025-34channel-touch.a(UART_1.o)
 .debug_ranges  0x000000d8       0x38 .\CortexM0p\ARM_GCC_541\Debug\cy8c4025-34channel-touch.a(UART_1_SPI_UART.o)
 .debug_ranges  0x00000110       0x60 .\CortexM0p\ARM_GCC_541\Debug\cy8c4025-34channel-touch.a(UART_1_UART.o)
 .debug_ranges  0x00000170      0x180 .\CortexM0p\ARM_GCC_541\Debug\cy8c4025-34channel-touch.a(CyLib.o)
 .debug_ranges  0x000002f0       0x20 .\CortexM0p\ARM_GCC_541\Debug\cy8c4025-34channel-touch.a(cyPm.o)
 .debug_ranges  0x00000310       0xc8 .\CortexM0p\ARM_GCC_541\Debug\cy8c4025-34channel-touch.a(CyLFClk.o)
 .debug_ranges  0x000003d8       0x58 .\CortexM0p\ARM_GCC_541\Debug\cy8c4025-34channel-touch.a(CapSense_Control.o)
 .debug_ranges  0x00000430       0x40 .\CortexM0p\ARM_GCC_541\Debug\cy8c4025-34channel-touch.a(CapSense_Processing.o)
 .debug_ranges  0x00000470       0x40 .\CortexM0p\ARM_GCC_541\Debug\cy8c4025-34channel-touch.a(CapSense_Structure.o)
 .debug_ranges  0x000004b0       0x18 .\CortexM0p\ARM_GCC_541\Debug\cy8c4025-34channel-touch.a(CapSense_Tuner.o)
 .debug_ranges  0x000004c8       0xd8 .\CortexM0p\ARM_GCC_541\Debug\cy8c4025-34channel-touch.a(CapSense_Filter.o)
 .debug_ranges  0x000005a0       0xf0 .\CortexM0p\ARM_GCC_541\Debug\cy8c4025-34channel-touch.a(CapSense_Sensing.o)
 .debug_ranges  0x00000690       0xc0 .\CortexM0p\ARM_GCC_541\Debug\cy8c4025-34channel-touch.a(CapSense_SensingCSD_LL.o)
 .debug_ranges  0x00000750       0x70 .\CortexM0p\ARM_GCC_541\Debug\cy8c4025-34channel-touch.a(CapSense_ISR.o)
 .debug_ranges  0x000007c0       0x38 .\CortexM0p\ARM_GCC_541\Debug\cy8c4025-34channel-touch.a(CyFlash.o)
 .debug_ranges  0x000007f8       0x28 .\CortexM0p\ARM_GCC_541\Debug\cy8c4025-34channel-touch.a(CapSense_INT.o)
 .debug_ranges  0x00000820       0x30 C:\Program Files (x86)\Cypress\PSoC Creator\4.4\PSoC Creator\psoc\content\CyComponentLibrary\CyComponentLibrary.cylib\CapSense_P4_v7_0\PSoC4\Library\Capsense_P4Library_GCCp.a(CapSense_SmartSense_LL.o)
 .debug_ranges  0x00000850       0x20 C:\Program Files (x86)\Cypress\PSoC Creator\4.4\PSoC Creator\psoc\content\CyComponentLibrary\CyComponentLibrary.cylib\CapSense_P4_v7_0\PSoC4\Library\Capsense_P4Library_GCCp.a(CapSense_SmartSense_SL.o)

.comment        0x00000000       0x6e
 .comment       0x00000000       0x6e .\CortexM0p\ARM_GCC_541\Debug\main.o
                                 0x6f (size before relaxing)
 .comment       0x0000006e       0x6f .\CortexM0p\ARM_GCC_541\Debug\cyfitter_cfg.o
 .comment       0x0000006e       0x6f .\CortexM0p\ARM_GCC_541\Debug\cymetadata.o
 .comment       0x0000006e       0x6f .\CortexM0p\ARM_GCC_541\Debug\Cm0plusStart.o
 .comment       0x0000006e       0x6f .\CortexM0p\ARM_GCC_541\Debug\cy8c4025-34channel-touch.a(UART_1.o)
 .comment       0x0000006e       0x6f .\CortexM0p\ARM_GCC_541\Debug\cy8c4025-34channel-touch.a(UART_1_SPI_UART.o)
 .comment       0x0000006e       0x6f .\CortexM0p\ARM_GCC_541\Debug\cy8c4025-34channel-touch.a(UART_1_UART.o)
 .comment       0x0000006e       0x6f .\CortexM0p\ARM_GCC_541\Debug\cy8c4025-34channel-touch.a(CyLib.o)
 .comment       0x0000006e       0x6f .\CortexM0p\ARM_GCC_541\Debug\cy8c4025-34channel-touch.a(cyPm.o)
 .comment       0x0000006e       0x6f .\CortexM0p\ARM_GCC_541\Debug\cy8c4025-34channel-touch.a(CyLFClk.o)
 .comment       0x0000006e       0x6f .\CortexM0p\ARM_GCC_541\Debug\cy8c4025-34channel-touch.a(CapSense_Control.o)
 .comment       0x0000006e       0x6f .\CortexM0p\ARM_GCC_541\Debug\cy8c4025-34channel-touch.a(CapSense_Processing.o)
 .comment       0x0000006e       0x6f .\CortexM0p\ARM_GCC_541\Debug\cy8c4025-34channel-touch.a(CapSense_Structure.o)
 .comment       0x0000006e       0x6f .\CortexM0p\ARM_GCC_541\Debug\cy8c4025-34channel-touch.a(CapSense_Tuner.o)
 .comment       0x0000006e       0x6f .\CortexM0p\ARM_GCC_541\Debug\cy8c4025-34channel-touch.a(CapSense_Filter.o)
 .comment       0x0000006e       0x6f .\CortexM0p\ARM_GCC_541\Debug\cy8c4025-34channel-touch.a(CapSense_Sensing.o)
 .comment       0x0000006e       0x6f .\CortexM0p\ARM_GCC_541\Debug\cy8c4025-34channel-touch.a(CapSense_SensingCSD_LL.o)
 .comment       0x0000006e       0x6f .\CortexM0p\ARM_GCC_541\Debug\cy8c4025-34channel-touch.a(CapSense_ISR.o)
 .comment       0x0000006e       0x6f .\CortexM0p\ARM_GCC_541\Debug\cy8c4025-34channel-touch.a(CyFlash.o)
 .comment       0x0000006e       0x6f .\CortexM0p\ARM_GCC_541\Debug\cy8c4025-34channel-touch.a(CapSense_INT.o)
 .comment       0x0000006e       0x6f C:\Program Files (x86)\Cypress\PSoC Creator\4.4\PSoC Creator\psoc\content\CyComponentLibrary\CyComponentLibrary.cylib\CapSense_P4_v7_0\PSoC4\Library\Capsense_P4Library_GCCp.a(CapSense_SmartSense_LL.o)
 .comment       0x0000006e       0x6f C:\Program Files (x86)\Cypress\PSoC Creator\4.4\PSoC Creator\psoc\content\CyComponentLibrary\CyComponentLibrary.cylib\CapSense_P4_v7_0\PSoC4\Library\Capsense_P4Library_GCCp.a(CapSense_SmartSense_SL.o)

.debug_weaknames
 *(.debug_weaknames)

.debug_funcnames
 *(.debug_funcnames)

.debug_typenames
 *(.debug_typenames)

.debug_varnames
 *(.debug_varnames)

.note.gnu.arm.ident
 *(.note.gnu.arm.ident)

.ARM.attributes
                0x00000000       0x28
 *(.ARM.attributes)
 .ARM.attributes
                0x00000000       0x1e c:/program files (x86)/cypress/psoc creator/4.4/psoc creator/import/gnu/arm/5.4.1/bin/../lib/gcc/arm-none-eabi/5.4.1/armv6-m/crti.o
 .ARM.attributes
                0x0000001e       0x2c c:/program files (x86)/cypress/psoc creator/4.4/psoc creator/import/gnu/arm/5.4.1/bin/../lib/gcc/arm-none-eabi/5.4.1/armv6-m/crtbegin.o
 .ARM.attributes
                0x0000004a       0x1b c:/program files (x86)/cypress/psoc creator/4.4/psoc creator/import/gnu/arm/5.4.1/bin/../lib/gcc/arm-none-eabi/5.4.1/../../../../arm-none-eabi/lib/armv6-m/crt0.o
 .ARM.attributes
                0x00000065       0x32 .\CortexM0p\ARM_GCC_541\Debug\main.o
 .ARM.attributes
                0x00000097       0x32 .\CortexM0p\ARM_GCC_541\Debug\cyfitter_cfg.o
 .ARM.attributes
                0x000000c9       0x32 .\CortexM0p\ARM_GCC_541\Debug\cymetadata.o
 .ARM.attributes
                0x000000fb       0x32 .\CortexM0p\ARM_GCC_541\Debug\Cm0plusStart.o
 .ARM.attributes
                0x0000012d       0x32 .\CortexM0p\ARM_GCC_541\Debug\cy8c4025-34channel-touch.a(UART_1.o)
 .ARM.attributes
                0x0000015f       0x32 .\CortexM0p\ARM_GCC_541\Debug\cy8c4025-34channel-touch.a(UART_1_SPI_UART.o)
 .ARM.attributes
                0x00000191       0x32 .\CortexM0p\ARM_GCC_541\Debug\cy8c4025-34channel-touch.a(UART_1_UART.o)
 .ARM.attributes
                0x000001c3       0x32 .\CortexM0p\ARM_GCC_541\Debug\cy8c4025-34channel-touch.a(CyLib.o)
 .ARM.attributes
                0x000001f5       0x32 .\CortexM0p\ARM_GCC_541\Debug\cy8c4025-34channel-touch.a(cyPm.o)
 .ARM.attributes
                0x00000227       0x32 .\CortexM0p\ARM_GCC_541\Debug\cy8c4025-34channel-touch.a(CyLFClk.o)
 .ARM.attributes
                0x00000259       0x32 .\CortexM0p\ARM_GCC_541\Debug\cy8c4025-34channel-touch.a(CapSense_Control.o)
 .ARM.attributes
                0x0000028b       0x32 .\CortexM0p\ARM_GCC_541\Debug\cy8c4025-34channel-touch.a(CapSense_Processing.o)
 .ARM.attributes
                0x000002bd       0x32 .\CortexM0p\ARM_GCC_541\Debug\cy8c4025-34channel-touch.a(CapSense_Structure.o)
 .ARM.attributes
                0x000002ef       0x32 .\CortexM0p\ARM_GCC_541\Debug\cy8c4025-34channel-touch.a(CapSense_Tuner.o)
 .ARM.attributes
                0x00000321       0x32 .\CortexM0p\ARM_GCC_541\Debug\cy8c4025-34channel-touch.a(CapSense_Filter.o)
 .ARM.attributes
                0x00000353       0x32 .\CortexM0p\ARM_GCC_541\Debug\cy8c4025-34channel-touch.a(CapSense_Sensing.o)
 .ARM.attributes
                0x00000385       0x32 .\CortexM0p\ARM_GCC_541\Debug\cy8c4025-34channel-touch.a(CapSense_SensingCSD_LL.o)
 .ARM.attributes
                0x000003b7       0x32 .\CortexM0p\ARM_GCC_541\Debug\cy8c4025-34channel-touch.a(CapSense_ISR.o)
 .ARM.attributes
                0x000003e9       0x22 .\CortexM0p\ARM_GCC_541\Debug\cy8c4025-34channel-touch.a(CyBootAsmGnu.o)
 .ARM.attributes
                0x0000040b       0x32 .\CortexM0p\ARM_GCC_541\Debug\cy8c4025-34channel-touch.a(CyFlash.o)
 .ARM.attributes
                0x0000043d       0x32 .\CortexM0p\ARM_GCC_541\Debug\cy8c4025-34channel-touch.a(CapSense_INT.o)
 .ARM.attributes
                0x0000046f       0x32 C:\Program Files (x86)\Cypress\PSoC Creator\4.4\PSoC Creator\psoc\content\CyComponentLibrary\CyComponentLibrary.cylib\CapSense_P4_v7_0\PSoC4\Library\Capsense_P4Library_GCCp.a(CapSense_SmartSense_LL.o)
 .ARM.attributes
                0x000004a1       0x32 C:\Program Files (x86)\Cypress\PSoC Creator\4.4\PSoC Creator\psoc\content\CyComponentLibrary\CyComponentLibrary.cylib\CapSense_P4_v7_0\PSoC4\Library\Capsense_P4Library_GCCp.a(CapSense_SmartSense_SL.o)
 .ARM.attributes
                0x000004d3       0x1e c:/program files (x86)/cypress/psoc creator/4.4/psoc creator/import/gnu/arm/5.4.1/bin/../lib/gcc/arm-none-eabi/5.4.1/armv6-m\libgcc.a(_udivsi3.o)
 .ARM.attributes
                0x000004f1       0x1e c:/program files (x86)/cypress/psoc creator/4.4/psoc creator/import/gnu/arm/5.4.1/bin/../lib/gcc/arm-none-eabi/5.4.1/armv6-m\libgcc.a(_dvmd_tls.o)
 .ARM.attributes
                0x0000050f       0x2c c:/program files (x86)/cypress/psoc creator/4.4/psoc creator/import/gnu/arm/5.4.1/bin/../lib/gcc/arm-none-eabi/5.4.1/../../../../arm-none-eabi/lib/armv6-m\libg_nano.a(lib_a-errno.o)
 .ARM.attributes
                0x0000053b       0x2c c:/program files (x86)/cypress/psoc creator/4.4/psoc creator/import/gnu/arm/5.4.1/bin/../lib/gcc/arm-none-eabi/5.4.1/../../../../arm-none-eabi/lib/armv6-m\libg_nano.a(lib_a-exit.o)
 .ARM.attributes
                0x00000567       0x2c c:/program files (x86)/cypress/psoc creator/4.4/psoc creator/import/gnu/arm/5.4.1/bin/../lib/gcc/arm-none-eabi/5.4.1/../../../../arm-none-eabi/lib/armv6-m\libg_nano.a(lib_a-impure.o)
 .ARM.attributes
                0x00000593       0x2c c:/program files (x86)/cypress/psoc creator/4.4/psoc creator/import/gnu/arm/5.4.1/bin/../lib/gcc/arm-none-eabi/5.4.1/../../../../arm-none-eabi/lib/armv6-m\libg_nano.a(lib_a-init.o)
 .ARM.attributes
                0x000005bf       0x2c c:/program files (x86)/cypress/psoc creator/4.4/psoc creator/import/gnu/arm/5.4.1/bin/../lib/gcc/arm-none-eabi/5.4.1/../../../../arm-none-eabi/lib/armv6-m\libg_nano.a(lib_a-memcpy-stub.o)
 .ARM.attributes
                0x000005eb       0x2c c:/program files (x86)/cypress/psoc creator/4.4/psoc creator/import/gnu/arm/5.4.1/bin/../lib/gcc/arm-none-eabi/5.4.1/../../../../arm-none-eabi/lib/armv6-m\libg_nano.a(lib_a-memset.o)
 .ARM.attributes
                0x00000617       0x2c c:/program files (x86)/cypress/psoc creator/4.4/psoc creator/import/gnu/arm/5.4.1/bin/../lib/gcc/arm-none-eabi/5.4.1/armv6-m/crtend.o
 .ARM.attributes
                0x00000643       0x1e c:/program files (x86)/cypress/psoc creator/4.4/psoc creator/import/gnu/arm/5.4.1/bin/../lib/gcc/arm-none-eabi/5.4.1/armv6-m/crtn.o

/DISCARD/
 *(.note.GNU-stack)
OUTPUT(C:\Users\Qinh\Documents\PSoC Creator\Workspace01\cy8c4025-34channel-touch.cydsn\CortexM0p\ARM_GCC_541\Debug\cy8c4025-34channel-touch.elf elf32-littlearm)
