ARM GAS  C:\Users\Qinh\AppData\Local\Temp\ccU689mS.s 			page 1


   1              		.syntax unified
   2              		.cpu cortex-m0plus
   3              		.fpu softvfp
   4              		.eabi_attribute 20, 1
   5              		.eabi_attribute 21, 1
   6              		.eabi_attribute 23, 3
   7              		.eabi_attribute 24, 1
   8              		.eabi_attribute 25, 1
   9              		.eabi_attribute 26, 1
  10              		.eabi_attribute 30, 1
  11              		.eabi_attribute 34, 0
  12              		.eabi_attribute 18, 4
  13              		.thumb
  14              		.syntax unified
  15              		.file	"cyfitter_cfg.c"
  16              		.text
  17              	.Ltext0:
  18              		.cfi_sections	.debug_frame
  19              		.section	.psocinit,"ax",%progbits
  20              		.align	2
  21              		.code	16
  22              		.thumb_func
  23              		.type	ClockSetup, %function
  24              	ClockSetup:
  25              	.LFB4:
  26              		.file 1 "Generated_Source\\PSoC4\\cyfitter_cfg.c"
   1:Generated_Source\PSoC4/cyfitter_cfg.c **** 
   2:Generated_Source\PSoC4/cyfitter_cfg.c **** /*******************************************************************************
   3:Generated_Source\PSoC4/cyfitter_cfg.c **** * File Name: cyfitter_cfg.c
   4:Generated_Source\PSoC4/cyfitter_cfg.c **** * 
   5:Generated_Source\PSoC4/cyfitter_cfg.c **** * PSoC Creator  4.4
   6:Generated_Source\PSoC4/cyfitter_cfg.c **** *
   7:Generated_Source\PSoC4/cyfitter_cfg.c **** * Description:
   8:Generated_Source\PSoC4/cyfitter_cfg.c **** * This file contains device initialization code.
   9:Generated_Source\PSoC4/cyfitter_cfg.c **** * Except for the user defined sections in CyClockStartupError(), this file should not be modified.
  10:Generated_Source\PSoC4/cyfitter_cfg.c **** * This file is automatically generated by PSoC Creator.
  11:Generated_Source\PSoC4/cyfitter_cfg.c **** *
  12:Generated_Source\PSoC4/cyfitter_cfg.c **** ********************************************************************************
  13:Generated_Source\PSoC4/cyfitter_cfg.c **** * Copyright (c) 2007-2020 Cypress Semiconductor.  All rights reserved.
  14:Generated_Source\PSoC4/cyfitter_cfg.c **** * You may use this file only in accordance with the license, terms, conditions, 
  15:Generated_Source\PSoC4/cyfitter_cfg.c **** * disclaimers, and limitations in the end user license agreement accompanying 
  16:Generated_Source\PSoC4/cyfitter_cfg.c **** * the software package with which this file was provided.
  17:Generated_Source\PSoC4/cyfitter_cfg.c **** ********************************************************************************/
  18:Generated_Source\PSoC4/cyfitter_cfg.c **** 
  19:Generated_Source\PSoC4/cyfitter_cfg.c **** #include <string.h>
  20:Generated_Source\PSoC4/cyfitter_cfg.c **** #include "cytypes.h"
  21:Generated_Source\PSoC4/cyfitter_cfg.c **** #include "cydevice_trm.h"
  22:Generated_Source\PSoC4/cyfitter_cfg.c **** #include "cyfitter.h"
  23:Generated_Source\PSoC4/cyfitter_cfg.c **** #include "CyLib.h"
  24:Generated_Source\PSoC4/cyfitter_cfg.c **** #include "cyfitter_cfg.h"
  25:Generated_Source\PSoC4/cyfitter_cfg.c **** #include "cyapicallbacks.h"
  26:Generated_Source\PSoC4/cyfitter_cfg.c **** 
  27:Generated_Source\PSoC4/cyfitter_cfg.c **** 
  28:Generated_Source\PSoC4/cyfitter_cfg.c **** #if defined(__GNUC__) || defined(__ARMCC_VERSION)
  29:Generated_Source\PSoC4/cyfitter_cfg.c ****     #define CYPACKED 
  30:Generated_Source\PSoC4/cyfitter_cfg.c ****     #define CYPACKED_ATTR __attribute__ ((packed))
  31:Generated_Source\PSoC4/cyfitter_cfg.c ****     #define CYALIGNED __attribute__ ((aligned))
ARM GAS  C:\Users\Qinh\AppData\Local\Temp\ccU689mS.s 			page 2


  32:Generated_Source\PSoC4/cyfitter_cfg.c ****     #define CY_CFG_UNUSED __attribute__ ((unused))
  33:Generated_Source\PSoC4/cyfitter_cfg.c ****     #ifndef CY_CFG_SECTION
  34:Generated_Source\PSoC4/cyfitter_cfg.c ****         #define CY_CFG_SECTION __attribute__ ((section(".psocinit")))
  35:Generated_Source\PSoC4/cyfitter_cfg.c ****     #endif
  36:Generated_Source\PSoC4/cyfitter_cfg.c ****     
  37:Generated_Source\PSoC4/cyfitter_cfg.c ****     #if defined(__ARMCC_VERSION)
  38:Generated_Source\PSoC4/cyfitter_cfg.c ****         #define CY_CFG_MEMORY_BARRIER() __memory_changed()
  39:Generated_Source\PSoC4/cyfitter_cfg.c ****     #else
  40:Generated_Source\PSoC4/cyfitter_cfg.c ****         #define CY_CFG_MEMORY_BARRIER() __sync_synchronize()
  41:Generated_Source\PSoC4/cyfitter_cfg.c ****     #endif
  42:Generated_Source\PSoC4/cyfitter_cfg.c ****     
  43:Generated_Source\PSoC4/cyfitter_cfg.c **** #elif defined(__ICCARM__)
  44:Generated_Source\PSoC4/cyfitter_cfg.c ****     #include <intrinsics.h>
  45:Generated_Source\PSoC4/cyfitter_cfg.c **** 
  46:Generated_Source\PSoC4/cyfitter_cfg.c ****     #define CYPACKED __packed
  47:Generated_Source\PSoC4/cyfitter_cfg.c ****     #define CYPACKED_ATTR 
  48:Generated_Source\PSoC4/cyfitter_cfg.c ****     #define CYALIGNED _Pragma("data_alignment=4")
  49:Generated_Source\PSoC4/cyfitter_cfg.c ****     #define CY_CFG_UNUSED _Pragma("diag_suppress=Pe177")
  50:Generated_Source\PSoC4/cyfitter_cfg.c ****     #define CY_CFG_SECTION _Pragma("location=\".psocinit\"")
  51:Generated_Source\PSoC4/cyfitter_cfg.c ****     
  52:Generated_Source\PSoC4/cyfitter_cfg.c ****     #define CY_CFG_MEMORY_BARRIER() __DMB()
  53:Generated_Source\PSoC4/cyfitter_cfg.c ****     
  54:Generated_Source\PSoC4/cyfitter_cfg.c **** #else
  55:Generated_Source\PSoC4/cyfitter_cfg.c ****     #error Unsupported toolchain
  56:Generated_Source\PSoC4/cyfitter_cfg.c **** #endif
  57:Generated_Source\PSoC4/cyfitter_cfg.c **** 
  58:Generated_Source\PSoC4/cyfitter_cfg.c **** #ifndef CYCODE
  59:Generated_Source\PSoC4/cyfitter_cfg.c ****     #define CYCODE
  60:Generated_Source\PSoC4/cyfitter_cfg.c **** #endif
  61:Generated_Source\PSoC4/cyfitter_cfg.c **** #ifndef CYDATA
  62:Generated_Source\PSoC4/cyfitter_cfg.c ****     #define CYDATA
  63:Generated_Source\PSoC4/cyfitter_cfg.c **** #endif
  64:Generated_Source\PSoC4/cyfitter_cfg.c **** #ifndef CYFAR
  65:Generated_Source\PSoC4/cyfitter_cfg.c ****     #define CYFAR
  66:Generated_Source\PSoC4/cyfitter_cfg.c **** #endif
  67:Generated_Source\PSoC4/cyfitter_cfg.c **** #ifndef CYXDATA
  68:Generated_Source\PSoC4/cyfitter_cfg.c ****     #define CYXDATA
  69:Generated_Source\PSoC4/cyfitter_cfg.c **** #endif
  70:Generated_Source\PSoC4/cyfitter_cfg.c **** 
  71:Generated_Source\PSoC4/cyfitter_cfg.c **** 
  72:Generated_Source\PSoC4/cyfitter_cfg.c **** CY_CFG_UNUSED
  73:Generated_Source\PSoC4/cyfitter_cfg.c **** static void CYMEMZERO(void *s, size_t n);
  74:Generated_Source\PSoC4/cyfitter_cfg.c **** CY_CFG_UNUSED
  75:Generated_Source\PSoC4/cyfitter_cfg.c **** static void CYMEMZERO(void *s, size_t n)
  76:Generated_Source\PSoC4/cyfitter_cfg.c **** {
  77:Generated_Source\PSoC4/cyfitter_cfg.c **** 	(void)memset(s, 0, n);
  78:Generated_Source\PSoC4/cyfitter_cfg.c **** }
  79:Generated_Source\PSoC4/cyfitter_cfg.c **** CY_CFG_UNUSED
  80:Generated_Source\PSoC4/cyfitter_cfg.c **** static void CYCONFIGCPY(void *dest, const void *src, size_t n);
  81:Generated_Source\PSoC4/cyfitter_cfg.c **** CY_CFG_UNUSED
  82:Generated_Source\PSoC4/cyfitter_cfg.c **** static void CYCONFIGCPY(void *dest, const void *src, size_t n)
  83:Generated_Source\PSoC4/cyfitter_cfg.c **** {
  84:Generated_Source\PSoC4/cyfitter_cfg.c **** 	(void)memcpy(dest, src, n);
  85:Generated_Source\PSoC4/cyfitter_cfg.c **** }
  86:Generated_Source\PSoC4/cyfitter_cfg.c **** CY_CFG_UNUSED
  87:Generated_Source\PSoC4/cyfitter_cfg.c **** static void CYCONFIGCPYCODE(void *dest, const void *src, size_t n);
  88:Generated_Source\PSoC4/cyfitter_cfg.c **** CY_CFG_UNUSED
ARM GAS  C:\Users\Qinh\AppData\Local\Temp\ccU689mS.s 			page 3


  89:Generated_Source\PSoC4/cyfitter_cfg.c **** static void CYCONFIGCPYCODE(void *dest, const void *src, size_t n)
  90:Generated_Source\PSoC4/cyfitter_cfg.c **** {
  91:Generated_Source\PSoC4/cyfitter_cfg.c **** 	(void)memcpy(dest, src, n);
  92:Generated_Source\PSoC4/cyfitter_cfg.c **** }
  93:Generated_Source\PSoC4/cyfitter_cfg.c **** 
  94:Generated_Source\PSoC4/cyfitter_cfg.c **** 
  95:Generated_Source\PSoC4/cyfitter_cfg.c **** 
  96:Generated_Source\PSoC4/cyfitter_cfg.c **** 
  97:Generated_Source\PSoC4/cyfitter_cfg.c **** /* Clock startup error codes                                                   */
  98:Generated_Source\PSoC4/cyfitter_cfg.c **** #define CYCLOCKSTART_NO_ERROR    0u
  99:Generated_Source\PSoC4/cyfitter_cfg.c **** #define CYCLOCKSTART_XTAL_ERROR  1u
 100:Generated_Source\PSoC4/cyfitter_cfg.c **** #define CYCLOCKSTART_32KHZ_ERROR 2u
 101:Generated_Source\PSoC4/cyfitter_cfg.c **** #define CYCLOCKSTART_PLL_ERROR   3u
 102:Generated_Source\PSoC4/cyfitter_cfg.c **** #define CYCLOCKSTART_FLL_ERROR   4u
 103:Generated_Source\PSoC4/cyfitter_cfg.c **** #define CYCLOCKSTART_WCO_ERROR   5u
 104:Generated_Source\PSoC4/cyfitter_cfg.c **** 
 105:Generated_Source\PSoC4/cyfitter_cfg.c **** 
 106:Generated_Source\PSoC4/cyfitter_cfg.c **** #ifdef CY_NEED_CYCLOCKSTARTUPERROR
 107:Generated_Source\PSoC4/cyfitter_cfg.c **** /*******************************************************************************
 108:Generated_Source\PSoC4/cyfitter_cfg.c **** * Function Name: CyClockStartupError
 109:Generated_Source\PSoC4/cyfitter_cfg.c **** ********************************************************************************
 110:Generated_Source\PSoC4/cyfitter_cfg.c **** * Summary:
 111:Generated_Source\PSoC4/cyfitter_cfg.c **** *  If an error is encountered during clock configuration (crystal startup error,
 112:Generated_Source\PSoC4/cyfitter_cfg.c **** *  PLL lock error, etc.), the system will end up here.  Unless reimplemented by
 113:Generated_Source\PSoC4/cyfitter_cfg.c **** *  the customer, this function will stop in an infinite loop.
 114:Generated_Source\PSoC4/cyfitter_cfg.c **** *
 115:Generated_Source\PSoC4/cyfitter_cfg.c **** * Parameters:
 116:Generated_Source\PSoC4/cyfitter_cfg.c **** *   void
 117:Generated_Source\PSoC4/cyfitter_cfg.c **** *
 118:Generated_Source\PSoC4/cyfitter_cfg.c **** * Return:
 119:Generated_Source\PSoC4/cyfitter_cfg.c **** *   void
 120:Generated_Source\PSoC4/cyfitter_cfg.c **** *
 121:Generated_Source\PSoC4/cyfitter_cfg.c **** *******************************************************************************/
 122:Generated_Source\PSoC4/cyfitter_cfg.c **** CY_CFG_UNUSED
 123:Generated_Source\PSoC4/cyfitter_cfg.c **** static void CyClockStartupError(uint8 errorCode);
 124:Generated_Source\PSoC4/cyfitter_cfg.c **** CY_CFG_UNUSED
 125:Generated_Source\PSoC4/cyfitter_cfg.c **** static void CyClockStartupError(uint8 errorCode)
 126:Generated_Source\PSoC4/cyfitter_cfg.c **** {
 127:Generated_Source\PSoC4/cyfitter_cfg.c ****     /* To remove the compiler warning if errorCode not used.                */
 128:Generated_Source\PSoC4/cyfitter_cfg.c ****     errorCode = errorCode;
 129:Generated_Source\PSoC4/cyfitter_cfg.c **** 
 130:Generated_Source\PSoC4/cyfitter_cfg.c ****     /* If we have a clock startup error (bad MHz crystal, PLL lock, etc.),  */
 131:Generated_Source\PSoC4/cyfitter_cfg.c ****     /* we will end up here to allow the customer to implement something to  */
 132:Generated_Source\PSoC4/cyfitter_cfg.c ****     /* deal with the clock condition.                                       */
 133:Generated_Source\PSoC4/cyfitter_cfg.c **** 
 134:Generated_Source\PSoC4/cyfitter_cfg.c **** #ifdef CY_CFG_CLOCK_STARTUP_ERROR_CALLBACK
 135:Generated_Source\PSoC4/cyfitter_cfg.c ****     CY_CFG_Clock_Startup_ErrorCallback();
 136:Generated_Source\PSoC4/cyfitter_cfg.c **** #else
 137:Generated_Source\PSoC4/cyfitter_cfg.c ****     /*  If not using CY_CFG_CLOCK_STARTUP_ERROR_CALLBACK, place your clock startup code here. */
 138:Generated_Source\PSoC4/cyfitter_cfg.c ****     /* `#START CyClockStartupError` */
 139:Generated_Source\PSoC4/cyfitter_cfg.c **** 
 140:Generated_Source\PSoC4/cyfitter_cfg.c **** 
 141:Generated_Source\PSoC4/cyfitter_cfg.c **** 
 142:Generated_Source\PSoC4/cyfitter_cfg.c ****     /* `#END` */
 143:Generated_Source\PSoC4/cyfitter_cfg.c **** 
 144:Generated_Source\PSoC4/cyfitter_cfg.c ****     while(1) {}
 145:Generated_Source\PSoC4/cyfitter_cfg.c **** #endif /* CY_CFG_CLOCK_STARTUP_ERROR_CALLBACK */
ARM GAS  C:\Users\Qinh\AppData\Local\Temp\ccU689mS.s 			page 4


 146:Generated_Source\PSoC4/cyfitter_cfg.c **** }
 147:Generated_Source\PSoC4/cyfitter_cfg.c **** #endif
 148:Generated_Source\PSoC4/cyfitter_cfg.c **** 
 149:Generated_Source\PSoC4/cyfitter_cfg.c **** 
 150:Generated_Source\PSoC4/cyfitter_cfg.c **** 
 151:Generated_Source\PSoC4/cyfitter_cfg.c **** /*******************************************************************************
 152:Generated_Source\PSoC4/cyfitter_cfg.c **** * Function Name: ClockSetup
 153:Generated_Source\PSoC4/cyfitter_cfg.c **** ********************************************************************************
 154:Generated_Source\PSoC4/cyfitter_cfg.c **** *
 155:Generated_Source\PSoC4/cyfitter_cfg.c **** * Summary:
 156:Generated_Source\PSoC4/cyfitter_cfg.c **** *   Performs the initialization of all of the clocks in the device based on the
 157:Generated_Source\PSoC4/cyfitter_cfg.c **** *   settings in the Clock tab of the DWR.  This includes enabling the requested
 158:Generated_Source\PSoC4/cyfitter_cfg.c **** *   clocks and setting the necessary dividers to produce the desired frequency. 
 159:Generated_Source\PSoC4/cyfitter_cfg.c **** *
 160:Generated_Source\PSoC4/cyfitter_cfg.c **** * Parameters:
 161:Generated_Source\PSoC4/cyfitter_cfg.c **** *   void
 162:Generated_Source\PSoC4/cyfitter_cfg.c **** *
 163:Generated_Source\PSoC4/cyfitter_cfg.c **** * Return:
 164:Generated_Source\PSoC4/cyfitter_cfg.c **** *   void
 165:Generated_Source\PSoC4/cyfitter_cfg.c **** *
 166:Generated_Source\PSoC4/cyfitter_cfg.c **** *******************************************************************************/
 167:Generated_Source\PSoC4/cyfitter_cfg.c **** static void ClockSetup(void);
 168:Generated_Source\PSoC4/cyfitter_cfg.c **** CY_CFG_SECTION
 169:Generated_Source\PSoC4/cyfitter_cfg.c **** static void ClockSetup(void)
 170:Generated_Source\PSoC4/cyfitter_cfg.c **** {
  27              		.loc 1 170 0
  28              		.cfi_startproc
  29              		@ args = 0, pretend = 0, frame = 0
  30              		@ frame_needed = 0, uses_anonymous_args = 0
  31 0000 10B5     		push	{r4, lr}
  32              		.cfi_def_cfa_offset 8
  33              		.cfi_offset 4, -8
  34              		.cfi_offset 14, -4
 171:Generated_Source\PSoC4/cyfitter_cfg.c **** 
 172:Generated_Source\PSoC4/cyfitter_cfg.c **** 	/* Set Flash Cycles based on max possible frequency in case a glitch occurs during ClockSetup(). *
 173:Generated_Source\PSoC4/cyfitter_cfg.c **** 	CY_SET_REG32((void CYXDATA *)(CYREG_CPUSS_FLASH_CTL), (0x0012u));
  35              		.loc 1 173 0
  36 0002 0F4C     		ldr	r4, .L2
  37 0004 1223     		movs	r3, #18
  38 0006 2360     		str	r3, [r4]
 174:Generated_Source\PSoC4/cyfitter_cfg.c **** 	/* Update IMO to new clock speed. */
 175:Generated_Source\PSoC4/cyfitter_cfg.c **** 	CySysClkWriteImoFreq(24u);
  39              		.loc 1 175 0
  40 0008 1820     		movs	r0, #24
  41 000a FFF7FEFF 		bl	CySysClkWriteImoFreq
  42              	.LVL0:
 176:Generated_Source\PSoC4/cyfitter_cfg.c **** 
 177:Generated_Source\PSoC4/cyfitter_cfg.c **** 	/* Setup phase aligned clocks */
 178:Generated_Source\PSoC4/cyfitter_cfg.c **** 	CY_SET_REG32((void *)CYREG_PERI_DIV_16_CTL0, 0x0000FE00u);
  43              		.loc 1 178 0
  44 000e FE22     		movs	r2, #254
  45 0010 1202     		lsls	r2, r2, #8
  46 0012 0C4B     		ldr	r3, .L2+4
  47 0014 1A60     		str	r2, [r3]
 179:Generated_Source\PSoC4/cyfitter_cfg.c **** 	CY_SET_REG32((void *)CYREG_PERI_DIV_CMD, 0x8000FF40u);
  48              		.loc 1 179 0
  49 0016 0C4B     		ldr	r3, .L2+8
ARM GAS  C:\Users\Qinh\AppData\Local\Temp\ccU689mS.s 			page 5


  50 0018 0C4A     		ldr	r2, .L2+12
  51 001a 1A60     		str	r2, [r3]
 180:Generated_Source\PSoC4/cyfitter_cfg.c **** 	CY_SET_REG32((void *)CYREG_PERI_DIV_16_CTL1, 0x00001000u);
  52              		.loc 1 180 0
  53 001c 8021     		movs	r1, #128
  54 001e 4901     		lsls	r1, r1, #5
  55 0020 0B4A     		ldr	r2, .L2+16
  56 0022 1160     		str	r1, [r2]
 181:Generated_Source\PSoC4/cyfitter_cfg.c **** 	CY_SET_REG32((void *)CYREG_PERI_DIV_CMD, 0x8000FF41u);
  57              		.loc 1 181 0
  58 0024 0B4A     		ldr	r2, .L2+20
  59 0026 1A60     		str	r2, [r3]
 182:Generated_Source\PSoC4/cyfitter_cfg.c **** 
 183:Generated_Source\PSoC4/cyfitter_cfg.c **** 	/* CYDEV_CLK_SELECT Starting address: CYDEV_CLK_SELECT */
 184:Generated_Source\PSoC4/cyfitter_cfg.c **** 	CY_SET_REG32((void *)(CYREG_CLK_SELECT), 0x00000000u);
  60              		.loc 1 184 0
  61 0028 0022     		movs	r2, #0
  62 002a 0B4B     		ldr	r3, .L2+24
  63 002c 1A60     		str	r2, [r3]
 185:Generated_Source\PSoC4/cyfitter_cfg.c **** 
 186:Generated_Source\PSoC4/cyfitter_cfg.c **** 	/* CYDEV_PERI_PCLK_CTL2 Starting address: CYDEV_PERI_PCLK_CTL2 */
 187:Generated_Source\PSoC4/cyfitter_cfg.c **** 	CY_SET_REG32((void *)(CYREG_PERI_PCLK_CTL2), 0x00000040u);
  64              		.loc 1 187 0
  65 002e 4032     		adds	r2, r2, #64
  66 0030 0A4B     		ldr	r3, .L2+28
  67 0032 1A60     		str	r2, [r3]
 188:Generated_Source\PSoC4/cyfitter_cfg.c **** 
 189:Generated_Source\PSoC4/cyfitter_cfg.c **** 	/* CYDEV_PERI_PCLK_CTL1 Starting address: CYDEV_PERI_PCLK_CTL1 */
 190:Generated_Source\PSoC4/cyfitter_cfg.c **** 	CY_SET_REG32((void *)(CYREG_PERI_PCLK_CTL1), 0x00000041u);
  68              		.loc 1 190 0
  69 0034 0132     		adds	r2, r2, #1
  70 0036 0A4B     		ldr	r3, .L2+32
  71 0038 1A60     		str	r2, [r3]
 191:Generated_Source\PSoC4/cyfitter_cfg.c **** 
 192:Generated_Source\PSoC4/cyfitter_cfg.c **** 	/* Set Flash Cycles based on newly configured 24.00MHz HFCLK. */
 193:Generated_Source\PSoC4/cyfitter_cfg.c **** 	CY_SET_REG32((void CYXDATA *)(CYREG_CPUSS_FLASH_CTL), (0x0011u));
  72              		.loc 1 193 0
  73 003a 1123     		movs	r3, #17
  74 003c 2360     		str	r3, [r4]
 194:Generated_Source\PSoC4/cyfitter_cfg.c **** }
  75              		.loc 1 194 0
  76              		@ sp needed
  77 003e 10BD     		pop	{r4, pc}
  78              	.L3:
  79              		.align	2
  80              	.L2:
  81 0040 30001040 		.word	1074790448
  82 0044 00030140 		.word	1073808128
  83 0048 00000140 		.word	1073807360
  84 004c 40FF0080 		.word	-2147418304
  85 0050 04030140 		.word	1073808132
  86 0054 41FF0080 		.word	-2147418303
  87 0058 28000340 		.word	1073938472
  88 005c 08010140 		.word	1073807624
  89 0060 04010140 		.word	1073807620
  90              		.cfi_endproc
  91              	.LFE4:
ARM GAS  C:\Users\Qinh\AppData\Local\Temp\ccU689mS.s 			page 6


  92              		.size	ClockSetup, .-ClockSetup
  93              		.section	.text.SetAnalogRoutingPumps,"ax",%progbits
  94              		.align	2
  95              		.global	SetAnalogRoutingPumps
  96              		.code	16
  97              		.thumb_func
  98              		.type	SetAnalogRoutingPumps, %function
  99              	SetAnalogRoutingPumps:
 100              	.LFB6:
 195:Generated_Source\PSoC4/cyfitter_cfg.c **** 
 196:Generated_Source\PSoC4/cyfitter_cfg.c **** 
 197:Generated_Source\PSoC4/cyfitter_cfg.c **** /* Analog API Functions */
 198:Generated_Source\PSoC4/cyfitter_cfg.c **** 
 199:Generated_Source\PSoC4/cyfitter_cfg.c **** 
 200:Generated_Source\PSoC4/cyfitter_cfg.c **** /*******************************************************************************
 201:Generated_Source\PSoC4/cyfitter_cfg.c **** * Function Name: AnalogSetDefault
 202:Generated_Source\PSoC4/cyfitter_cfg.c **** ********************************************************************************
 203:Generated_Source\PSoC4/cyfitter_cfg.c **** *
 204:Generated_Source\PSoC4/cyfitter_cfg.c **** * Summary:
 205:Generated_Source\PSoC4/cyfitter_cfg.c **** *  Sets up the analog portions of the chip to default values based on chip
 206:Generated_Source\PSoC4/cyfitter_cfg.c **** *  configuration options from the project.
 207:Generated_Source\PSoC4/cyfitter_cfg.c **** *
 208:Generated_Source\PSoC4/cyfitter_cfg.c **** * Parameters:
 209:Generated_Source\PSoC4/cyfitter_cfg.c **** *  void
 210:Generated_Source\PSoC4/cyfitter_cfg.c **** *
 211:Generated_Source\PSoC4/cyfitter_cfg.c **** * Return:
 212:Generated_Source\PSoC4/cyfitter_cfg.c **** *  void
 213:Generated_Source\PSoC4/cyfitter_cfg.c **** *
 214:Generated_Source\PSoC4/cyfitter_cfg.c **** *******************************************************************************/
 215:Generated_Source\PSoC4/cyfitter_cfg.c **** static void AnalogSetDefault(void);
 216:Generated_Source\PSoC4/cyfitter_cfg.c **** static void AnalogSetDefault(void)
 217:Generated_Source\PSoC4/cyfitter_cfg.c **** {
 218:Generated_Source\PSoC4/cyfitter_cfg.c **** 	CY_SET_XTND_REG32((void CYFAR *)CYREG_CSD_SW_DSI_SEL, 0x00000011u);
 219:Generated_Source\PSoC4/cyfitter_cfg.c **** 	SetAnalogRoutingPumps(1);
 220:Generated_Source\PSoC4/cyfitter_cfg.c **** }
 221:Generated_Source\PSoC4/cyfitter_cfg.c **** 
 222:Generated_Source\PSoC4/cyfitter_cfg.c **** 
 223:Generated_Source\PSoC4/cyfitter_cfg.c **** /*******************************************************************************
 224:Generated_Source\PSoC4/cyfitter_cfg.c **** * Function Name: SetAnalogRoutingPumps
 225:Generated_Source\PSoC4/cyfitter_cfg.c **** ********************************************************************************
 226:Generated_Source\PSoC4/cyfitter_cfg.c **** *
 227:Generated_Source\PSoC4/cyfitter_cfg.c **** * Summary:
 228:Generated_Source\PSoC4/cyfitter_cfg.c **** * Enables or disables the analog pumps feeding analog routing switches.
 229:Generated_Source\PSoC4/cyfitter_cfg.c **** * Intended to be called at startup, based on the Vdda system configuration;
 230:Generated_Source\PSoC4/cyfitter_cfg.c **** * may be called during operation when the user informs us that the Vdda voltage crossed the pump th
 231:Generated_Source\PSoC4/cyfitter_cfg.c **** *
 232:Generated_Source\PSoC4/cyfitter_cfg.c **** * Parameters:
 233:Generated_Source\PSoC4/cyfitter_cfg.c **** *  enabled - 1 to enable the pumps, 0 to disable the pumps
 234:Generated_Source\PSoC4/cyfitter_cfg.c **** *
 235:Generated_Source\PSoC4/cyfitter_cfg.c **** * Return:
 236:Generated_Source\PSoC4/cyfitter_cfg.c **** *  void
 237:Generated_Source\PSoC4/cyfitter_cfg.c **** *
 238:Generated_Source\PSoC4/cyfitter_cfg.c **** *******************************************************************************/
 239:Generated_Source\PSoC4/cyfitter_cfg.c **** void SetAnalogRoutingPumps(uint8 enabled)
 240:Generated_Source\PSoC4/cyfitter_cfg.c **** {
 101              		.loc 1 240 0
 102              		.cfi_startproc
ARM GAS  C:\Users\Qinh\AppData\Local\Temp\ccU689mS.s 			page 7


 103              		@ args = 0, pretend = 0, frame = 0
 104              		@ frame_needed = 0, uses_anonymous_args = 0
 105              		@ link register save eliminated.
 106              	.LVL1:
 241:Generated_Source\PSoC4/cyfitter_cfg.c **** 	uint32 regValue = CY_GET_XTND_REG32((void *)(CYREG_HSIOM_PUMP_CTL));
 107              		.loc 1 241 0
 108 0000 0B4B     		ldr	r3, .L9
 109 0002 1B68     		ldr	r3, [r3]
 110              	.LVL2:
 242:Generated_Source\PSoC4/cyfitter_cfg.c **** 	if (enabled != 0u)
 111              		.loc 1 242 0
 112 0004 0028     		cmp	r0, #0
 113 0006 03D0     		beq	.L5
 243:Generated_Source\PSoC4/cyfitter_cfg.c **** 	{
 244:Generated_Source\PSoC4/cyfitter_cfg.c **** 		regValue |= 0x80000000u;
 114              		.loc 1 244 0
 115 0008 8022     		movs	r2, #128
 116 000a 1206     		lsls	r2, r2, #24
 117 000c 1343     		orrs	r3, r2
 118              	.LVL3:
 119 000e 01E0     		b	.L6
 120              	.L5:
 245:Generated_Source\PSoC4/cyfitter_cfg.c **** 	}
 246:Generated_Source\PSoC4/cyfitter_cfg.c **** 	else
 247:Generated_Source\PSoC4/cyfitter_cfg.c **** 	{
 248:Generated_Source\PSoC4/cyfitter_cfg.c **** 		regValue &= ~0x80000000u;
 121              		.loc 1 248 0
 122 0010 5B00     		lsls	r3, r3, #1
 123              	.LVL4:
 124 0012 5B08     		lsrs	r3, r3, #1
 125              	.LVL5:
 126              	.L6:
 249:Generated_Source\PSoC4/cyfitter_cfg.c **** 	}
 250:Generated_Source\PSoC4/cyfitter_cfg.c **** 	CY_SET_XTND_REG32((void *)(CYREG_HSIOM_PUMP_CTL), regValue);
 127              		.loc 1 250 0
 128 0014 064A     		ldr	r2, .L9
 129 0016 1360     		str	r3, [r2]
 251:Generated_Source\PSoC4/cyfitter_cfg.c **** 	regValue = CY_GET_XTND_REG32((void *)(CYREG_CLK_SELECT));
 130              		.loc 1 251 0
 131 0018 064B     		ldr	r3, .L9+4
 132              	.LVL6:
 133 001a 1B68     		ldr	r3, [r3]
 134              	.LVL7:
 252:Generated_Source\PSoC4/cyfitter_cfg.c **** 	if (enabled != 0u)
 135              		.loc 1 252 0
 136 001c 0028     		cmp	r0, #0
 137 001e 02D0     		beq	.L7
 253:Generated_Source\PSoC4/cyfitter_cfg.c **** 	{
 254:Generated_Source\PSoC4/cyfitter_cfg.c **** 		regValue |= 0x00000020u;
 138              		.loc 1 254 0
 139 0020 2022     		movs	r2, #32
 140 0022 1343     		orrs	r3, r2
 141              	.LVL8:
 142 0024 01E0     		b	.L8
 143              	.L7:
 255:Generated_Source\PSoC4/cyfitter_cfg.c **** 	}
 256:Generated_Source\PSoC4/cyfitter_cfg.c **** 	else
ARM GAS  C:\Users\Qinh\AppData\Local\Temp\ccU689mS.s 			page 8


 257:Generated_Source\PSoC4/cyfitter_cfg.c **** 	{
 258:Generated_Source\PSoC4/cyfitter_cfg.c **** 		regValue &= ~0x00000020u;
 144              		.loc 1 258 0
 145 0026 2022     		movs	r2, #32
 146 0028 9343     		bics	r3, r2
 147              	.LVL9:
 148              	.L8:
 259:Generated_Source\PSoC4/cyfitter_cfg.c **** 	}
 260:Generated_Source\PSoC4/cyfitter_cfg.c **** 	CY_SET_XTND_REG32((void *)(CYREG_CLK_SELECT), regValue);
 149              		.loc 1 260 0
 150 002a 024A     		ldr	r2, .L9+4
 151 002c 1360     		str	r3, [r2]
 261:Generated_Source\PSoC4/cyfitter_cfg.c **** }
 152              		.loc 1 261 0
 153              		@ sp needed
 154 002e 7047     		bx	lr
 155              	.L10:
 156              		.align	2
 157              	.L9:
 158 0030 00200240 		.word	1073881088
 159 0034 28000340 		.word	1073938472
 160              		.cfi_endproc
 161              	.LFE6:
 162              		.size	SetAnalogRoutingPumps, .-SetAnalogRoutingPumps
 163              		.section	.text.AnalogSetDefault,"ax",%progbits
 164              		.align	2
 165              		.code	16
 166              		.thumb_func
 167              		.type	AnalogSetDefault, %function
 168              	AnalogSetDefault:
 169              	.LFB5:
 217:Generated_Source\PSoC4/cyfitter_cfg.c **** 	CY_SET_XTND_REG32((void CYFAR *)CYREG_CSD_SW_DSI_SEL, 0x00000011u);
 170              		.loc 1 217 0
 171              		.cfi_startproc
 172              		@ args = 0, pretend = 0, frame = 0
 173              		@ frame_needed = 0, uses_anonymous_args = 0
 174 0000 10B5     		push	{r4, lr}
 175              		.cfi_def_cfa_offset 8
 176              		.cfi_offset 4, -8
 177              		.cfi_offset 14, -4
 218:Generated_Source\PSoC4/cyfitter_cfg.c **** 	SetAnalogRoutingPumps(1);
 178              		.loc 1 218 0
 179 0002 1122     		movs	r2, #17
 180 0004 024B     		ldr	r3, .L12
 181 0006 1A60     		str	r2, [r3]
 219:Generated_Source\PSoC4/cyfitter_cfg.c **** }
 182              		.loc 1 219 0
 183 0008 0120     		movs	r0, #1
 184 000a FFF7FEFF 		bl	SetAnalogRoutingPumps
 185              	.LVL10:
 220:Generated_Source\PSoC4/cyfitter_cfg.c **** 
 186              		.loc 1 220 0
 187              		@ sp needed
 188 000e 10BD     		pop	{r4, pc}
 189              	.L13:
 190              		.align	2
 191              	.L12:
ARM GAS  C:\Users\Qinh\AppData\Local\Temp\ccU689mS.s 			page 9


 192 0010 C0020B40 		.word	1074463424
 193              		.cfi_endproc
 194              	.LFE5:
 195              		.size	AnalogSetDefault, .-AnalogSetDefault
 196              		.section	.psocinit
 197              		.align	2
 198              		.global	cyfitter_cfg
 199              		.code	16
 200              		.thumb_func
 201              		.type	cyfitter_cfg, %function
 202              	cyfitter_cfg:
 203              	.LFB7:
 262:Generated_Source\PSoC4/cyfitter_cfg.c **** 
 263:Generated_Source\PSoC4/cyfitter_cfg.c **** 
 264:Generated_Source\PSoC4/cyfitter_cfg.c **** 
 265:Generated_Source\PSoC4/cyfitter_cfg.c **** 
 266:Generated_Source\PSoC4/cyfitter_cfg.c **** /*******************************************************************************
 267:Generated_Source\PSoC4/cyfitter_cfg.c **** * Function Name: cyfitter_cfg
 268:Generated_Source\PSoC4/cyfitter_cfg.c **** ********************************************************************************
 269:Generated_Source\PSoC4/cyfitter_cfg.c **** * Summary:
 270:Generated_Source\PSoC4/cyfitter_cfg.c **** *  This function is called by the start-up code for the selected device. It
 271:Generated_Source\PSoC4/cyfitter_cfg.c **** *  performs all of the necessary device configuration based on the design
 272:Generated_Source\PSoC4/cyfitter_cfg.c **** *  settings.  This includes settings from the Design Wide Resources (DWR) such
 273:Generated_Source\PSoC4/cyfitter_cfg.c **** *  as Clocks and Pins as well as any component configuration that is necessary.
 274:Generated_Source\PSoC4/cyfitter_cfg.c **** *
 275:Generated_Source\PSoC4/cyfitter_cfg.c **** * Parameters:
 276:Generated_Source\PSoC4/cyfitter_cfg.c **** *   void
 277:Generated_Source\PSoC4/cyfitter_cfg.c **** *
 278:Generated_Source\PSoC4/cyfitter_cfg.c **** * Return:
 279:Generated_Source\PSoC4/cyfitter_cfg.c **** *   void
 280:Generated_Source\PSoC4/cyfitter_cfg.c **** *
 281:Generated_Source\PSoC4/cyfitter_cfg.c **** *******************************************************************************/
 282:Generated_Source\PSoC4/cyfitter_cfg.c **** CY_CFG_SECTION
 283:Generated_Source\PSoC4/cyfitter_cfg.c **** void cyfitter_cfg(void)
 284:Generated_Source\PSoC4/cyfitter_cfg.c **** {
 204              		.loc 1 284 0
 205              		.cfi_startproc
 206              		@ args = 0, pretend = 0, frame = 0
 207              		@ frame_needed = 0, uses_anonymous_args = 0
 208 0064 10B5     		push	{r4, lr}
 209              		.cfi_def_cfa_offset 8
 210              		.cfi_offset 4, -8
 211              		.cfi_offset 14, -4
 285:Generated_Source\PSoC4/cyfitter_cfg.c **** 	/* Disable interrupts by default. Let user enable if/when they want. */
 286:Generated_Source\PSoC4/cyfitter_cfg.c **** 	CyGlobalIntDisable;
 212              		.loc 1 286 0
 213              		.syntax divided
 214              	@ 286 "Generated_Source\PSoC4\cyfitter_cfg.c" 1
 215 0066 72B6     		CPSID   i
 216              	@ 0 "" 2
 287:Generated_Source\PSoC4/cyfitter_cfg.c **** 
 288:Generated_Source\PSoC4/cyfitter_cfg.c **** 	{
 289:Generated_Source\PSoC4/cyfitter_cfg.c **** 		/* HSIOM Starting address: CYDEV_HSIOM_BASE */
 290:Generated_Source\PSoC4/cyfitter_cfg.c **** 		CY_SET_REG32((void *)(CYDEV_HSIOM_BASE), 0x00900000u);
 217              		.loc 1 290 0
 218              		.thumb
 219              		.syntax unified
ARM GAS  C:\Users\Qinh\AppData\Local\Temp\ccU689mS.s 			page 10


 220 0068 9022     		movs	r2, #144
 221 006a 1204     		lsls	r2, r2, #16
 222 006c 124B     		ldr	r3, .L15
 223 006e 1A60     		str	r2, [r3]
 291:Generated_Source\PSoC4/cyfitter_cfg.c **** 
 292:Generated_Source\PSoC4/cyfitter_cfg.c **** 		/* FORCED_HSIOM Starting address: CYDEV_HSIOM_PORT_SEL3 */
 293:Generated_Source\PSoC4/cyfitter_cfg.c **** 		CY_SET_REG32((void *)(CYREG_HSIOM_PORT_SEL3), 0x00000000u);
 224              		.loc 1 293 0
 225 0070 0022     		movs	r2, #0
 226 0072 124B     		ldr	r3, .L15+4
 227 0074 1A60     		str	r2, [r3]
 294:Generated_Source\PSoC4/cyfitter_cfg.c **** 
 295:Generated_Source\PSoC4/cyfitter_cfg.c **** 	}
 296:Generated_Source\PSoC4/cyfitter_cfg.c **** 
 297:Generated_Source\PSoC4/cyfitter_cfg.c **** 	/* Perform second pass device configuration. These items must be configured in specific order afte
 298:Generated_Source\PSoC4/cyfitter_cfg.c **** 	/* IOPINS0_0 Starting address: CYDEV_GPIO_PRT0_BASE */
 299:Generated_Source\PSoC4/cyfitter_cfg.c **** 	CY_SET_REG32((void *)(CYDEV_GPIO_PRT0_BASE), 0x000000FFu);
 228              		.loc 1 299 0
 229 0076 FF23     		movs	r3, #255
 230 0078 114A     		ldr	r2, .L15+8
 231 007a 1360     		str	r3, [r2]
 300:Generated_Source\PSoC4/cyfitter_cfg.c **** 	CY_SET_REG32((void *)(CYREG_GPIO_PRT0_PC), 0x00030000u);
 232              		.loc 1 300 0
 233 007c C021     		movs	r1, #192
 234 007e 8902     		lsls	r1, r1, #10
 235 0080 104A     		ldr	r2, .L15+12
 236 0082 1160     		str	r1, [r2]
 301:Generated_Source\PSoC4/cyfitter_cfg.c **** 	CY_SET_REG32((void *)(CYREG_GPIO_PRT0_PC2), 0x000000FFu);
 237              		.loc 1 301 0
 238 0084 104A     		ldr	r2, .L15+16
 239 0086 1360     		str	r3, [r2]
 302:Generated_Source\PSoC4/cyfitter_cfg.c **** 
 303:Generated_Source\PSoC4/cyfitter_cfg.c **** 	/* IOPINS0_1 Starting address: CYDEV_GPIO_PRT1_BASE */
 304:Generated_Source\PSoC4/cyfitter_cfg.c **** 	CY_SET_REG32((void *)(CYDEV_GPIO_PRT1_BASE), 0x000000FEu);
 240              		.loc 1 304 0
 241 0088 FE21     		movs	r1, #254
 242 008a 104A     		ldr	r2, .L15+20
 243 008c 1160     		str	r1, [r2]
 305:Generated_Source\PSoC4/cyfitter_cfg.c **** 	CY_SET_REG32((void *)(CYREG_GPIO_PRT1_PC2), 0x000000FFu);
 244              		.loc 1 305 0
 245 008e 104A     		ldr	r2, .L15+24
 246 0090 1360     		str	r3, [r2]
 306:Generated_Source\PSoC4/cyfitter_cfg.c **** 
 307:Generated_Source\PSoC4/cyfitter_cfg.c **** 	/* IOPINS0_2 Starting address: CYDEV_GPIO_PRT2_BASE */
 308:Generated_Source\PSoC4/cyfitter_cfg.c **** 	CY_SET_REG32((void *)(CYDEV_GPIO_PRT2_BASE), 0x000000FFu);
 247              		.loc 1 308 0
 248 0092 104A     		ldr	r2, .L15+28
 249 0094 1360     		str	r3, [r2]
 309:Generated_Source\PSoC4/cyfitter_cfg.c **** 	CY_SET_REG32((void *)(CYREG_GPIO_PRT2_PC2), 0x000000FFu);
 250              		.loc 1 309 0
 251 0096 104A     		ldr	r2, .L15+32
 252 0098 1360     		str	r3, [r2]
 310:Generated_Source\PSoC4/cyfitter_cfg.c **** 
 311:Generated_Source\PSoC4/cyfitter_cfg.c **** 	/* IOPINS0_3 Starting address: CYDEV_GPIO_PRT3_BASE */
 312:Generated_Source\PSoC4/cyfitter_cfg.c **** 	CY_SET_REG32((void *)(CYDEV_GPIO_PRT3_BASE), 0x000000FFu);
 253              		.loc 1 312 0
 254 009a 104A     		ldr	r2, .L15+36
ARM GAS  C:\Users\Qinh\AppData\Local\Temp\ccU689mS.s 			page 11


 255 009c 1360     		str	r3, [r2]
 313:Generated_Source\PSoC4/cyfitter_cfg.c **** 	CY_SET_REG32((void *)(CYREG_GPIO_PRT3_PC2), 0x000000FFu);
 256              		.loc 1 313 0
 257 009e 104A     		ldr	r2, .L15+40
 258 00a0 1360     		str	r3, [r2]
 314:Generated_Source\PSoC4/cyfitter_cfg.c **** 
 315:Generated_Source\PSoC4/cyfitter_cfg.c **** 	/* IOPINS0_4 Starting address: CYDEV_GPIO_PRT4_BASE */
 316:Generated_Source\PSoC4/cyfitter_cfg.c **** 	CY_SET_REG32((void *)(CYDEV_GPIO_PRT4_BASE), 0x0000000Bu);
 259              		.loc 1 316 0
 260 00a2 0B22     		movs	r2, #11
 261 00a4 0F4B     		ldr	r3, .L15+44
 262 00a6 1A60     		str	r2, [r3]
 317:Generated_Source\PSoC4/cyfitter_cfg.c **** 	CY_SET_REG32((void *)(CYREG_GPIO_PRT4_PC2), 0x0000000Fu);
 263              		.loc 1 317 0
 264 00a8 0432     		adds	r2, r2, #4
 265 00aa 0F4B     		ldr	r3, .L15+48
 266 00ac 1A60     		str	r2, [r3]
 318:Generated_Source\PSoC4/cyfitter_cfg.c **** 
 319:Generated_Source\PSoC4/cyfitter_cfg.c **** 
 320:Generated_Source\PSoC4/cyfitter_cfg.c **** 	/* Setup clocks based on selections from Clock DWR */
 321:Generated_Source\PSoC4/cyfitter_cfg.c **** 	ClockSetup();
 267              		.loc 1 321 0
 268 00ae FFF7A7FF 		bl	ClockSetup
 269              	.LVL11:
 322:Generated_Source\PSoC4/cyfitter_cfg.c **** 
 323:Generated_Source\PSoC4/cyfitter_cfg.c **** 	/* Perform basic analog initialization to defaults */
 324:Generated_Source\PSoC4/cyfitter_cfg.c **** 	AnalogSetDefault();
 270              		.loc 1 324 0
 271 00b2 FFF7FEFF 		bl	AnalogSetDefault
 272              	.LVL12:
 325:Generated_Source\PSoC4/cyfitter_cfg.c **** 
 326:Generated_Source\PSoC4/cyfitter_cfg.c **** }
 273              		.loc 1 326 0
 274              		@ sp needed
 275 00b6 10BD     		pop	{r4, pc}
 276              	.L16:
 277              		.align	2
 278              	.L15:
 279 00b8 00000240 		.word	1073872896
 280 00bc 00030240 		.word	1073873664
 281 00c0 00000440 		.word	1074003968
 282 00c4 08000440 		.word	1074003976
 283 00c8 18000440 		.word	1074003992
 284 00cc 00010440 		.word	1074004224
 285 00d0 18010440 		.word	1074004248
 286 00d4 00020440 		.word	1074004480
 287 00d8 18020440 		.word	1074004504
 288 00dc 00030440 		.word	1074004736
 289 00e0 18030440 		.word	1074004760
 290 00e4 00040440 		.word	1074004992
 291 00e8 18040440 		.word	1074005016
 292              		.cfi_endproc
 293              	.LFE7:
 294              		.size	cyfitter_cfg, .-cyfitter_cfg
 295              		.text
 296              	.Letext0:
 297              		.file 2 "Generated_Source\\PSoC4\\cytypes.h"
ARM GAS  C:\Users\Qinh\AppData\Local\Temp\ccU689mS.s 			page 12


 298              		.file 3 "Generated_Source\\PSoC4\\CyLib.h"
 299              		.section	.debug_info,"",%progbits
 300              	.Ldebug_info0:
 301 0000 64010000 		.4byte	0x164
 302 0004 0400     		.2byte	0x4
 303 0006 00000000 		.4byte	.Ldebug_abbrev0
 304 000a 04       		.byte	0x4
 305 000b 01       		.uleb128 0x1
 306 000c 40010000 		.4byte	.LASF21
 307 0010 0C       		.byte	0xc
 308 0011 15000000 		.4byte	.LASF22
 309 0015 DB010000 		.4byte	.LASF23
 310 0019 00000000 		.4byte	.Ldebug_ranges0+0
 311 001d 00000000 		.4byte	0
 312 0021 00000000 		.4byte	.Ldebug_line0
 313 0025 02       		.uleb128 0x2
 314 0026 04       		.byte	0x4
 315 0027 05       		.byte	0x5
 316 0028 696E7400 		.ascii	"int\000"
 317 002c 03       		.uleb128 0x3
 318 002d 04       		.byte	0x4
 319 002e 07       		.byte	0x7
 320 002f 3B000000 		.4byte	.LASF0
 321 0033 03       		.uleb128 0x3
 322 0034 08       		.byte	0x8
 323 0035 05       		.byte	0x5
 324 0036 00000000 		.4byte	.LASF1
 325 003a 03       		.uleb128 0x3
 326 003b 08       		.byte	0x8
 327 003c 04       		.byte	0x4
 328 003d 19010000 		.4byte	.LASF2
 329 0041 03       		.uleb128 0x3
 330 0042 01       		.byte	0x1
 331 0043 06       		.byte	0x6
 332 0044 0D010000 		.4byte	.LASF3
 333 0048 03       		.uleb128 0x3
 334 0049 01       		.byte	0x1
 335 004a 08       		.byte	0x8
 336 004b B5000000 		.4byte	.LASF4
 337 004f 03       		.uleb128 0x3
 338 0050 02       		.byte	0x2
 339 0051 05       		.byte	0x5
 340 0052 36010000 		.4byte	.LASF5
 341 0056 03       		.uleb128 0x3
 342 0057 02       		.byte	0x2
 343 0058 07       		.byte	0x7
 344 0059 FA000000 		.4byte	.LASF6
 345 005d 03       		.uleb128 0x3
 346 005e 04       		.byte	0x4
 347 005f 05       		.byte	0x5
 348 0060 C8000000 		.4byte	.LASF7
 349 0064 03       		.uleb128 0x3
 350 0065 04       		.byte	0x4
 351 0066 07       		.byte	0x7
 352 0067 4E000000 		.4byte	.LASF8
 353 006b 03       		.uleb128 0x3
 354 006c 08       		.byte	0x8
ARM GAS  C:\Users\Qinh\AppData\Local\Temp\ccU689mS.s 			page 13


 355 006d 07       		.byte	0x7
 356 006e 6D000000 		.4byte	.LASF9
 357 0072 03       		.uleb128 0x3
 358 0073 04       		.byte	0x4
 359 0074 07       		.byte	0x7
 360 0075 D2010000 		.4byte	.LASF10
 361 0079 03       		.uleb128 0x3
 362 007a 01       		.byte	0x1
 363 007b 08       		.byte	0x8
 364 007c C3000000 		.4byte	.LASF11
 365 0080 04       		.uleb128 0x4
 366 0081 48000000 		.4byte	.LASF12
 367 0085 02       		.byte	0x2
 368 0086 FB01     		.2byte	0x1fb
 369 0088 48000000 		.4byte	0x48
 370 008c 04       		.uleb128 0x4
 371 008d 0E000000 		.4byte	.LASF13
 372 0091 02       		.byte	0x2
 373 0092 FD01     		.2byte	0x1fd
 374 0094 64000000 		.4byte	0x64
 375 0098 03       		.uleb128 0x3
 376 0099 04       		.byte	0x4
 377 009a 04       		.byte	0x4
 378 009b 84000000 		.4byte	.LASF14
 379 009f 03       		.uleb128 0x3
 380 00a0 08       		.byte	0x8
 381 00a1 04       		.byte	0x4
 382 00a2 ED000000 		.4byte	.LASF15
 383 00a6 04       		.uleb128 0x4
 384 00a7 F4000000 		.4byte	.LASF16
 385 00ab 02       		.byte	0x2
 386 00ac A702     		.2byte	0x2a7
 387 00ae B2000000 		.4byte	0xb2
 388 00b2 05       		.uleb128 0x5
 389 00b3 8C000000 		.4byte	0x8c
 390 00b7 06       		.uleb128 0x6
 391 00b8 E2000000 		.4byte	.LASF17
 392 00bc 01       		.byte	0x1
 393 00bd A9       		.byte	0xa9
 394 00be 00000000 		.4byte	.LFB4
 395 00c2 64000000 		.4byte	.LFE4-.LFB4
 396 00c6 01       		.uleb128 0x1
 397 00c7 9C       		.byte	0x9c
 398 00c8 DC000000 		.4byte	0xdc
 399 00cc 07       		.uleb128 0x7
 400 00cd 0E000000 		.4byte	.LVL0
 401 00d1 5C010000 		.4byte	0x15c
 402 00d5 08       		.uleb128 0x8
 403 00d6 01       		.uleb128 0x1
 404 00d7 50       		.byte	0x50
 405 00d8 01       		.uleb128 0x1
 406 00d9 48       		.byte	0x48
 407 00da 00       		.byte	0
 408 00db 00       		.byte	0
 409 00dc 09       		.uleb128 0x9
 410 00dd 8A000000 		.4byte	.LASF19
 411 00e1 01       		.byte	0x1
ARM GAS  C:\Users\Qinh\AppData\Local\Temp\ccU689mS.s 			page 14


 412 00e2 EF       		.byte	0xef
 413 00e3 00000000 		.4byte	.LFB6
 414 00e7 38000000 		.4byte	.LFE6-.LFB6
 415 00eb 01       		.uleb128 0x1
 416 00ec 9C       		.byte	0x9c
 417 00ed 0E010000 		.4byte	0x10e
 418 00f1 0A       		.uleb128 0xa
 419 00f2 25010000 		.4byte	.LASF24
 420 00f6 01       		.byte	0x1
 421 00f7 EF       		.byte	0xef
 422 00f8 80000000 		.4byte	0x80
 423 00fc 01       		.uleb128 0x1
 424 00fd 50       		.byte	0x50
 425 00fe 0B       		.uleb128 0xb
 426 00ff 2D010000 		.4byte	.LASF25
 427 0103 01       		.byte	0x1
 428 0104 F1       		.byte	0xf1
 429 0105 8C000000 		.4byte	0x8c
 430 0109 00000000 		.4byte	.LLST0
 431 010d 00       		.byte	0
 432 010e 06       		.uleb128 0x6
 433 010f D1000000 		.4byte	.LASF18
 434 0113 01       		.byte	0x1
 435 0114 D8       		.byte	0xd8
 436 0115 00000000 		.4byte	.LFB5
 437 0119 14000000 		.4byte	.LFE5-.LFB5
 438 011d 01       		.uleb128 0x1
 439 011e 9C       		.byte	0x9c
 440 011f 33010000 		.4byte	0x133
 441 0123 07       		.uleb128 0x7
 442 0124 0E000000 		.4byte	.LVL10
 443 0128 DC000000 		.4byte	0xdc
 444 012c 08       		.uleb128 0x8
 445 012d 01       		.uleb128 0x1
 446 012e 50       		.byte	0x50
 447 012f 01       		.uleb128 0x1
 448 0130 31       		.byte	0x31
 449 0131 00       		.byte	0
 450 0132 00       		.byte	0
 451 0133 0C       		.uleb128 0xc
 452 0134 60000000 		.4byte	.LASF20
 453 0138 01       		.byte	0x1
 454 0139 1B01     		.2byte	0x11b
 455 013b 64000000 		.4byte	.LFB7
 456 013f 88000000 		.4byte	.LFE7-.LFB7
 457 0143 01       		.uleb128 0x1
 458 0144 9C       		.byte	0x9c
 459 0145 5C010000 		.4byte	0x15c
 460 0149 0D       		.uleb128 0xd
 461 014a B2000000 		.4byte	.LVL11
 462 014e B7000000 		.4byte	0xb7
 463 0152 0D       		.uleb128 0xd
 464 0153 B6000000 		.4byte	.LVL12
 465 0157 0E010000 		.4byte	0x10e
 466 015b 00       		.byte	0
 467 015c 0E       		.uleb128 0xe
 468 015d A0000000 		.4byte	.LASF26
ARM GAS  C:\Users\Qinh\AppData\Local\Temp\ccU689mS.s 			page 15


 469 0161 A0000000 		.4byte	.LASF26
 470 0165 03       		.byte	0x3
 471 0166 6C       		.byte	0x6c
 472 0167 00       		.byte	0
 473              		.section	.debug_abbrev,"",%progbits
 474              	.Ldebug_abbrev0:
 475 0000 01       		.uleb128 0x1
 476 0001 11       		.uleb128 0x11
 477 0002 01       		.byte	0x1
 478 0003 25       		.uleb128 0x25
 479 0004 0E       		.uleb128 0xe
 480 0005 13       		.uleb128 0x13
 481 0006 0B       		.uleb128 0xb
 482 0007 03       		.uleb128 0x3
 483 0008 0E       		.uleb128 0xe
 484 0009 1B       		.uleb128 0x1b
 485 000a 0E       		.uleb128 0xe
 486 000b 55       		.uleb128 0x55
 487 000c 17       		.uleb128 0x17
 488 000d 11       		.uleb128 0x11
 489 000e 01       		.uleb128 0x1
 490 000f 10       		.uleb128 0x10
 491 0010 17       		.uleb128 0x17
 492 0011 00       		.byte	0
 493 0012 00       		.byte	0
 494 0013 02       		.uleb128 0x2
 495 0014 24       		.uleb128 0x24
 496 0015 00       		.byte	0
 497 0016 0B       		.uleb128 0xb
 498 0017 0B       		.uleb128 0xb
 499 0018 3E       		.uleb128 0x3e
 500 0019 0B       		.uleb128 0xb
 501 001a 03       		.uleb128 0x3
 502 001b 08       		.uleb128 0x8
 503 001c 00       		.byte	0
 504 001d 00       		.byte	0
 505 001e 03       		.uleb128 0x3
 506 001f 24       		.uleb128 0x24
 507 0020 00       		.byte	0
 508 0021 0B       		.uleb128 0xb
 509 0022 0B       		.uleb128 0xb
 510 0023 3E       		.uleb128 0x3e
 511 0024 0B       		.uleb128 0xb
 512 0025 03       		.uleb128 0x3
 513 0026 0E       		.uleb128 0xe
 514 0027 00       		.byte	0
 515 0028 00       		.byte	0
 516 0029 04       		.uleb128 0x4
 517 002a 16       		.uleb128 0x16
 518 002b 00       		.byte	0
 519 002c 03       		.uleb128 0x3
 520 002d 0E       		.uleb128 0xe
 521 002e 3A       		.uleb128 0x3a
 522 002f 0B       		.uleb128 0xb
 523 0030 3B       		.uleb128 0x3b
 524 0031 05       		.uleb128 0x5
 525 0032 49       		.uleb128 0x49
ARM GAS  C:\Users\Qinh\AppData\Local\Temp\ccU689mS.s 			page 16


 526 0033 13       		.uleb128 0x13
 527 0034 00       		.byte	0
 528 0035 00       		.byte	0
 529 0036 05       		.uleb128 0x5
 530 0037 35       		.uleb128 0x35
 531 0038 00       		.byte	0
 532 0039 49       		.uleb128 0x49
 533 003a 13       		.uleb128 0x13
 534 003b 00       		.byte	0
 535 003c 00       		.byte	0
 536 003d 06       		.uleb128 0x6
 537 003e 2E       		.uleb128 0x2e
 538 003f 01       		.byte	0x1
 539 0040 03       		.uleb128 0x3
 540 0041 0E       		.uleb128 0xe
 541 0042 3A       		.uleb128 0x3a
 542 0043 0B       		.uleb128 0xb
 543 0044 3B       		.uleb128 0x3b
 544 0045 0B       		.uleb128 0xb
 545 0046 27       		.uleb128 0x27
 546 0047 19       		.uleb128 0x19
 547 0048 11       		.uleb128 0x11
 548 0049 01       		.uleb128 0x1
 549 004a 12       		.uleb128 0x12
 550 004b 06       		.uleb128 0x6
 551 004c 40       		.uleb128 0x40
 552 004d 18       		.uleb128 0x18
 553 004e 9742     		.uleb128 0x2117
 554 0050 19       		.uleb128 0x19
 555 0051 01       		.uleb128 0x1
 556 0052 13       		.uleb128 0x13
 557 0053 00       		.byte	0
 558 0054 00       		.byte	0
 559 0055 07       		.uleb128 0x7
 560 0056 898201   		.uleb128 0x4109
 561 0059 01       		.byte	0x1
 562 005a 11       		.uleb128 0x11
 563 005b 01       		.uleb128 0x1
 564 005c 31       		.uleb128 0x31
 565 005d 13       		.uleb128 0x13
 566 005e 00       		.byte	0
 567 005f 00       		.byte	0
 568 0060 08       		.uleb128 0x8
 569 0061 8A8201   		.uleb128 0x410a
 570 0064 00       		.byte	0
 571 0065 02       		.uleb128 0x2
 572 0066 18       		.uleb128 0x18
 573 0067 9142     		.uleb128 0x2111
 574 0069 18       		.uleb128 0x18
 575 006a 00       		.byte	0
 576 006b 00       		.byte	0
 577 006c 09       		.uleb128 0x9
 578 006d 2E       		.uleb128 0x2e
 579 006e 01       		.byte	0x1
 580 006f 3F       		.uleb128 0x3f
 581 0070 19       		.uleb128 0x19
 582 0071 03       		.uleb128 0x3
ARM GAS  C:\Users\Qinh\AppData\Local\Temp\ccU689mS.s 			page 17


 583 0072 0E       		.uleb128 0xe
 584 0073 3A       		.uleb128 0x3a
 585 0074 0B       		.uleb128 0xb
 586 0075 3B       		.uleb128 0x3b
 587 0076 0B       		.uleb128 0xb
 588 0077 27       		.uleb128 0x27
 589 0078 19       		.uleb128 0x19
 590 0079 11       		.uleb128 0x11
 591 007a 01       		.uleb128 0x1
 592 007b 12       		.uleb128 0x12
 593 007c 06       		.uleb128 0x6
 594 007d 40       		.uleb128 0x40
 595 007e 18       		.uleb128 0x18
 596 007f 9742     		.uleb128 0x2117
 597 0081 19       		.uleb128 0x19
 598 0082 01       		.uleb128 0x1
 599 0083 13       		.uleb128 0x13
 600 0084 00       		.byte	0
 601 0085 00       		.byte	0
 602 0086 0A       		.uleb128 0xa
 603 0087 05       		.uleb128 0x5
 604 0088 00       		.byte	0
 605 0089 03       		.uleb128 0x3
 606 008a 0E       		.uleb128 0xe
 607 008b 3A       		.uleb128 0x3a
 608 008c 0B       		.uleb128 0xb
 609 008d 3B       		.uleb128 0x3b
 610 008e 0B       		.uleb128 0xb
 611 008f 49       		.uleb128 0x49
 612 0090 13       		.uleb128 0x13
 613 0091 02       		.uleb128 0x2
 614 0092 18       		.uleb128 0x18
 615 0093 00       		.byte	0
 616 0094 00       		.byte	0
 617 0095 0B       		.uleb128 0xb
 618 0096 34       		.uleb128 0x34
 619 0097 00       		.byte	0
 620 0098 03       		.uleb128 0x3
 621 0099 0E       		.uleb128 0xe
 622 009a 3A       		.uleb128 0x3a
 623 009b 0B       		.uleb128 0xb
 624 009c 3B       		.uleb128 0x3b
 625 009d 0B       		.uleb128 0xb
 626 009e 49       		.uleb128 0x49
 627 009f 13       		.uleb128 0x13
 628 00a0 02       		.uleb128 0x2
 629 00a1 17       		.uleb128 0x17
 630 00a2 00       		.byte	0
 631 00a3 00       		.byte	0
 632 00a4 0C       		.uleb128 0xc
 633 00a5 2E       		.uleb128 0x2e
 634 00a6 01       		.byte	0x1
 635 00a7 3F       		.uleb128 0x3f
 636 00a8 19       		.uleb128 0x19
 637 00a9 03       		.uleb128 0x3
 638 00aa 0E       		.uleb128 0xe
 639 00ab 3A       		.uleb128 0x3a
ARM GAS  C:\Users\Qinh\AppData\Local\Temp\ccU689mS.s 			page 18


 640 00ac 0B       		.uleb128 0xb
 641 00ad 3B       		.uleb128 0x3b
 642 00ae 05       		.uleb128 0x5
 643 00af 27       		.uleb128 0x27
 644 00b0 19       		.uleb128 0x19
 645 00b1 11       		.uleb128 0x11
 646 00b2 01       		.uleb128 0x1
 647 00b3 12       		.uleb128 0x12
 648 00b4 06       		.uleb128 0x6
 649 00b5 40       		.uleb128 0x40
 650 00b6 18       		.uleb128 0x18
 651 00b7 9742     		.uleb128 0x2117
 652 00b9 19       		.uleb128 0x19
 653 00ba 01       		.uleb128 0x1
 654 00bb 13       		.uleb128 0x13
 655 00bc 00       		.byte	0
 656 00bd 00       		.byte	0
 657 00be 0D       		.uleb128 0xd
 658 00bf 898201   		.uleb128 0x4109
 659 00c2 00       		.byte	0
 660 00c3 11       		.uleb128 0x11
 661 00c4 01       		.uleb128 0x1
 662 00c5 31       		.uleb128 0x31
 663 00c6 13       		.uleb128 0x13
 664 00c7 00       		.byte	0
 665 00c8 00       		.byte	0
 666 00c9 0E       		.uleb128 0xe
 667 00ca 2E       		.uleb128 0x2e
 668 00cb 00       		.byte	0
 669 00cc 3F       		.uleb128 0x3f
 670 00cd 19       		.uleb128 0x19
 671 00ce 3C       		.uleb128 0x3c
 672 00cf 19       		.uleb128 0x19
 673 00d0 6E       		.uleb128 0x6e
 674 00d1 0E       		.uleb128 0xe
 675 00d2 03       		.uleb128 0x3
 676 00d3 0E       		.uleb128 0xe
 677 00d4 3A       		.uleb128 0x3a
 678 00d5 0B       		.uleb128 0xb
 679 00d6 3B       		.uleb128 0x3b
 680 00d7 0B       		.uleb128 0xb
 681 00d8 00       		.byte	0
 682 00d9 00       		.byte	0
 683 00da 00       		.byte	0
 684              		.section	.debug_loc,"",%progbits
 685              	.Ldebug_loc0:
 686              	.LLST0:
 687 0000 04000000 		.4byte	.LVL2
 688 0004 12000000 		.4byte	.LVL4
 689 0008 0100     		.2byte	0x1
 690 000a 53       		.byte	0x53
 691 000b 14000000 		.4byte	.LVL5
 692 000f 1A000000 		.4byte	.LVL6
 693 0013 0100     		.2byte	0x1
 694 0015 53       		.byte	0x53
 695 0016 1A000000 		.4byte	.LVL6
 696 001a 1C000000 		.4byte	.LVL7
ARM GAS  C:\Users\Qinh\AppData\Local\Temp\ccU689mS.s 			page 19


 697 001e 0200     		.2byte	0x2
 698 0020 72       		.byte	0x72
 699 0021 00       		.sleb128 0
 700 0022 1C000000 		.4byte	.LVL7
 701 0026 38000000 		.4byte	.LFE6
 702 002a 0100     		.2byte	0x1
 703 002c 53       		.byte	0x53
 704 002d 00000000 		.4byte	0
 705 0031 00000000 		.4byte	0
 706              		.section	.debug_aranges,"",%progbits
 707 0000 34000000 		.4byte	0x34
 708 0004 0200     		.2byte	0x2
 709 0006 00000000 		.4byte	.Ldebug_info0
 710 000a 04       		.byte	0x4
 711 000b 00       		.byte	0
 712 000c 0000     		.2byte	0
 713 000e 0000     		.2byte	0
 714 0010 00000000 		.4byte	.LFB4
 715 0014 64000000 		.4byte	.LFE4-.LFB4
 716 0018 00000000 		.4byte	.LFB6
 717 001c 38000000 		.4byte	.LFE6-.LFB6
 718 0020 00000000 		.4byte	.LFB5
 719 0024 14000000 		.4byte	.LFE5-.LFB5
 720 0028 64000000 		.4byte	.LFB7
 721 002c 88000000 		.4byte	.LFE7-.LFB7
 722 0030 00000000 		.4byte	0
 723 0034 00000000 		.4byte	0
 724              		.section	.debug_ranges,"",%progbits
 725              	.Ldebug_ranges0:
 726 0000 00000000 		.4byte	.LFB4
 727 0004 64000000 		.4byte	.LFE4
 728 0008 00000000 		.4byte	.LFB6
 729 000c 38000000 		.4byte	.LFE6
 730 0010 00000000 		.4byte	.LFB5
 731 0014 14000000 		.4byte	.LFE5
 732 0018 64000000 		.4byte	.LFB7
 733 001c EC000000 		.4byte	.LFE7
 734 0020 00000000 		.4byte	0
 735 0024 00000000 		.4byte	0
 736              		.section	.debug_line,"",%progbits
 737              	.Ldebug_line0:
 738 0000 B9000000 		.section	.debug_str,"MS",%progbits,1
 738      02005400 
 738      00000201 
 738      FB0E0D00 
 738      01010101 
 739              	.LASF1:
 740 0000 6C6F6E67 		.ascii	"long long int\000"
 740      206C6F6E 
 740      6720696E 
 740      7400
 741              	.LASF13:
 742 000e 75696E74 		.ascii	"uint32\000"
 742      333200
 743              	.LASF22:
 744 0015 47656E65 		.ascii	"Generated_Source\\PSoC4\\cyfitter_cfg.c\000"
 744      72617465 
ARM GAS  C:\Users\Qinh\AppData\Local\Temp\ccU689mS.s 			page 20


 744      645F536F 
 744      75726365 
 744      5C50536F 
 745              	.LASF0:
 746 003b 756E7369 		.ascii	"unsigned int\000"
 746      676E6564 
 746      20696E74 
 746      00
 747              	.LASF12:
 748 0048 75696E74 		.ascii	"uint8\000"
 748      3800
 749              	.LASF8:
 750 004e 6C6F6E67 		.ascii	"long unsigned int\000"
 750      20756E73 
 750      69676E65 
 750      6420696E 
 750      7400
 751              	.LASF20:
 752 0060 63796669 		.ascii	"cyfitter_cfg\000"
 752      74746572 
 752      5F636667 
 752      00
 753              	.LASF9:
 754 006d 6C6F6E67 		.ascii	"long long unsigned int\000"
 754      206C6F6E 
 754      6720756E 
 754      7369676E 
 754      65642069 
 755              	.LASF14:
 756 0084 666C6F61 		.ascii	"float\000"
 756      7400
 757              	.LASF19:
 758 008a 53657441 		.ascii	"SetAnalogRoutingPumps\000"
 758      6E616C6F 
 758      67526F75 
 758      74696E67 
 758      50756D70 
 759              	.LASF26:
 760 00a0 43795379 		.ascii	"CySysClkWriteImoFreq\000"
 760      73436C6B 
 760      57726974 
 760      65496D6F 
 760      46726571 
 761              	.LASF4:
 762 00b5 756E7369 		.ascii	"unsigned char\000"
 762      676E6564 
 762      20636861 
 762      7200
 763              	.LASF11:
 764 00c3 63686172 		.ascii	"char\000"
 764      00
 765              	.LASF7:
 766 00c8 6C6F6E67 		.ascii	"long int\000"
 766      20696E74 
 766      00
 767              	.LASF18:
 768 00d1 416E616C 		.ascii	"AnalogSetDefault\000"
ARM GAS  C:\Users\Qinh\AppData\Local\Temp\ccU689mS.s 			page 21


 768      6F675365 
 768      74446566 
 768      61756C74 
 768      00
 769              	.LASF17:
 770 00e2 436C6F63 		.ascii	"ClockSetup\000"
 770      6B536574 
 770      757000
 771              	.LASF15:
 772 00ed 646F7562 		.ascii	"double\000"
 772      6C6500
 773              	.LASF16:
 774 00f4 72656733 		.ascii	"reg32\000"
 774      3200
 775              	.LASF6:
 776 00fa 73686F72 		.ascii	"short unsigned int\000"
 776      7420756E 
 776      7369676E 
 776      65642069 
 776      6E7400
 777              	.LASF3:
 778 010d 7369676E 		.ascii	"signed char\000"
 778      65642063 
 778      68617200 
 779              	.LASF2:
 780 0119 6C6F6E67 		.ascii	"long double\000"
 780      20646F75 
 780      626C6500 
 781              	.LASF24:
 782 0125 656E6162 		.ascii	"enabled\000"
 782      6C656400 
 783              	.LASF25:
 784 012d 72656756 		.ascii	"regValue\000"
 784      616C7565 
 784      00
 785              	.LASF5:
 786 0136 73686F72 		.ascii	"short int\000"
 786      7420696E 
 786      7400
 787              	.LASF21:
 788 0140 474E5520 		.ascii	"GNU C11 5.4.1 20160609 (release) [ARM/embedded-5-br"
 788      43313120 
 788      352E342E 
 788      31203230 
 788      31363036 
 789 0173 616E6368 		.ascii	"anch revision 237715] -mcpu=cortex-m0plus -mthumb -"
 789      20726576 
 789      6973696F 
 789      6E203233 
 789      37373135 
 790 01a6 67202D4F 		.ascii	"g -Og -ffunction-sections -ffat-lto-objects\000"
 790      67202D66 
 790      66756E63 
 790      74696F6E 
 790      2D736563 
 791              	.LASF10:
 792 01d2 73697A65 		.ascii	"sizetype\000"
ARM GAS  C:\Users\Qinh\AppData\Local\Temp\ccU689mS.s 			page 22


 792      74797065 
 792      00
 793              	.LASF23:
 794 01db 433A5C55 		.ascii	"C:\\Users\\Qinh\\Documents\\PSoC Creator\\Workspace"
 794      73657273 
 794      5C51696E 
 794      685C446F 
 794      63756D65 
 795 0209 30315C63 		.ascii	"01\\cy8c4025-34channel-touch.cydsn\000"
 795      79386334 
 795      3032352D 
 795      33346368 
 795      616E6E65 
 796              		.ident	"GCC: (GNU Tools for ARM Embedded Processors) 5.4.1 20160609 (release) [ARM/embedded-5-bran
