Archive member included to satisfy reference by file (symbol)

.\CortexM0p\ARM_GCC_541\Release\cy8c4025-34channel-touch.a(UART_1.o)
                              .\CortexM0p\ARM_GCC_541\Release\main.o (UART_1_Start)
.\CortexM0p\ARM_GCC_541\Release\cy8c4025-34channel-touch.a(UART_1_SPI_UART.o)
                              .\CortexM0p\ARM_GCC_541\Release\main.o (UART_1_SpiUartWriteTxData)
.\CortexM0p\ARM_GCC_541\Release\cy8c4025-34channel-touch.a(UART_1_UART.o)
                              .\CortexM0p\ARM_GCC_541\Release\cy8c4025-34channel-touch.a(UART_1.o) (UART_1_UartInit)
.\CortexM0p\ARM_GCC_541\Release\cy8c4025-34channel-touch.a(CyLib.o)
                              .\CortexM0p\ARM_GCC_541\Release\cy8c4025-34channel-touch.a(UART_1_UART.o) (CyIntSetVector)
.\CortexM0p\ARM_GCC_541\Release\cy8c4025-34channel-touch.a(cyPm.o)
                              .\CortexM0p\ARM_GCC_541\Release\main.o (CySysPmSleep)
.\CortexM0p\ARM_GCC_541\Release\cy8c4025-34channel-touch.a(CyLFClk.o)
                              .\CortexM0p\ARM_GCC_541\Release\main.o (CySysClkIloCompensate)
.\CortexM0p\ARM_GCC_541\Release\cy8c4025-34channel-touch.a(CapSense_Control.o)
                              .\CortexM0p\ARM_GCC_541\Release\main.o (CapSense_Start)
.\CortexM0p\ARM_GCC_541\Release\cy8c4025-34channel-touch.a(CapSense_Processing.o)
                              .\CortexM0p\ARM_GCC_541\Release\cy8c4025-34channel-touch.a(CapSense_Control.o) (CapSense_DpInitialize)
.\CortexM0p\ARM_GCC_541\Release\cy8c4025-34channel-touch.a(CapSense_Structure.o)
                              .\CortexM0p\ARM_GCC_541\Release\cy8c4025-34channel-touch.a(CapSense_Control.o) (CapSense_DsInitialize)
.\CortexM0p\ARM_GCC_541\Release\cy8c4025-34channel-touch.a(CapSense_Tuner.o)
                              .\CortexM0p\ARM_GCC_541\Release\cy8c4025-34channel-touch.a(CapSense_Control.o) (CapSense_TuInitialize)
.\CortexM0p\ARM_GCC_541\Release\cy8c4025-34channel-touch.a(CapSense_Filter.o)
                              .\CortexM0p\ARM_GCC_541\Release\cy8c4025-34channel-touch.a(CapSense_Control.o) (CapSense_InitializeAllBaselines)
.\CortexM0p\ARM_GCC_541\Release\cy8c4025-34channel-touch.a(CapSense_Sensing.o)
                              .\CortexM0p\ARM_GCC_541\Release\main.o (CapSense_IsBusy)
.\CortexM0p\ARM_GCC_541\Release\cy8c4025-34channel-touch.a(CapSense_SensingCSD_LL.o)
                              .\CortexM0p\ARM_GCC_541\Release\cy8c4025-34channel-touch.a(CapSense_Sensing.o) (CapSense_SsCSDInitialize)
.\CortexM0p\ARM_GCC_541\Release\cy8c4025-34channel-touch.a(CapSense_ISR.o)
                              .\CortexM0p\ARM_GCC_541\Release\cy8c4025-34channel-touch.a(CapSense_Sensing.o) (CapSense_ISR_StartEx)
.\CortexM0p\ARM_GCC_541\Release\cy8c4025-34channel-touch.a(CyBootAsmGnu.o)
                              .\CortexM0p\ARM_GCC_541\Release\cy8c4025-34channel-touch.a(CyLib.o) (CyDelayCycles)
.\CortexM0p\ARM_GCC_541\Release\cy8c4025-34channel-touch.a(UART_1_SPI_UART_INT.o)
                              .\CortexM0p\ARM_GCC_541\Release\cy8c4025-34channel-touch.a(UART_1_UART.o) (UART_1_SPI_UART_ISR)
.\CortexM0p\ARM_GCC_541\Release\cy8c4025-34channel-touch.a(CyFlash.o)
                              .\CortexM0p\ARM_GCC_541\Release\cy8c4025-34channel-touch.a(CyLib.o) (CySysFlashSetWaitCycles)
.\CortexM0p\ARM_GCC_541\Release\cy8c4025-34channel-touch.a(CapSense_INT.o)
                              .\CortexM0p\ARM_GCC_541\Release\cy8c4025-34channel-touch.a(CapSense_SensingCSD_LL.o) (CapSense_CSDPostSingleScan)
C:\Program Files (x86)\Cypress\PSoC Creator\4.4\PSoC Creator\psoc\content\CyComponentLibrary\CyComponentLibrary.cylib\CapSense_P4_v7_0\PSoC4\Library\Capsense_P4Library_GCCp.a(CapSense_SmartSense_LL.o)
                              .\CortexM0p\ARM_GCC_541\Release\cy8c4025-34channel-touch.a(CapSense_Sensing.o) (SmartSense_TunePrescalers)
C:\Program Files (x86)\Cypress\PSoC Creator\4.4\PSoC Creator\psoc\content\CyComponentLibrary\CyComponentLibrary.cylib\CapSense_P4_v7_0\PSoC4\Library\Capsense_P4Library_GCCp.a(CapSense_SmartSense_SL.o)
                              .\CortexM0p\ARM_GCC_541\Release\cy8c4025-34channel-touch.a(CapSense_Processing.o) (SmartSense_UpdateThresholds)
c:/program files (x86)/cypress/psoc creator/4.4/psoc creator/import/gnu/arm/5.4.1/bin/../lib/gcc/arm-none-eabi/5.4.1/armv6-m\libgcc.a(_thumb1_case_uqi.o)
                              .\CortexM0p\ARM_GCC_541\Release\cy8c4025-34channel-touch.a(CapSense_Tuner.o) (__gnu_thumb1_case_uqi)
c:/program files (x86)/cypress/psoc creator/4.4/psoc creator/import/gnu/arm/5.4.1/bin/../lib/gcc/arm-none-eabi/5.4.1/armv6-m\libgcc.a(_thumb1_case_uhi.o)
                              .\CortexM0p\ARM_GCC_541\Release\main.o (__gnu_thumb1_case_uhi)
c:/program files (x86)/cypress/psoc creator/4.4/psoc creator/import/gnu/arm/5.4.1/bin/../lib/gcc/arm-none-eabi/5.4.1/armv6-m\libgcc.a(_udivsi3.o)
                              .\CortexM0p\ARM_GCC_541\Release\main.o (__aeabi_uidiv)
[...]
Memory Configuration

Name             Origin             Length             Attributes
rom              0x00000000         0x00008000         xr
ram              0x20000000         0x00001000         xrw
*default*        0x00000000         0xffffffff

Linker script and memory map

LOAD c:/program files (x86)/cypress/psoc creator/4.4/psoc creator/import/gnu/arm/5.4.1/bin/../lib/gcc/arm-none-eabi/5.4.1/armv6-m/crti.o
LOAD c:/program files (x86)/cypress/psoc creator/4.4/psoc creator/import/gnu/arm/5.4.1/bin/../lib/gcc/arm-none-eabi/5.4.1/armv6-m/crtbegin.o
LOAD c:/program files (x86)/cypress/psoc creator/4.4/psoc creator/import/gnu/arm/5.4.1/bin/../lib/gcc/arm-none-eabi/5.4.1/../../../../arm-none-eabi/lib/armv6-m/crt0.o
START GROUP
LOAD .\CortexM0p\ARM_GCC_541\Release\main.o
LOAD .\CortexM0p\ARM_GCC_541\Release\cyfitter_cfg.o
LOAD .\CortexM0p\ARM_GCC_541\Release\cymetadata.o
LOAD .\CortexM0p\ARM_GCC_541\Release\Cm0plusStart.o
LOAD .\CortexM0p\ARM_GCC_541\Release\cy8c4025-34channel-touch.a
LOAD C:\Program Files (x86)\Cypress\PSoC Creator\4.4\PSoC Creator\psoc\content\CyComponentLibrary\CyComponentLibrary.cylib\CapSense_P4_v7_0\PSoC4\Library\Capsense_P4Library_GCCp.a
END GROUP
START GROUP
LOAD c:/program files (x86)/cypress/psoc creator/4.4/psoc creator/import/gnu/arm/5.4.1/bin/../lib/gcc/arm-none-eabi/5.4.1/armv6-m\libgcc.a
LOAD c:/program files (x86)/cypress/psoc creator/4.4/psoc creator/import/gnu/arm/5.4.1/bin/../lib/gcc/arm-none-eabi/5.4.1/../../../../arm-none-eabi/lib/armv6-m\libg_nano.a
LOAD c:/program files (x86)/cypress/psoc creator/4.4/psoc creator/import/gnu/arm/5.4.1/bin/../lib/gcc/arm-none-eabi/5.4.1/../../../../arm-none-eabi/lib/armv6-m\libc_nano.a
END GROUP
START GROUP
LOAD c:/program files (x86)/cypress/psoc creator/4.4/psoc creator/import/gnu/arm/5.4.1/bin/../lib/gcc/arm-none-eabi/5.4.1/armv6-m\libgcc.a
LOAD c:/program files (x86)/cypress/psoc creator/4.4/psoc creator/import/gnu/arm/5.4.1/bin/../lib/gcc/arm-none-eabi/5.4.1/../../../../arm-none-eabi/lib/armv6-m\libc_nano.a
END GROUP
LOAD c:/program files (x86)/cypress/psoc creator/4.4/psoc creator/import/gnu/arm/5.4.1/bin/../lib/gcc/arm-none-eabi/5.4.1/armv6-m/crtend.o
LOAD c:/program files (x86)/cypress/psoc creator/4.4/psoc creator/import/gnu/arm/5.4.1/bin/../lib/gcc/arm-none-eabi/5.4.1/armv6-m/crtn.o
START GROUP
LOAD c:/program files (x86)/cypress/psoc creator/4.4/psoc creator/import/gnu/arm/5.4.1/bin/../lib/gcc/arm-none-eabi/5.4.1/armv6-m\libgcc.a
LOAD c:/program files (x86)/cypress/psoc creator/4.4/psoc creator/import/gnu/arm/5.4.1/bin/../lib/gcc/arm-none-eabi/5.4.1/../../../../arm-none-eabi/lib/armv6-m\libc.a
LOAD c:/program files (x86)/cypress/psoc creator/4.4/psoc creator/import/gnu/arm/5.4.1/bin/../lib/gcc/arm-none-eabi/5.4.1/../../../../arm-none-eabi/lib/armv6-m\libnosys.a
END GROUP
                0x00000000                CY_APPL_ORIGIN = 0x0
                0x00000080                CY_FLASH_ROW_SIZE = 0x80
                0x00000001                CY_APPL_NUM = 0x1
                0x00000001                CY_APPL_MAX = 0x1
                0x00000040                CY_METADATA_SIZE = 0x40
                0x00000000                CY_APPL_LOADABLE = 0x0
                0x00000000                CY_CHECKSUM_EXCLUDE_SIZE = ALIGN (0x0, CY_FLASH_ROW_SIZE)
                0x00000000                CY_APP_FOR_STACK_AND_COPIER = 0x0
                [!provide]                PROVIDE (__cy_heap_start, _end)
                0x00000001                PROVIDE (__cy_region_num, ((__cy_regions_end - __cy_regions) / 0x10))
                0x20001000                PROVIDE (__cy_stack, (ORIGIN (ram) + LENGTH (ram)))
                [!provide]                PROVIDE (__cy_heap_end, (__cy_stack - 0x400))

.cybootloader   0x00000000        0x0
 *(.cybootloader)
                0x00000000                appl1_start = CY_APPL_ORIGIN?CY_APPL_ORIGIN:ALIGN (CY_FLASH_ROW_SIZE)
                0x00003f80                appl2_start = (appl1_start + ALIGN ((((LENGTH (rom) - appl1_start) - (0x2 * CY_FLASH_ROW_SIZE)) / 0x2), CY_FLASH_ROW_SIZE))
                0x00000000                appl_start = (CY_APPL_NUM == 0x1)?appl1_start:appl2_start
                0x00000001                cy_project_type_bootloader = (appl_start == 0x0)?0x1:0x0
                0x00000000                cy_project_type_app_for_stack_and_copier = (CY_APP_FOR_STACK_AND_COPIER == 0x1)?0x1:0x0

.text           0x00000000     0x26ea
 CREATE_OBJECT_SYMBOLS
                0x00000000                PROVIDE (__cy_interrupt_vector, RomVectors)
 *(.romvectors)
 .romvectors    0x00000000       0x10 .\CortexM0p\ARM_GCC_541\Release\Cm0plusStart.o
                0x00000000                RomVectors
                0x00000001                ASSERT ((. != __cy_interrupt_vector), No interrupt vector)
                0x00000001                ASSERT (CY_APPL_ORIGIN?(SIZEOF (.cybootloader) <= CY_APPL_ORIGIN):0x1, Wrong image location)
                0x00000010                PROVIDE (__cy_reset, Reset)
 *(.text.Reset)
 .text.Reset    0x00000010        0xa .\CortexM0p\ARM_GCC_541\Release\Cm0plusStart.o
                0x00000010                Reset
                0x00000001                ASSERT ((. != __cy_reset), No reset code)
 *(.psocinit)
 *fill*         0x0000001a        0x2 
 .psocinit      0x0000001c       0xec .\CortexM0p\ARM_GCC_541\Release\cyfitter_cfg.o
                0x0000001c                cyfitter_cfg
                0x00000108                . = MAX (., 0x100)
 *(.text .text.* .gnu.linkonce.t.*)
 .text          0x00000108       0x60 c:/program files (x86)/cypress/psoc creator/4.4/psoc creator/import/gnu/arm/5.4.1/bin/../lib/gcc/arm-none-eabi/5.4.1/armv6-m/crtbegin.o
 .text.EnterDeepSleepLowPowerMode
                0x00000168       0x14 .\CortexM0p\ARM_GCC_541\Release\main.o
                0x00000168                EnterDeepSleepLowPowerMode
 .text.CalibrateWdtMatchValue
                0x0000017c       0x2c .\CortexM0p\ARM_GCC_541\Release\main.o
                0x0000017c                CalibrateWdtMatchValue
 .text.WDT_Start
                0x000001a8       0x3c .\CortexM0p\ARM_GCC_541\Release\main.o
                0x000001a8                WDT_Start
 .text.startup.main
                0x000001e4      0x694 .\CortexM0p\ARM_GCC_541\Release\main.o
                0x000001e4                main
 .text.SetAnalogRoutingPumps
                0x00000878       0x38 .\CortexM0p\ARM_GCC_541\Release\cyfitter_cfg.o
                0x00000878                SetAnalogRoutingPumps
 .text.IntDefaultHandler
                0x000008b0       0x10 .\CortexM0p\ARM_GCC_541\Release\Cm0plusStart.o
                0x000008b0                IntDefaultHandler
 .text.Start_c  0x000008c0       0x4c .\CortexM0p\ARM_GCC_541\Release\Cm0plusStart.o
                0x000008c0                Start_c
 .text.startup.initialize_psoc
                0x0000090c       0x3c .\CortexM0p\ARM_GCC_541\Release\Cm0plusStart.o
                0x0000090c                initialize_psoc
 .text.UART_1_Enable
                0x00000948       0x20 .\CortexM0p\ARM_GCC_541\Release\cy8c4025-34channel-touch.a(UART_1.o)
                0x00000948                UART_1_Enable
 .text.UART_1_Start
                0x00000968       0x1c .\CortexM0p\ARM_GCC_541\Release\cy8c4025-34channel-touch.a(UART_1.o)
                0x00000968                UART_1_Start
 .text.UART_1_SpiUartWriteTxData
                0x00000984       0x6c .\CortexM0p\ARM_GCC_541\Release\cy8c4025-34channel-touch.a(UART_1_SPI_UART.o)
                0x00000984                UART_1_SpiUartWriteTxData
 .text.UART_1_UartInit
                0x000009f0       0xd4 .\CortexM0p\ARM_GCC_541\Release\cy8c4025-34channel-touch.a(UART_1_UART.o)
                0x000009f0                UART_1_UartInit
 .text.UART_1_UartPostEnable
                0x00000ac4       0x2c .\CortexM0p\ARM_GCC_541\Release\cy8c4025-34channel-touch.a(UART_1_UART.o)
                0x00000ac4                UART_1_UartPostEnable
 .text.CySysClkImoDisableWcoLock
                0x00000af0       0x48 .\CortexM0p\ARM_GCC_541\Release\cy8c4025-34channel-touch.a(CyLib.o)
                0x00000af0                CySysClkImoDisableWcoLock
 .text.CySysClkImoGetWcoLock
                0x00000b38       0x10 .\CortexM0p\ARM_GCC_541\Release\cy8c4025-34channel-touch.a(CyLib.o)
                0x00000b38                CySysClkImoGetWcoLock
 .text.CyIntSetVector
                0x00000b48       0x10 .\CortexM0p\ARM_GCC_541\Release\cy8c4025-34channel-touch.a(CyLib.o)
                0x00000b48                CyIntSetVector
 .text.CyIntSetPriority
                0x00000b58       0x34 .\CortexM0p\ARM_GCC_541\Release\cy8c4025-34channel-touch.a(CyLib.o)
                0x00000b58                CyIntSetPriority
 .text.CyIntEnable
                0x00000b8c       0x14 .\CortexM0p\ARM_GCC_541\Release\cy8c4025-34channel-touch.a(CyLib.o)
                0x00000b8c                CyIntEnable
 .text.CyIntDisable
                0x00000ba0       0x14 .\CortexM0p\ARM_GCC_541\Release\cy8c4025-34channel-touch.a(CyLib.o)
                0x00000ba0                CyIntDisable
 .text.CyIntClearPending
                0x00000bb4       0x14 .\CortexM0p\ARM_GCC_541\Release\cy8c4025-34channel-touch.a(CyLib.o)
                0x00000bb4                CyIntClearPending
 .text.CyDelay  0x00000bc8       0x2c .\CortexM0p\ARM_GCC_541\Release\cy8c4025-34channel-touch.a(CyLib.o)
                0x00000bc8                CyDelay
 .text.CySysClkImoEnableWcoLock
                0x00000bf4       0xc4 .\CortexM0p\ARM_GCC_541\Release\cy8c4025-34channel-touch.a(CyLib.o)
                0x00000bf4                CySysClkImoEnableWcoLock
 .text.CySysClkWriteImoFreq
                0x00000cb8       0xb8 .\CortexM0p\ARM_GCC_541\Release\cy8c4025-34channel-touch.a(CyLib.o)
                0x00000cb8                CySysClkWriteImoFreq
 .text.CyDelayUs
                0x00000d70       0x14 .\CortexM0p\ARM_GCC_541\Release\cy8c4025-34channel-touch.a(CyLib.o)
                0x00000d70                CyDelayUs
 .text.CySysPmSleep
                0x00000d84       0x1c .\CortexM0p\ARM_GCC_541\Release\cy8c4025-34channel-touch.a(cyPm.o)
                0x00000d84                CySysPmSleep
 .text.CySysClkIloCompensate
                0x00000da0       0xe8 .\CortexM0p\ARM_GCC_541\Release\cy8c4025-34channel-touch.a(CyLFClk.o)
                0x00000da0                CySysClkIloCompensate
 .text.CySysClkWcoEnabled
                0x00000e88        0xc .\CortexM0p\ARM_GCC_541\Release\cy8c4025-34channel-touch.a(CyLFClk.o)
                0x00000e88                CySysClkWcoEnabled
 .text.CySysWdtDisable
                0x00000e94       0x10 .\CortexM0p\ARM_GCC_541\Release\cy8c4025-34channel-touch.a(CyLFClk.o)
                0x00000e94                CySysWdtDisable
 .text.CySysWdtSetMatch
                0x00000ea4       0x14 .\CortexM0p\ARM_GCC_541\Release\cy8c4025-34channel-touch.a(CyLFClk.o)
                0x00000ea4                CySysWdtSetMatch
 .text.CySysWdtGetMatch
                0x00000eb8        0xc .\CortexM0p\ARM_GCC_541\Release\cy8c4025-34channel-touch.a(CyLFClk.o)
                0x00000eb8                CySysWdtGetMatch
 .text.CySysWdtUnmaskInterrupt
                0x00000ec4       0x10 .\CortexM0p\ARM_GCC_541\Release\cy8c4025-34channel-touch.a(CyLFClk.o)
                0x00000ec4                CySysWdtUnmaskInterrupt
 .text.CapSense_Initialize
                0x00000ed4       0x24 .\CortexM0p\ARM_GCC_541\Release\cy8c4025-34channel-touch.a(CapSense_Control.o)
                0x00000ed4                CapSense_Initialize
 .text.CapSense_Start
                0x00000ef8       0x44 .\CortexM0p\ARM_GCC_541\Release\cy8c4025-34channel-touch.a(CapSense_Control.o)
                0x00000ef8                CapSense_Start
 .text.CapSense_ProcessWidget
                0x00000f3c       0x44 .\CortexM0p\ARM_GCC_541\Release\cy8c4025-34channel-touch.a(CapSense_Control.o)
                0x00000f3c                CapSense_ProcessWidget
 .text.CapSense_DpInitialize
                0x00000f80       0x48 .\CortexM0p\ARM_GCC_541\Release\cy8c4025-34channel-touch.a(CapSense_Processing.o)
                0x00000f80                CapSense_DpInitialize
 .text.CapSense_DpUpdateThresholds
                0x00000fc8       0x2e .\CortexM0p\ARM_GCC_541\Release\cy8c4025-34channel-touch.a(CapSense_Processing.o)
                0x00000fc8                CapSense_DpUpdateThresholds
 .text.CapSense_DpUpdateDifferences
                0x00000ff6       0x16 .\CortexM0p\ARM_GCC_541\Release\cy8c4025-34channel-touch.a(CapSense_Processing.o)
                0x00000ff6                CapSense_DpUpdateDifferences
 .text.CapSense_DpProcessCsdWidgetRawCounts
                0x0000100c       0x74 .\CortexM0p\ARM_GCC_541\Release\cy8c4025-34channel-touch.a(CapSense_Processing.o)
                0x0000100c                CapSense_DpProcessCsdWidgetRawCounts
 .text.CapSense_DpProcessButton
                0x00001080       0x66 .\CortexM0p\ARM_GCC_541\Release\cy8c4025-34channel-touch.a(CapSense_Processing.o)
                0x00001080                CapSense_DpProcessButton
 *fill*         0x000010e6        0x2 
 .text.CapSense_DpProcessCsdWidgetStatus
                0x000010e8       0x40 .\CortexM0p\ARM_GCC_541\Release\cy8c4025-34channel-touch.a(CapSense_Processing.o)
                0x000010e8                CapSense_DpProcessCsdWidgetStatus
 .text.CapSense_DsInitialize
                0x00001128       0x90 .\CortexM0p\ARM_GCC_541\Release\cy8c4025-34channel-touch.a(CapSense_Structure.o)
                0x00001128                CapSense_DsInitialize
 .text.CapSense_IsAnyWidgetActive
                0x000011b8       0x10 .\CortexM0p\ARM_GCC_541\Release\cy8c4025-34channel-touch.a(CapSense_Structure.o)
                0x000011b8                CapSense_IsAnyWidgetActive
 .text.CapSense_TuInitialize
                0x000011c8       0x14 .\CortexM0p\ARM_GCC_541\Release\cy8c4025-34channel-touch.a(CapSense_Tuner.o)
                0x000011c8                CapSense_TuInitialize
 .text.CapSense_FtInitializeBaselineChannel
                0x000011dc       0x1a .\CortexM0p\ARM_GCC_541\Release\cy8c4025-34channel-touch.a(CapSense_Filter.o)
                0x000011dc                CapSense_FtInitializeBaselineChannel
 .text.CapSense_FtInitializeBaseline
                0x000011f6        0xa .\CortexM0p\ARM_GCC_541\Release\cy8c4025-34channel-touch.a(CapSense_Filter.o)
                0x000011f6                CapSense_FtInitializeBaseline
 .text.CapSense_InitializeSensorBaseline
                0x00001200       0x20 .\CortexM0p\ARM_GCC_541\Release\cy8c4025-34channel-touch.a(CapSense_Filter.o)
                0x00001200                CapSense_InitializeSensorBaseline
 .text.CapSense_InitializeWidgetBaseline
                0x00001220       0x24 .\CortexM0p\ARM_GCC_541\Release\cy8c4025-34channel-touch.a(CapSense_Filter.o)
                0x00001220                CapSense_InitializeWidgetBaseline
 .text.CapSense_InitializeAllBaselines
                0x00001244       0x12 .\CortexM0p\ARM_GCC_541\Release\cy8c4025-34channel-touch.a(CapSense_Filter.o)
                0x00001244                CapSense_InitializeAllBaselines
 .text.CapSense_FtUpdateBaseline
                0x00001256       0x6c .\CortexM0p\ARM_GCC_541\Release\cy8c4025-34channel-touch.a(CapSense_Filter.o)
                0x00001256                CapSense_FtUpdateBaseline
 .text.CapSense_InitializeIIRInternal
                0x000012c2        0xc .\CortexM0p\ARM_GCC_541\Release\cy8c4025-34channel-touch.a(CapSense_Filter.o)
                0x000012c2                CapSense_InitializeIIRInternal
 .text.CapSense_RunIIRInternal
                0x000012ce       0x14 .\CortexM0p\ARM_GCC_541\Release\cy8c4025-34channel-touch.a(CapSense_Filter.o)
                0x000012ce                CapSense_RunIIRInternal
 .text.CapSense_InitializeMedianInternal
                0x000012e2        0xe .\CortexM0p\ARM_GCC_541\Release\cy8c4025-34channel-touch.a(CapSense_Filter.o)
                0x000012e2                CapSense_InitializeMedianInternal
 .text.CapSense_InitializeWidgetFilter
                0x000012f0       0x70 .\CortexM0p\ARM_GCC_541\Release\cy8c4025-34channel-touch.a(CapSense_Filter.o)
                0x000012f0                CapSense_InitializeWidgetFilter
 .text.CapSense_InitializeAllFilters
                0x00001360       0x12 .\CortexM0p\ARM_GCC_541\Release\cy8c4025-34channel-touch.a(CapSense_Filter.o)
                0x00001360                CapSense_InitializeAllFilters
 .text.CapSense_FtInitialize
                0x00001372        0x8 .\CortexM0p\ARM_GCC_541\Release\cy8c4025-34channel-touch.a(CapSense_Filter.o)
                0x00001372                CapSense_FtInitialize
 .text.CapSense_RunMedianInternal
                0x0000137a       0x2e .\CortexM0p\ARM_GCC_541\Release\cy8c4025-34channel-touch.a(CapSense_Filter.o)
                0x0000137a                CapSense_RunMedianInternal
 .text.CapSense_FtRunEnabledFiltersInternal
                0x000013a8       0x18 .\CortexM0p\ARM_GCC_541\Release\cy8c4025-34channel-touch.a(CapSense_Filter.o)
                0x000013a8                CapSense_FtRunEnabledFiltersInternal
 .text.CapSense_IsBusy
                0x000013c0       0x10 .\CortexM0p\ARM_GCC_541\Release\cy8c4025-34channel-touch.a(CapSense_Sensing.o)
                0x000013c0                CapSense_IsBusy
 .text.CapSense_SetupWidget
                0x000013d0       0x38 .\CortexM0p\ARM_GCC_541\Release\cy8c4025-34channel-touch.a(CapSense_Sensing.o)
                0x000013d0                CapSense_SetupWidget
 .text.CapSense_Scan
                0x00001408       0x30 .\CortexM0p\ARM_GCC_541\Release\cy8c4025-34channel-touch.a(CapSense_Sensing.o)
                0x00001408                CapSense_Scan
 .text.CapSense_ScanAllWidgets
                0x00001438       0x3c .\CortexM0p\ARM_GCC_541\Release\cy8c4025-34channel-touch.a(CapSense_Sensing.o)
                0x00001438                CapSense_ScanAllWidgets
 .text.CapSense_SsSetAllIOsState
                0x00001474       0x70 .\CortexM0p\ARM_GCC_541\Release\cy8c4025-34channel-touch.a(CapSense_Sensing.o)
                0x00001474                CapSense_SsSetAllIOsState
 .text.CapSense_SsPostAllWidgetsScan
                0x000014e4       0x68 .\CortexM0p\ARM_GCC_541\Release\cy8c4025-34channel-touch.a(CapSense_Sensing.o)
                0x000014e4                CapSense_SsPostAllWidgetsScan
 .text.CapSense_SsSetModClkClockDivider
                0x0000154c       0x2c .\CortexM0p\ARM_GCC_541\Release\cy8c4025-34channel-touch.a(CapSense_Sensing.o)
                0x0000154c                CapSense_SsSetModClkClockDivider
 .text.CapSense_SsCSDCalcPrsSize
                0x00001578       0x20 .\CortexM0p\ARM_GCC_541\Release\cy8c4025-34channel-touch.a(CapSense_Sensing.o)
                0x00001578                CapSense_SsCSDCalcPrsSize
 .text.CapSense_SsSetWidgetSenseClkSrc
                0x00001598       0xbc .\CortexM0p\ARM_GCC_541\Release\cy8c4025-34channel-touch.a(CapSense_Sensing.o)
 .text.CapSense_SsAutoTuneWidget
                0x00001654      0x114 .\CortexM0p\ARM_GCC_541\Release\cy8c4025-34channel-touch.a(CapSense_Sensing.o)
                0x00001654                CapSense_SsAutoTuneWidget
 .text.CapSense_SsAutoTune
                0x00001768       0x18 .\CortexM0p\ARM_GCC_541\Release\cy8c4025-34channel-touch.a(CapSense_Sensing.o)
                0x00001768                CapSense_SsAutoTune
 .text.CapSense_SsInitializeSourceSenseClk
                0x00001780       0x20 .\CortexM0p\ARM_GCC_541\Release\cy8c4025-34channel-touch.a(CapSense_Sensing.o)
                0x00001780                CapSense_SsInitializeSourceSenseClk
 .text.CapSense_DischargeExtCapacitors
                0x000017a0       0xb8 .\CortexM0p\ARM_GCC_541\Release\cy8c4025-34channel-touch.a(CapSense_Sensing.o)
                0x000017a0                CapSense_DischargeExtCapacitors
 .text.CapSense_WriteBitsSafe
                0x00001858       0x1c .\CortexM0p\ARM_GCC_541\Release\cy8c4025-34channel-touch.a(CapSense_Sensing.o)
                0x00001858                CapSense_WriteBitsSafe
 .text.CapSense_SsSwitchSensingMode
                0x00001874       0x4c .\CortexM0p\ARM_GCC_541\Release\cy8c4025-34channel-touch.a(CapSense_Sensing.o)
                0x00001874                CapSense_SsSwitchSensingMode
 .text.CapSense_SsInitialize
                0x000018c0       0x2c .\CortexM0p\ARM_GCC_541\Release\cy8c4025-34channel-touch.a(CapSense_Sensing.o)
                0x000018c0                CapSense_SsInitialize
 .text.CapSense_SsCSDInitialize
                0x000018ec      0x17c .\CortexM0p\ARM_GCC_541\Release\cy8c4025-34channel-touch.a(CapSense_SensingCSD_LL.o)
                0x000018ec                CapSense_SsCSDInitialize
 .text.CapSense_SsCSDSetUpIdacs
                0x00001a68       0x60 .\CortexM0p\ARM_GCC_541\Release\cy8c4025-34channel-touch.a(CapSense_SensingCSD_LL.o)
                0x00001a68                CapSense_SsCSDSetUpIdacs
 .text.CapSense_SsCSDGetNumberOfConversions
                0x00001ac8       0x30 .\CortexM0p\ARM_GCC_541\Release\cy8c4025-34channel-touch.a(CapSense_SensingCSD_LL.o)
                0x00001ac8                CapSense_SsCSDGetNumberOfConversions
 .text.CapSense_SsCSDConfigClock
                0x00001af8       0x40 .\CortexM0p\ARM_GCC_541\Release\cy8c4025-34channel-touch.a(CapSense_SensingCSD_LL.o)
                0x00001af8                CapSense_SsCSDConfigClock
 .text.CapSense_SsCSDCalculateScanDuration
                0x00001b38       0x18 .\CortexM0p\ARM_GCC_541\Release\cy8c4025-34channel-touch.a(CapSense_SensingCSD_LL.o)
                0x00001b38                CapSense_SsCSDCalculateScanDuration
 .text.CapSense_SsCSDStartSample
                0x00001b50      0x10c .\CortexM0p\ARM_GCC_541\Release\cy8c4025-34channel-touch.a(CapSense_SensingCSD_LL.o)
                0x00001b50                CapSense_SsCSDStartSample
 .text.CapSense_CSDScanExt
                0x00001c5c       0x20 .\CortexM0p\ARM_GCC_541\Release\cy8c4025-34channel-touch.a(CapSense_SensingCSD_LL.o)
                0x00001c5c                CapSense_CSDScanExt
 .text.CapSense_CSDConnectSns
                0x00001c7c       0x32 .\CortexM0p\ARM_GCC_541\Release\cy8c4025-34channel-touch.a(CapSense_SensingCSD_LL.o)
                0x00001c7c                CapSense_CSDConnectSns
 *fill*         0x00001cae        0x2 
 .text.CapSense_CSDScan
                0x00001cb0       0x90 .\CortexM0p\ARM_GCC_541\Release\cy8c4025-34channel-touch.a(CapSense_SensingCSD_LL.o)
                0x00001cb0                CapSense_CSDScan
 .text.CapSense_SsCSDConnectSensorExt
                0x00001d40       0x20 .\CortexM0p\ARM_GCC_541\Release\cy8c4025-34channel-touch.a(CapSense_SensingCSD_LL.o)
                0x00001d40                CapSense_SsCSDConnectSensorExt
 .text.CapSense_CSDDisconnectSns
                0x00001d60       0x6c .\CortexM0p\ARM_GCC_541\Release\cy8c4025-34channel-touch.a(CapSense_SensingCSD_LL.o)
                0x00001d60                CapSense_CSDDisconnectSns
 .text.CapSense_SsCSDElectrodeCheck
                0x00001dcc       0x20 .\CortexM0p\ARM_GCC_541\Release\cy8c4025-34channel-touch.a(CapSense_SensingCSD_LL.o)
                0x00001dcc                CapSense_SsCSDElectrodeCheck
 .text.CapSense_CSDSetupWidget
                0x00001dec       0x54 .\CortexM0p\ARM_GCC_541\Release\cy8c4025-34channel-touch.a(CapSense_SensingCSD_LL.o)
                0x00001dec                CapSense_CSDSetupWidget
 .text.CapSense_CSDSetupWidgetExt
                0x00001e40       0x60 .\CortexM0p\ARM_GCC_541\Release\cy8c4025-34channel-touch.a(CapSense_SensingCSD_LL.o)
                0x00001e40                CapSense_CSDSetupWidgetExt
 .text.CapSense_CSDCalibrateWidget
                0x00001ea0      0x278 .\CortexM0p\ARM_GCC_541\Release\cy8c4025-34channel-touch.a(CapSense_SensingCSD_LL.o)
                0x00001ea0                CapSense_CSDCalibrateWidget
 .text.CapSense_ISR_SetPriority
                0x00002118       0x24 .\CortexM0p\ARM_GCC_541\Release\cy8c4025-34channel-touch.a(CapSense_ISR.o)
                0x00002118                CapSense_ISR_SetPriority
 .text.CapSense_ISR_StartEx
                0x0000213c       0x28 .\CortexM0p\ARM_GCC_541\Release\cy8c4025-34channel-touch.a(CapSense_ISR.o)
                0x0000213c                CapSense_ISR_StartEx
 *fill*         0x00002164        0x4 
 .text          0x00002168       0x20 .\CortexM0p\ARM_GCC_541\Release\cy8c4025-34channel-touch.a(CyBootAsmGnu.o)
                0x00002168                CyDelayCycles
                0x0000217a                CyEnterCriticalSection
                0x00002182                CyExitCriticalSection
 .text.UART_1_SPI_UART_ISR
                0x00002188       0x7c .\CortexM0p\ARM_GCC_541\Release\cy8c4025-34channel-touch.a(UART_1_SPI_UART_INT.o)
                0x00002188                UART_1_SPI_UART_ISR
 .text.CySysFlashSetWaitCycles
                0x00002204       0x44 .\CortexM0p\ARM_GCC_541\Release\cy8c4025-34channel-touch.a(CyFlash.o)
                0x00002204                CySysFlashSetWaitCycles
 .text.CapSense_SsCSDPostScan
                0x00002248       0x4c .\CortexM0p\ARM_GCC_541\Release\cy8c4025-34channel-touch.a(CapSense_INT.o)
 .text.CapSense_CSDPostSingleScan
                0x00002294       0x2c .\CortexM0p\ARM_GCC_541\Release\cy8c4025-34channel-touch.a(CapSense_INT.o)
                0x00002294                CapSense_CSDPostSingleScan
 .text.CapSense_CSDPostMultiScan
                0x000022c0       0xc0 .\CortexM0p\ARM_GCC_541\Release\cy8c4025-34channel-touch.a(CapSense_INT.o)
                0x000022c0                CapSense_CSDPostMultiScan
 .text.SmartSense_TunePrescalers
                0x00002380       0x60 C:\Program Files (x86)\Cypress\PSoC Creator\4.4\PSoC Creator\psoc\content\CyComponentLibrary\CyComponentLibrary.cylib\CapSense_P4_v7_0\PSoC4\Library\Capsense_P4Library_GCCp.a(CapSense_SmartSense_LL.o)
                0x00002380                SmartSense_TunePrescalers
 .text.SmartSense_TuneSensitivity
                0x000023e0       0x7c C:\Program Files (x86)\Cypress\PSoC Creator\4.4\PSoC Creator\psoc\content\CyComponentLibrary\CyComponentLibrary.cylib\CapSense_P4_v7_0\PSoC4\Library\Capsense_P4Library_GCCp.a(CapSense_SmartSense_LL.o)
                0x000023e0                SmartSense_TuneSensitivity
 .text.SmartSense_UpdateThresholds
                0x0000245c       0x42 C:\Program Files (x86)\Cypress\PSoC Creator\4.4\PSoC Creator\psoc\content\CyComponentLibrary\CyComponentLibrary.cylib\CapSense_P4_v7_0\PSoC4\Library\Capsense_P4Library_GCCp.a(CapSense_SmartSense_SL.o)
                0x0000245c                SmartSense_UpdateThresholds
 .text.SmartSense_InitializeNoiseEnvelope
                0x0000249e       0x18 C:\Program Files (x86)\Cypress\PSoC Creator\4.4\PSoC Creator\psoc\content\CyComponentLibrary\CyComponentLibrary.cylib\CapSense_P4_v7_0\PSoC4\Library\Capsense_P4Library_GCCp.a(CapSense_SmartSense_SL.o)
                0x0000249e                SmartSense_InitializeNoiseEnvelope
 .text.SmartSense_RunNoiseEnvelope
                0x000024b6       0x8e C:\Program Files (x86)\Cypress\PSoC Creator\4.4\PSoC Creator\psoc\content\CyComponentLibrary\CyComponentLibrary.cylib\CapSense_P4_v7_0\PSoC4\Library\Capsense_P4Library_GCCp.a(CapSense_SmartSense_SL.o)
                0x000024b6                SmartSense_RunNoiseEnvelope
 .text          0x00002544       0x14 c:/program files (x86)/cypress/psoc creator/4.4/psoc creator/import/gnu/arm/5.4.1/bin/../lib/gcc/arm-none-eabi/5.4.1/armv6-m\libgcc.a(_thumb1_case_uhi.o)
                0x00002544                __gnu_thumb1_case_uhi
 .text          0x00002558      0x114 c:/program files (x86)/cypress/psoc creator/4.4/psoc creator/import/gnu/arm/5.4.1/bin/../lib/gcc/arm-none-eabi/5.4.1/armv6-m\libgcc.a(_udivsi3.o)
                0x00002558                __aeabi_uidiv
                0x00002558                __udivsi3
                0x00002664                __aeabi_uidivmod
 .text          0x0000266c        0x4 c:/program files (x86)/cypress/psoc creator/4.4/psoc creator/import/gnu/arm/5.4.1/bin/../lib/gcc/arm-none-eabi/5.4.1/armv6-m\libgcc.a(_dvmd_tls.o)
                0x0000266c                __aeabi_idiv0
                0x0000266c                __aeabi_ldiv0
 .text.__errno  0x00002670        0xc c:/program files (x86)/cypress/psoc creator/4.4/psoc creator/import/gnu/arm/5.4.1/bin/../lib/gcc/arm-none-eabi/5.4.1/../../../../arm-none-eabi/lib/armv6-m\libg_nano.a(lib_a-errno.o)
                0x00002670                __errno
 .text.__libc_init_array
                0x0000267c       0x4c c:/program files (x86)/cypress/psoc creator/4.4/psoc creator/import/gnu/arm/5.4.1/bin/../lib/gcc/arm-none-eabi/5.4.1/../../../../arm-none-eabi/lib/armv6-m\libg_nano.a(lib_a-init.o)
                0x0000267c                __libc_init_array
 .text.memcpy   0x000026c8       0x12 c:/program files (x86)/cypress/psoc creator/4.4/psoc creator/import/gnu/arm/5.4.1/bin/../lib/gcc/arm-none-eabi/5.4.1/../../../../arm-none-eabi/lib/armv6-m\libg_nano.a(lib_a-memcpy-stub.o)
                0x000026c8                memcpy
 .text.memset   0x000026da       0x10 c:/program files (x86)/cypress/psoc creator/4.4/psoc creator/import/gnu/arm/5.4.1/bin/../lib/gcc/arm-none-eabi/5.4.1/../../../../arm-none-eabi/lib/armv6-m\libg_nano.a(lib_a-memset.o)
                0x000026da                memset
 *(.plt)
 *(.gnu.warning)
 *(.glue_7t)
 .glue_7t       0x000026ea        0x0 linker stubs
 *(.glue_7)
 .glue_7        0x000026ea        0x0 linker stubs
 *(.vfp11_veneer)
 .vfp11_veneer  0x000026ea        0x0 linker stubs
 *(.bootloader)
 *(.ARM.extab* .gnu.linkonce.armextab.*)
 *(.gcc_except_table)

.v4_bx          0x000026ec        0x0
 .v4_bx         0x000026ec        0x0 linker stubs

.iplt           0x000026ec        0x0
 .iplt          0x000026ec        0x0 c:/program files (x86)/cypress/psoc creator/4.4/psoc creator/import/gnu/arm/5.4.1/bin/../lib/gcc/arm-none-eabi/5.4.1/armv6-m/crtbegin.o

.eh_frame_hdr
 *(.eh_frame_hdr)

.eh_frame       0x000026ec        0x4
 *(.eh_frame)
 .eh_frame      0x000026ec        0x0 c:/program files (x86)/cypress/psoc creator/4.4/psoc creator/import/gnu/arm/5.4.1/bin/../lib/gcc/arm-none-eabi/5.4.1/armv6-m/crtbegin.o
 .eh_frame      0x000026ec        0x4 c:/program files (x86)/cypress/psoc creator/4.4/psoc creator/import/gnu/arm/5.4.1/bin/../lib/gcc/arm-none-eabi/5.4.1/armv6-m/crtend.o
                [!provide]                PROVIDE (__exidx_start, .)

.ARM.exidx
 *(.ARM.exidx* .gnu.linkonce.armexidx.*)
                0x000026f0                __exidx_end = .

.rodata         0x000026f0      0xb30
 *(.rodata .rodata.* .gnu.linkonce.r.*)
 .rodata        0x000026f0      0xac4 .\CortexM0p\ARM_GCC_541\Release\cy8c4025-34channel-touch.a(CapSense_Structure.o)
                0x000026f0                CapSense_ramIdacInit
                0x00002712                CapSense_ramWidgetInit
                0x000029bc                CapSense_dsFlash
                0x00002dfc                CapSense_ioList
 .rodata        0x000031b4       0x31 .\CortexM0p\ARM_GCC_541\Release\cy8c4025-34channel-touch.a(CapSense_Sensing.o)
                0x000031b4                CapSense_idacGainTable
                0x000031e4                CapSense_scanFreqIndex
 .rodata.str1.1
                0x000031e5        0x2 c:/program files (x86)/cypress/psoc creator/4.4/psoc creator/import/gnu/arm/5.4.1/bin/../lib/gcc/arm-none-eabi/5.4.1/../../../../arm-none-eabi/lib/armv6-m\libg_nano.a(lib_a-impure.o)
                0x000031e8                . = ALIGN (0x4)
 *fill*         0x000031e7        0x1 
 *(.init)
 .init          0x000031e8        0x4 c:/program files (x86)/cypress/psoc creator/4.4/psoc creator/import/gnu/arm/5.4.1/bin/../lib/gcc/arm-none-eabi/5.4.1/armv6-m/crti.o
                0x000031e8                _init
 .init          0x000031ec        0x8 c:/program files (x86)/cypress/psoc creator/4.4/psoc creator/import/gnu/arm/5.4.1/bin/../lib/gcc/arm-none-eabi/5.4.1/armv6-m/crtn.o
                0x000031f4                . = ALIGN (0x4)
                0x000031f4                __preinit_array_start = .
 *(.preinit_array)
                0x000031f4                __preinit_array_end = .
                0x000031f4                . = ALIGN (0x4)
                0x000031f4                __init_array_start = .
 *(SORT(.init_array.*))
 *(.init_array)
 .init_array    0x000031f4        0x4 c:/program files (x86)/cypress/psoc creator/4.4/psoc creator/import/gnu/arm/5.4.1/bin/../lib/gcc/arm-none-eabi/5.4.1/armv6-m/crtbegin.o
 .init_array    0x000031f8        0x4 .\CortexM0p\ARM_GCC_541\Release\Cm0plusStart.o
                0x000031fc                __init_array_end = .
                0x000031fc                . = ALIGN (0x4)
 *(.fini)
 .fini          0x000031fc        0x4 c:/program files (x86)/cypress/psoc creator/4.4/psoc creator/import/gnu/arm/5.4.1/bin/../lib/gcc/arm-none-eabi/5.4.1/armv6-m/crti.o
                0x000031fc                _fini
 .fini          0x00003200        0x8 c:/program files (x86)/cypress/psoc creator/4.4/psoc creator/import/gnu/arm/5.4.1/bin/../lib/gcc/arm-none-eabi/5.4.1/armv6-m/crtn.o
                0x00003208                . = ALIGN (0x4)
                0x00003208                __fini_array_start = .
 *(.fini_array)
 .fini_array    0x00003208        0x4 c:/program files (x86)/cypress/psoc creator/4.4/psoc creator/import/gnu/arm/5.4.1/bin/../lib/gcc/arm-none-eabi/5.4.1/armv6-m/crtbegin.o
 *(SORT(.fini_array.*))
                0x0000320c                __fini_array_end = .
                0x0000320c                . = ALIGN (0x4)
 *crtbegin.o(.ctors)
 *(EXCLUDE_FILE(*crtend.o) .ctors)
 *(SORT(.ctors.*))
 *crtend.o(.ctors)
                0x0000320c                . = ALIGN (0x4)
 *crtbegin.o(.dtors)
 *(EXCLUDE_FILE(*crtend.o) .dtors)
 *(SORT(.dtors.*))
 *crtend.o(.dtors)
                0x0000320c                . = ALIGN (0x4)
                0x0000320c                __cy_regions = .
                0x0000320c        0x4 LONG 0x3220 __cy_region_init_ram
                0x00003210        0x4 LONG 0x20000080 __cy_region_start_data
                0x00003214        0x4 LONG 0x88 __cy_region_init_size_ram
                0x00003218        0x4 LONG 0x7e8 __cy_region_zero_size_ram
                0x0000321c                __cy_regions_end = .
                0x00003220                . = ALIGN (0x8)
 *fill*         0x0000321c        0x4 
                0x00003220                _etext = .

.cy_checksum_exclude
                0x00003220        0x0
 *(.cy_checksum_exclude)

.ramvectors     0x20000000       0x80
                0x20000000                __cy_region_start_ram = .
 *(.ramvectors)
 .ramvectors    0x20000000       0x80 .\CortexM0p\ARM_GCC_541\Release\Cm0plusStart.o
                0x20000000                CyRamVectors

.noinit
 *(.noinit)

.data           0x20000080       0x88 load address 0x00003220
                0x20000080                __cy_region_start_data = .
 *(.jcr)
 .jcr           0x20000080        0x0 c:/program files (x86)/cypress/psoc creator/4.4/psoc creator/import/gnu/arm/5.4.1/bin/../lib/gcc/arm-none-eabi/5.4.1/armv6-m/crtbegin.o
 .jcr           0x20000080        0x4 c:/program files (x86)/cypress/psoc creator/4.4/psoc creator/import/gnu/arm/5.4.1/bin/../lib/gcc/arm-none-eabi/5.4.1/armv6-m/crtend.o
 *(.got.plt)
 *(.got)
 *(.shdata)
 *(.data .data.* .gnu.linkonce.d.*)
 .data          0x20000084        0x4 .\CortexM0p\ARM_GCC_541\Release\main.o
                0x20000084                watchdogMatchValue
 .data          0x20000088       0x14 .\CortexM0p\ARM_GCC_541\Release\cy8c4025-34channel-touch.a(CyLib.o)
                0x20000088                CySysClkPumpConfig
                0x2000008c                cydelay32kMs
                0x20000090                cydelayFreqKhz
                0x20000094                cydelayFreqMhz
                0x20000098                cydelayFreqHz
 .data          0x2000009c        0x4 .\CortexM0p\ARM_GCC_541\Release\cy8c4025-34channel-touch.a(CapSense_SensingCSD_LL.o)
                0x2000009c                CapSense_configCsd
 .data.impure_data
                0x200000a0       0x60 c:/program files (x86)/cypress/psoc creator/4.4/psoc creator/import/gnu/arm/5.4.1/bin/../lib/gcc/arm-none-eabi/5.4.1/../../../../arm-none-eabi/lib/armv6-m\libg_nano.a(lib_a-impure.o)
 .data._impure_ptr
                0x20000100        0x4 c:/program files (x86)/cypress/psoc creator/4.4/psoc creator/import/gnu/arm/5.4.1/bin/../lib/gcc/arm-none-eabi/5.4.1/../../../../arm-none-eabi/lib/armv6-m\libg_nano.a(lib_a-impure.o)
                0x20000100                _impure_ptr
                0x20000108                . = ALIGN (0x8)
 *fill*         0x20000104        0x4 
 *(.ram)
                0x20000108                _edata = .

.igot.plt       0x20000108        0x0 load address 0x000032a8
 .igot.plt      0x20000108        0x0 c:/program files (x86)/cypress/psoc creator/4.4/psoc creator/import/gnu/arm/5.4.1/bin/../lib/gcc/arm-none-eabi/5.4.1/armv6-m/crtbegin.o

.bss            0x20000108      0x7e8 load address 0x000032a8
                0x20000108                PROVIDE (__bss_start__, .)
 *(.shbss)
 *(.bss .bss.* .gnu.linkonce.b.*)
 .bss           0x20000108       0x1c c:/program files (x86)/cypress/psoc creator/4.4/psoc creator/import/gnu/arm/5.4.1/bin/../lib/gcc/arm-none-eabi/5.4.1/armv6-m/crtbegin.o
 .bss           0x20000124       0x10 .\CortexM0p\ARM_GCC_541\Release\main.o
                0x20000124                interruptState
                0x20000128                wdtInterruptOccured
                0x2000012c                wdtMatchValFastMode
                0x20000130                wdtMatchValSlowMode
 .bss           0x20000134        0xa .\CortexM0p\ARM_GCC_541\Release\cy8c4025-34channel-touch.a(UART_1.o)
                0x20000134                UART_1_initVar
                0x20000138                UART_1_customIntrHandler
                0x2000013c                UART_1_IntrTxMask
 *fill*         0x2000013e        0x2 
 .bss           0x20000140        0x8 .\CortexM0p\ARM_GCC_541\Release\cy8c4025-34channel-touch.a(CyLFClk.o)
 .bss           0x20000148        0x1 .\CortexM0p\ARM_GCC_541\Release\cy8c4025-34channel-touch.a(CapSense_Control.o)
 *fill*         0x20000149        0x1 
 .bss           0x2000014a      0x286 .\CortexM0p\ARM_GCC_541\Release\cy8c4025-34channel-touch.a(CapSense_Structure.o)
 .bss           0x200003d0        0x4 .\CortexM0p\ARM_GCC_541\Release\cy8c4025-34channel-touch.a(CapSense_Tuner.o)
 .bss           0x200003d4        0x4 .\CortexM0p\ARM_GCC_541\Release\cy8c4025-34channel-touch.a(CapSense_Sensing.o)
                0x200003d4                CapSense_currentSenseMethod
                0x200003d5                CapSense_requestScanAllWidget
                0x200003d6                CapSense_widgetIndex
                0x200003d7                CapSense_sensorIndex
 .bss           0x200003d8        0x1 .\CortexM0p\ARM_GCC_541\Release\cy8c4025-34channel-touch.a(CapSense_SensingCSD_LL.o)
 *(COMMON)
 *fill*         0x200003d9        0x3 
 COMMON         0x200003dc       0x6c .\CortexM0p\ARM_GCC_541\Release\main.o
                0x200003dc                Touch
                0x20000422                resolution_zoom_map
                0x20000444                vofa1
 COMMON         0x20000448       0x4e .\CortexM0p\ARM_GCC_541\Release\cy8c4025-34channel-touch.a(UART_1_SPI_UART.o)
                0x20000448                UART_1_txBufferTail
                0x2000044c                UART_1_txBufferHead
                0x20000450                UART_1_txBufferInternal
 *fill*         0x20000496        0x2 
 COMMON         0x20000498      0x44c .\CortexM0p\ARM_GCC_541\Release\cy8c4025-34channel-touch.a(CapSense_Structure.o)
                0x20000498                CapSense_dsRam
 COMMON         0x200008e4        0x8 .\CortexM0p\ARM_GCC_541\Release\cy8c4025-34channel-touch.a(CapSense_Sensing.o)
                0x200008e4                CapSense_curRamSnsPtr
                0x200008e8                CapSense_curSnsIOPtr
                0x200008f0                . = ALIGN (0x8)
 *fill*         0x200008ec        0x4 
 *(.ram.b)
                0x200008f0                _end = .
                0x200008f0                __end = .
                0x200008f0                PROVIDE (end, .)
                0x200008f0                PROVIDE (__bss_end__, .)
                0x00003220                __cy_region_init_ram = LOADADDR (.data)
                0x00000088                __cy_region_init_size_ram = (_edata - ADDR (.data))
                0x000007e8                __cy_region_zero_size_ram = (_end - _edata)

.heap           0x200008f0       0x80 load address 0x000032a8
                0x200008f0                . = _end
                0x20000970                . = (. + 0x80)
 *fill*         0x200008f0       0x80 
                0x20000970                __cy_heap_limit = .

.stack          0x20000c00      0x400
                0x20000c00                __cy_stack_limit = .
                0x20001000                . = (. + 0x400)
 *fill*         0x20000c00      0x400 
                0x00000001                ASSERT ((__cy_stack_limit >= __cy_heap_limit), region RAM overflowed with stack)
                0x00000000                cy_checksum_exclude_size = (CY_APPL_LOADABLE == 0x1)?SIZEOF (.cy_checksum_exclude):0x0
                0x00000001                ASSERT ((cy_checksum_exclude_size <= CY_CHECKSUM_EXCLUDE_SIZE), CY_BOOT: Section .cy_checksum_exclude size exceedes specified limit.)
                0x00007fc0                cyloadermeta_start = (cy_project_type_bootloader || cy_project_type_app_for_stack_and_copier)?(LENGTH (rom) - CY_METADATA_SIZE):0xf0000000

.cyloadermeta
 *(.cyloadermeta)
                0x00007fc0                cyloadablemeta_start = cy_project_type_app_for_stack_and_copier?((LENGTH (rom) - CY_FLASH_ROW_SIZE) - CY_METADATA_SIZE):((LENGTH (rom) - (CY_FLASH_ROW_SIZE * (CY_APPL_NUM - 0x1))) - CY_METADATA_SIZE)

.cyloadablemeta
 *(.cyloadablemeta)

.cyflashprotect
                0x90400000       0x20
 *(.cyflashprotect)
 .cyflashprotect
                0x90400000       0x20 .\CortexM0p\ARM_GCC_541\Release\cymetadata.o
                0x90400000                cy_meta_flashprotect

.cymeta         0x90500000        0xc
 *(.cymeta)
 .cymeta        0x90500000        0xc .\CortexM0p\ARM_GCC_541\Release\cymetadata.o
                0x90500000                cy_metadata

.cychipprotect  0x90600000        0x1
 *(.cychipprotect)
 .cychipprotect
                0x90600000        0x1 .\CortexM0p\ARM_GCC_541\Release\cymetadata.o
                0x90600000                cy_meta_chipprotect

.rel.dyn        0x000032a8        0x0 load address 0x90600004
 .rel.iplt      0x000032a8        0x0 c:/program files (x86)/cypress/psoc creator/4.4/psoc creator/import/gnu/arm/5.4.1/bin/../lib/gcc/arm-none-eabi/5.4.1/armv6-m/crtbegin.o

.stab
 *(.stab)

.stabstr
 *(.stabstr)

.debug
 *(.debug)

.line
 *(.line)

.debug_srcinfo
 *(.debug_srcinfo)

.debug_sfnames
 *(.debug_sfnames)

.debug_aranges  0x00000000      0x990
 *(.debug_aranges)
 .debug_aranges
                0x00000000       0x40 .\CortexM0p\ARM_GCC_541\Release\main.o
 .debug_aranges
                0x00000040       0x28 .\CortexM0p\ARM_GCC_541\Release\cyfitter_cfg.o
 .debug_aranges
                0x00000068       0x18 .\CortexM0p\ARM_GCC_541\Release\cymetadata.o
 .debug_aranges
                0x00000080       0x48 .\CortexM0p\ARM_GCC_541\Release\Cm0plusStart.o
 .debug_aranges
                0x000000c8       0x50 .\CortexM0p\ARM_GCC_541\Release\cy8c4025-34channel-touch.a(UART_1.o)
 .debug_aranges
                0x00000118       0x48 .\CortexM0p\ARM_GCC_541\Release\cy8c4025-34channel-touch.a(UART_1_SPI_UART.o)
 .debug_aranges
                0x00000160       0x70 .\CortexM0p\ARM_GCC_541\Release\cy8c4025-34channel-touch.a(UART_1_UART.o)
 .debug_aranges
                0x000001d0      0x190 .\CortexM0p\ARM_GCC_541\Release\cy8c4025-34channel-touch.a(CyLib.o)
 .debug_aranges
                0x00000360       0x30 .\CortexM0p\ARM_GCC_541\Release\cy8c4025-34channel-touch.a(cyPm.o)
 .debug_aranges
                0x00000390       0xe0 .\CortexM0p\ARM_GCC_541\Release\cy8c4025-34channel-touch.a(CyLFClk.o)
 .debug_aranges
                0x00000470       0x60 .\CortexM0p\ARM_GCC_541\Release\cy8c4025-34channel-touch.a(CapSense_Control.o)
 .debug_aranges
                0x000004d0       0x50 .\CortexM0p\ARM_GCC_541\Release\cy8c4025-34channel-touch.a(CapSense_Processing.o)
 .debug_aranges
                0x00000520       0x50 .\CortexM0p\ARM_GCC_541\Release\cy8c4025-34channel-touch.a(CapSense_Structure.o)
 .debug_aranges
                0x00000570       0x28 .\CortexM0p\ARM_GCC_541\Release\cy8c4025-34channel-touch.a(CapSense_Tuner.o)
 .debug_aranges
                0x00000598       0xe8 .\CortexM0p\ARM_GCC_541\Release\cy8c4025-34channel-touch.a(CapSense_Filter.o)
 .debug_aranges
                0x00000680       0xe8 .\CortexM0p\ARM_GCC_541\Release\cy8c4025-34channel-touch.a(CapSense_Sensing.o)
 .debug_aranges
                0x00000768       0x98 .\CortexM0p\ARM_GCC_541\Release\cy8c4025-34channel-touch.a(CapSense_SensingCSD_LL.o)
 .debug_aranges
                0x00000800       0x80 .\CortexM0p\ARM_GCC_541\Release\cy8c4025-34channel-touch.a(CapSense_ISR.o)
 .debug_aranges
                0x00000880       0x20 .\CortexM0p\ARM_GCC_541\Release\cy8c4025-34channel-touch.a(CyBootAsmGnu.o)
 .debug_aranges
                0x000008a0       0x20 .\CortexM0p\ARM_GCC_541\Release\cy8c4025-34channel-touch.a(UART_1_SPI_UART_INT.o)
 .debug_aranges
                0x000008c0       0x48 .\CortexM0p\ARM_GCC_541\Release\cy8c4025-34channel-touch.a(CyFlash.o)
 .debug_aranges
                0x00000908       0x30 .\CortexM0p\ARM_GCC_541\Release\cy8c4025-34channel-touch.a(CapSense_INT.o)
 .debug_aranges
                0x00000938       0x28 C:\Program Files (x86)\Cypress\PSoC Creator\4.4\PSoC Creator\psoc\content\CyComponentLibrary\CyComponentLibrary.cylib\CapSense_P4_v7_0\PSoC4\Library\Capsense_P4Library_GCCp.a(CapSense_SmartSense_LL.o)
 .debug_aranges
                0x00000960       0x30 C:\Program Files (x86)\Cypress\PSoC Creator\4.4\PSoC Creator\psoc\content\CyComponentLibrary\CyComponentLibrary.cylib\CapSense_P4_v7_0\PSoC4\Library\Capsense_P4Library_GCCp.a(CapSense_SmartSense_SL.o)

.debug_pubnames
 *(.debug_pubnames)

.debug_info     0x00000000     0xcb21
 *(.debug_info .gnu.linkonce.wi.*)
 .debug_info    0x00000000     0x12da .\CortexM0p\ARM_GCC_541\Release\main.o
 .debug_info    0x000012da      0x160 .\CortexM0p\ARM_GCC_541\Release\cyfitter_cfg.o
 .debug_info    0x0000143a       0xf8 .\CortexM0p\ARM_GCC_541\Release\cymetadata.o
 .debug_info    0x00001532      0x3a1 .\CortexM0p\ARM_GCC_541\Release\Cm0plusStart.o
 .debug_info    0x000018d3      0x2f6 .\CortexM0p\ARM_GCC_541\Release\cy8c4025-34channel-touch.a(UART_1.o)
 .debug_info    0x00001bc9      0x2a4 .\CortexM0p\ARM_GCC_541\Release\cy8c4025-34channel-touch.a(UART_1_SPI_UART.o)
 .debug_info    0x00001e6d      0x339 .\CortexM0p\ARM_GCC_541\Release\cy8c4025-34channel-touch.a(UART_1_UART.o)
 .debug_info    0x000021a6      0xc62 .\CortexM0p\ARM_GCC_541\Release\cy8c4025-34channel-touch.a(CyLib.o)
 .debug_info    0x00002e08      0x1b5 .\CortexM0p\ARM_GCC_541\Release\cy8c4025-34channel-touch.a(cyPm.o)
 .debug_info    0x00002fbd      0x40a .\CortexM0p\ARM_GCC_541\Release\cy8c4025-34channel-touch.a(CyLFClk.o)
 .debug_info    0x000033c7      0xdfa .\CortexM0p\ARM_GCC_541\Release\cy8c4025-34channel-touch.a(CapSense_Control.o)
 .debug_info    0x000041c1      0xf88 .\CortexM0p\ARM_GCC_541\Release\cy8c4025-34channel-touch.a(CapSense_Processing.o)
 .debug_info    0x00005149     0x1562 .\CortexM0p\ARM_GCC_541\Release\cy8c4025-34channel-touch.a(CapSense_Structure.o)
 .debug_info    0x000066ab      0xa0a .\CortexM0p\ARM_GCC_541\Release\cy8c4025-34channel-touch.a(CapSense_Tuner.o)
 .debug_info    0x000070b5     0x1055 .\CortexM0p\ARM_GCC_541\Release\cy8c4025-34channel-touch.a(CapSense_Filter.o)
 .debug_info    0x0000810a     0x1951 .\CortexM0p\ARM_GCC_541\Release\cy8c4025-34channel-touch.a(CapSense_Sensing.o)
 .debug_info    0x00009a5b     0x1781 .\CortexM0p\ARM_GCC_541\Release\cy8c4025-34channel-touch.a(CapSense_SensingCSD_LL.o)
 .debug_info    0x0000b1dc      0x352 .\CortexM0p\ARM_GCC_541\Release\cy8c4025-34channel-touch.a(CapSense_ISR.o)
 .debug_info    0x0000b52e       0x9e .\CortexM0p\ARM_GCC_541\Release\cy8c4025-34channel-touch.a(CyBootAsmGnu.o)
 .debug_info    0x0000b5cc      0x136 .\CortexM0p\ARM_GCC_541\Release\cy8c4025-34channel-touch.a(UART_1_SPI_UART_INT.o)
 .debug_info    0x0000b702      0x3f6 .\CortexM0p\ARM_GCC_541\Release\cy8c4025-34channel-touch.a(CyFlash.o)
 .debug_info    0x0000baf8      0xb79 .\CortexM0p\ARM_GCC_541\Release\cy8c4025-34channel-touch.a(CapSense_INT.o)
 .debug_info    0x0000c671      0x25c C:\Program Files (x86)\Cypress\PSoC Creator\4.4\PSoC Creator\psoc\content\CyComponentLibrary\CyComponentLibrary.cylib\CapSense_P4_v7_0\PSoC4\Library\Capsense_P4Library_GCCp.a(CapSense_SmartSense_LL.o)
 .debug_info    0x0000c8cd      0x254 C:\Program Files (x86)\Cypress\PSoC Creator\4.4\PSoC Creator\psoc\content\CyComponentLibrary\CyComponentLibrary.cylib\CapSense_P4_v7_0\PSoC4\Library\Capsense_P4Library_GCCp.a(CapSense_SmartSense_SL.o)

.debug_abbrev   0x00000000     0x2705
 *(.debug_abbrev)
 .debug_abbrev  0x00000000      0x213 .\CortexM0p\ARM_GCC_541\Release\main.o
 .debug_abbrev  0x00000213       0xe7 .\CortexM0p\ARM_GCC_541\Release\cyfitter_cfg.o
 .debug_abbrev  0x000002fa       0x5d .\CortexM0p\ARM_GCC_541\Release\cymetadata.o
 .debug_abbrev  0x00000357      0x1ce .\CortexM0p\ARM_GCC_541\Release\Cm0plusStart.o
 .debug_abbrev  0x00000525      0x152 .\CortexM0p\ARM_GCC_541\Release\cy8c4025-34channel-touch.a(UART_1.o)
 .debug_abbrev  0x00000677      0x175 .\CortexM0p\ARM_GCC_541\Release\cy8c4025-34channel-touch.a(UART_1_SPI_UART.o)
 .debug_abbrev  0x000007ec      0x129 .\CortexM0p\ARM_GCC_541\Release\cy8c4025-34channel-touch.a(UART_1_UART.o)
 .debug_abbrev  0x00000915      0x313 .\CortexM0p\ARM_GCC_541\Release\cy8c4025-34channel-touch.a(CyLib.o)
 .debug_abbrev  0x00000c28       0xd0 .\CortexM0p\ARM_GCC_541\Release\cy8c4025-34channel-touch.a(cyPm.o)
 .debug_abbrev  0x00000cf8      0x17f .\CortexM0p\ARM_GCC_541\Release\cy8c4025-34channel-touch.a(CyLFClk.o)
 .debug_abbrev  0x00000e77      0x230 .\CortexM0p\ARM_GCC_541\Release\cy8c4025-34channel-touch.a(CapSense_Control.o)
 .debug_abbrev  0x000010a7      0x1de .\CortexM0p\ARM_GCC_541\Release\cy8c4025-34channel-touch.a(CapSense_Processing.o)
 .debug_abbrev  0x00001285      0x21d .\CortexM0p\ARM_GCC_541\Release\cy8c4025-34channel-touch.a(CapSense_Structure.o)
 .debug_abbrev  0x000014a2      0x182 .\CortexM0p\ARM_GCC_541\Release\cy8c4025-34channel-touch.a(CapSense_Tuner.o)
 .debug_abbrev  0x00001624      0x2ba .\CortexM0p\ARM_GCC_541\Release\cy8c4025-34channel-touch.a(CapSense_Filter.o)
 .debug_abbrev  0x000018de      0x30b .\CortexM0p\ARM_GCC_541\Release\cy8c4025-34channel-touch.a(CapSense_Sensing.o)
 .debug_abbrev  0x00001be9      0x2e2 .\CortexM0p\ARM_GCC_541\Release\cy8c4025-34channel-touch.a(CapSense_SensingCSD_LL.o)
 .debug_abbrev  0x00001ecb      0x233 .\CortexM0p\ARM_GCC_541\Release\cy8c4025-34channel-touch.a(CapSense_ISR.o)
 .debug_abbrev  0x000020fe       0x14 .\CortexM0p\ARM_GCC_541\Release\cy8c4025-34channel-touch.a(CyBootAsmGnu.o)
 .debug_abbrev  0x00002112       0x9a .\CortexM0p\ARM_GCC_541\Release\cy8c4025-34channel-touch.a(UART_1_SPI_UART_INT.o)
 .debug_abbrev  0x000021ac      0x19e .\CortexM0p\ARM_GCC_541\Release\cy8c4025-34channel-touch.a(CyFlash.o)
 .debug_abbrev  0x0000234a      0x1d1 .\CortexM0p\ARM_GCC_541\Release\cy8c4025-34channel-touch.a(CapSense_INT.o)
 .debug_abbrev  0x0000251b      0x124 C:\Program Files (x86)\Cypress\PSoC Creator\4.4\PSoC Creator\psoc\content\CyComponentLibrary\CyComponentLibrary.cylib\CapSense_P4_v7_0\PSoC4\Library\Capsense_P4Library_GCCp.a(CapSense_SmartSense_LL.o)
 .debug_abbrev  0x0000263f       0xc6 C:\Program Files (x86)\Cypress\PSoC Creator\4.4\PSoC Creator\psoc\content\CyComponentLibrary\CyComponentLibrary.cylib\CapSense_P4_v7_0\PSoC4\Library\Capsense_P4Library_GCCp.a(CapSense_SmartSense_SL.o)

.debug_line     0x00000000     0x3420
 *(.debug_line)
 .debug_line    0x00000000      0x42c .\CortexM0p\ARM_GCC_541\Release\main.o
 .debug_line    0x0000042c       0xe0 .\CortexM0p\ARM_GCC_541\Release\cyfitter_cfg.o
 .debug_line    0x0000050c      0x141 .\CortexM0p\ARM_GCC_541\Release\cymetadata.o
 .debug_line    0x0000064d      0x23f .\CortexM0p\ARM_GCC_541\Release\Cm0plusStart.o
 .debug_line    0x0000088c      0x13b .\CortexM0p\ARM_GCC_541\Release\cy8c4025-34channel-touch.a(UART_1.o)
 .debug_line    0x000009c7      0x119 .\CortexM0p\ARM_GCC_541\Release\cy8c4025-34channel-touch.a(UART_1_SPI_UART.o)
 .debug_line    0x00000ae0      0x1d4 .\CortexM0p\ARM_GCC_541\Release\cy8c4025-34channel-touch.a(UART_1_UART.o)
 .debug_line    0x00000cb4      0x52c .\CortexM0p\ARM_GCC_541\Release\cy8c4025-34channel-touch.a(CyLib.o)
 .debug_line    0x000011e0       0xae .\CortexM0p\ARM_GCC_541\Release\cy8c4025-34channel-touch.a(cyPm.o)
 .debug_line    0x0000128e      0x2e5 .\CortexM0p\ARM_GCC_541\Release\cy8c4025-34channel-touch.a(CyLFClk.o)
 .debug_line    0x00001573      0x223 .\CortexM0p\ARM_GCC_541\Release\cy8c4025-34channel-touch.a(CapSense_Control.o)
 .debug_line    0x00001796      0x30a .\CortexM0p\ARM_GCC_541\Release\cy8c4025-34channel-touch.a(CapSense_Processing.o)
 .debug_line    0x00001aa0      0x1c2 .\CortexM0p\ARM_GCC_541\Release\cy8c4025-34channel-touch.a(CapSense_Structure.o)
 .debug_line    0x00001c62      0x139 .\CortexM0p\ARM_GCC_541\Release\cy8c4025-34channel-touch.a(CapSense_Tuner.o)
 .debug_line    0x00001d9b      0x3a4 .\CortexM0p\ARM_GCC_541\Release\cy8c4025-34channel-touch.a(CapSense_Filter.o)
 .debug_line    0x0000213f      0x6ad .\CortexM0p\ARM_GCC_541\Release\cy8c4025-34channel-touch.a(CapSense_Sensing.o)
 .debug_line    0x000027ec      0x4c9 .\CortexM0p\ARM_GCC_541\Release\cy8c4025-34channel-touch.a(CapSense_SensingCSD_LL.o)
 .debug_line    0x00002cb5      0x1a2 .\CortexM0p\ARM_GCC_541\Release\cy8c4025-34channel-touch.a(CapSense_ISR.o)
 .debug_line    0x00002e57       0x68 .\CortexM0p\ARM_GCC_541\Release\cy8c4025-34channel-touch.a(CyBootAsmGnu.o)
 .debug_line    0x00002ebf       0xb3 .\CortexM0p\ARM_GCC_541\Release\cy8c4025-34channel-touch.a(UART_1_SPI_UART_INT.o)
 .debug_line    0x00002f72      0x1d8 .\CortexM0p\ARM_GCC_541\Release\cy8c4025-34channel-touch.a(CyFlash.o)
 .debug_line    0x0000314a      0x15f .\CortexM0p\ARM_GCC_541\Release\cy8c4025-34channel-touch.a(CapSense_INT.o)
 .debug_line    0x000032a9       0xa0 C:\Program Files (x86)\Cypress\PSoC Creator\4.4\PSoC Creator\psoc\content\CyComponentLibrary\CyComponentLibrary.cylib\CapSense_P4_v7_0\PSoC4\Library\Capsense_P4Library_GCCp.a(CapSense_SmartSense_LL.o)
 .debug_line    0x00003349       0xd7 C:\Program Files (x86)\Cypress\PSoC Creator\4.4\PSoC Creator\psoc\content\CyComponentLibrary\CyComponentLibrary.cylib\CapSense_P4_v7_0\PSoC4\Library\Capsense_P4Library_GCCp.a(CapSense_SmartSense_SL.o)

.debug_frame    0x00000000     0x1994
 *(.debug_frame)
 .debug_frame   0x00000000       0xb4 .\CortexM0p\ARM_GCC_541\Release\main.o
 .debug_frame   0x000000b4       0x4c .\CortexM0p\ARM_GCC_541\Release\cyfitter_cfg.o
 .debug_frame   0x00000100       0xc8 .\CortexM0p\ARM_GCC_541\Release\Cm0plusStart.o
 .debug_frame   0x000001c8       0xb0 .\CortexM0p\ARM_GCC_541\Release\cy8c4025-34channel-touch.a(UART_1.o)
 .debug_frame   0x00000278       0x98 .\CortexM0p\ARM_GCC_541\Release\cy8c4025-34channel-touch.a(UART_1_SPI_UART.o)
 .debug_frame   0x00000310      0x100 .\CortexM0p\ARM_GCC_541\Release\cy8c4025-34channel-touch.a(UART_1_UART.o)
 .debug_frame   0x00000410      0x400 .\CortexM0p\ARM_GCC_541\Release\cy8c4025-34channel-touch.a(CyLib.o)
 .debug_frame   0x00000810       0x5c .\CortexM0p\ARM_GCC_541\Release\cy8c4025-34channel-touch.a(cyPm.o)
 .debug_frame   0x0000086c      0x200 .\CortexM0p\ARM_GCC_541\Release\cy8c4025-34channel-touch.a(CyLFClk.o)
 .debug_frame   0x00000a6c      0x128 .\CortexM0p\ARM_GCC_541\Release\cy8c4025-34channel-touch.a(CapSense_Control.o)
 .debug_frame   0x00000b94      0x10c .\CortexM0p\ARM_GCC_541\Release\cy8c4025-34channel-touch.a(CapSense_Processing.o)
 .debug_frame   0x00000ca0       0xd4 .\CortexM0p\ARM_GCC_541\Release\cy8c4025-34channel-touch.a(CapSense_Structure.o)
 .debug_frame   0x00000d74       0x48 .\CortexM0p\ARM_GCC_541\Release\cy8c4025-34channel-touch.a(CapSense_Tuner.o)
 .debug_frame   0x00000dbc      0x2d4 .\CortexM0p\ARM_GCC_541\Release\cy8c4025-34channel-touch.a(CapSense_Filter.o)
 .debug_frame   0x00001090      0x2f0 .\CortexM0p\ARM_GCC_541\Release\cy8c4025-34channel-touch.a(CapSense_Sensing.o)
 .debug_frame   0x00001380      0x22c .\CortexM0p\ARM_GCC_541\Release\cy8c4025-34channel-touch.a(CapSense_SensingCSD_LL.o)
 .debug_frame   0x000015ac      0x104 .\CortexM0p\ARM_GCC_541\Release\cy8c4025-34channel-touch.a(CapSense_ISR.o)
 .debug_frame   0x000016b0       0x30 .\CortexM0p\ARM_GCC_541\Release\cy8c4025-34channel-touch.a(UART_1_SPI_UART_INT.o)
 .debug_frame   0x000016e0       0xb4 .\CortexM0p\ARM_GCC_541\Release\cy8c4025-34channel-touch.a(CyFlash.o)
 .debug_frame   0x00001794       0x70 .\CortexM0p\ARM_GCC_541\Release\cy8c4025-34channel-touch.a(CapSense_INT.o)
 .debug_frame   0x00001804       0x5c C:\Program Files (x86)\Cypress\PSoC Creator\4.4\PSoC Creator\psoc\content\CyComponentLibrary\CyComponentLibrary.cylib\CapSense_P4_v7_0\PSoC4\Library\Capsense_P4Library_GCCp.a(CapSense_SmartSense_LL.o)
 .debug_frame   0x00001860       0x58 C:\Program Files (x86)\Cypress\PSoC Creator\4.4\PSoC Creator\psoc\content\CyComponentLibrary\CyComponentLibrary.cylib\CapSense_P4_v7_0\PSoC4\Library\Capsense_P4Library_GCCp.a(CapSense_SmartSense_SL.o)
 .debug_frame   0x000018b8       0x20 c:/program files (x86)/cypress/psoc creator/4.4/psoc creator/import/gnu/arm/5.4.1/bin/../lib/gcc/arm-none-eabi/5.4.1/armv6-m\libgcc.a(_udivsi3.o)
 .debug_frame   0x000018d8       0x20 c:/program files (x86)/cypress/psoc creator/4.4/psoc creator/import/gnu/arm/5.4.1/bin/../lib/gcc/arm-none-eabi/5.4.1/../../../../arm-none-eabi/lib/armv6-m\libg_nano.a(lib_a-errno.o)
 .debug_frame   0x000018f8       0x28 c:/program files (x86)/cypress/psoc creator/4.4/psoc creator/import/gnu/arm/5.4.1/bin/../lib/gcc/arm-none-eabi/5.4.1/../../../../arm-none-eabi/lib/armv6-m\libg_nano.a(lib_a-exit.o)
 .debug_frame   0x00001920       0x2c c:/program files (x86)/cypress/psoc creator/4.4/psoc creator/import/gnu/arm/5.4.1/bin/../lib/gcc/arm-none-eabi/5.4.1/../../../../arm-none-eabi/lib/armv6-m\libg_nano.a(lib_a-init.o)
 .debug_frame   0x0000194c       0x28 c:/program files (x86)/cypress/psoc creator/4.4/psoc creator/import/gnu/arm/5.4.1/bin/../lib/gcc/arm-none-eabi/5.4.1/../../../../arm-none-eabi/lib/armv6-m\libg_nano.a(lib_a-memcpy-stub.o)
 .debug_frame   0x00001974       0x20 c:/program files (x86)/cypress/psoc creator/4.4/psoc creator/import/gnu/arm/5.4.1/bin/../lib/gcc/arm-none-eabi/5.4.1/../../../../arm-none-eabi/lib/armv6-m\libg_nano.a(lib_a-memset.o)

.debug_str      0x00000000     0x3e05
 *(.debug_str)
 .debug_str     0x00000000      0x7dc .\CortexM0p\ARM_GCC_541\Release\main.o
                                0x843 (size before relaxing)
 .debug_str     0x000007dc       0x91 .\CortexM0p\ARM_GCC_541\Release\cyfitter_cfg.o
                                0x22b (size before relaxing)
 .debug_str     0x0000086d       0x59 .\CortexM0p\ARM_GCC_541\Release\cymetadata.o
                                0x1da (size before relaxing)
 .debug_str     0x000008c6      0x155 .\CortexM0p\ARM_GCC_541\Release\Cm0plusStart.o
                                0x321 (size before relaxing)
 .debug_str     0x00000a1b      0x190 .\CortexM0p\ARM_GCC_541\Release\cy8c4025-34channel-touch.a(UART_1.o)
                                0x344 (size before relaxing)
 .debug_str     0x00000bab      0x125 .\CortexM0p\ARM_GCC_541\Release\cy8c4025-34channel-touch.a(UART_1_SPI_UART.o)
                                0x303 (size before relaxing)
 .debug_str     0x00000cd0      0x161 .\CortexM0p\ARM_GCC_541\Release\cy8c4025-34channel-touch.a(UART_1_UART.o)
                                0x3a7 (size before relaxing)
 .debug_str     0x00000e31      0x4be .\CortexM0p\ARM_GCC_541\Release\cy8c4025-34channel-touch.a(CyLib.o)
                                0x71d (size before relaxing)
 .debug_str     0x000012ef       0x5f .\CortexM0p\ARM_GCC_541\Release\cy8c4025-34channel-touch.a(cyPm.o)
                                0x260 (size before relaxing)
 .debug_str     0x0000134e      0x26a .\CortexM0p\ARM_GCC_541\Release\cy8c4025-34channel-touch.a(CyLFClk.o)
                                0x4bf (size before relaxing)
 .debug_str     0x000015b8      0x553 .\CortexM0p\ARM_GCC_541\Release\cy8c4025-34channel-touch.a(CapSense_Control.o)
                                0xaa8 (size before relaxing)
 .debug_str     0x00001b0b      0x204 .\CortexM0p\ARM_GCC_541\Release\cy8c4025-34channel-touch.a(CapSense_Processing.o)
                                0xa62 (size before relaxing)
 .debug_str     0x00001d0f      0xc73 .\CortexM0p\ARM_GCC_541\Release\cy8c4025-34channel-touch.a(CapSense_Structure.o)
                               0x145a (size before relaxing)
 .debug_str     0x00002982      0x135 .\CortexM0p\ARM_GCC_541\Release\cy8c4025-34channel-touch.a(CapSense_Tuner.o)
                                0x7e0 (size before relaxing)
 .debug_str     0x00002ab7      0x370 .\CortexM0p\ARM_GCC_541\Release\cy8c4025-34channel-touch.a(CapSense_Filter.o)
                                0x9e5 (size before relaxing)
 .debug_str     0x00002e27      0x7e6 .\CortexM0p\ARM_GCC_541\Release\cy8c4025-34channel-touch.a(CapSense_Sensing.o)
                               0x103a (size before relaxing)
 .debug_str     0x0000360d      0x34f .\CortexM0p\ARM_GCC_541\Release\cy8c4025-34channel-touch.a(CapSense_SensingCSD_LL.o)
                                0xde0 (size before relaxing)
 .debug_str     0x0000395c      0x142 .\CortexM0p\ARM_GCC_541\Release\cy8c4025-34channel-touch.a(CapSense_ISR.o)
                                0x35e (size before relaxing)
 .debug_str     0x00003a9e       0x41 .\CortexM0p\ARM_GCC_541\Release\cy8c4025-34channel-touch.a(UART_1_SPI_UART_INT.o)
                                0x24f (size before relaxing)
 .debug_str     0x00003adf      0x11d .\CortexM0p\ARM_GCC_541\Release\cy8c4025-34channel-touch.a(CyFlash.o)
                                0x32d (size before relaxing)
 .debug_str     0x00003bfc       0xa4 .\CortexM0p\ARM_GCC_541\Release\cy8c4025-34channel-touch.a(CapSense_INT.o)
                                0x863 (size before relaxing)
 .debug_str     0x00003ca0       0xf8 C:\Program Files (x86)\Cypress\PSoC Creator\4.4\PSoC Creator\psoc\content\CyComponentLibrary\CyComponentLibrary.cylib\CapSense_P4_v7_0\PSoC4\Library\Capsense_P4Library_GCCp.a(CapSense_SmartSense_LL.o)
                                0x2c8 (size before relaxing)
 .debug_str     0x00003d98       0x6d C:\Program Files (x86)\Cypress\PSoC Creator\4.4\PSoC Creator\psoc\content\CyComponentLibrary\CyComponentLibrary.cylib\CapSense_P4_v7_0\PSoC4\Library\Capsense_P4Library_GCCp.a(CapSense_SmartSense_SL.o)
                                0x317 (size before relaxing)

.debug_loc      0x00000000     0x4bd4
 *(.debug_loc)
 .debug_loc     0x00000000      0x132 .\CortexM0p\ARM_GCC_541\Release\main.o
 .debug_loc     0x00000132       0x40 .\CortexM0p\ARM_GCC_541\Release\cyfitter_cfg.o
 .debug_loc     0x00000172      0x1de .\CortexM0p\ARM_GCC_541\Release\Cm0plusStart.o
 .debug_loc     0x00000350       0x7e .\CortexM0p\ARM_GCC_541\Release\cy8c4025-34channel-touch.a(UART_1.o)
 .debug_loc     0x000003ce       0xe4 .\CortexM0p\ARM_GCC_541\Release\cy8c4025-34channel-touch.a(UART_1_SPI_UART.o)
 .debug_loc     0x000004b2      0x195 .\CortexM0p\ARM_GCC_541\Release\cy8c4025-34channel-touch.a(UART_1_UART.o)
 .debug_loc     0x00000647      0x660 .\CortexM0p\ARM_GCC_541\Release\cy8c4025-34channel-touch.a(CyLib.o)
 .debug_loc     0x00000ca7       0x8e .\CortexM0p\ARM_GCC_541\Release\cy8c4025-34channel-touch.a(cyPm.o)
 .debug_loc     0x00000d35      0x216 .\CortexM0p\ARM_GCC_541\Release\cy8c4025-34channel-touch.a(CyLFClk.o)
 .debug_loc     0x00000f4b      0x37a .\CortexM0p\ARM_GCC_541\Release\cy8c4025-34channel-touch.a(CapSense_Control.o)
 .debug_loc     0x000012c5      0x608 .\CortexM0p\ARM_GCC_541\Release\cy8c4025-34channel-touch.a(CapSense_Processing.o)
 .debug_loc     0x000018cd      0x307 .\CortexM0p\ARM_GCC_541\Release\cy8c4025-34channel-touch.a(CapSense_Structure.o)
 .debug_loc     0x00001bd4      0x122 .\CortexM0p\ARM_GCC_541\Release\cy8c4025-34channel-touch.a(CapSense_Tuner.o)
 .debug_loc     0x00001cf6      0xee3 .\CortexM0p\ARM_GCC_541\Release\cy8c4025-34channel-touch.a(CapSense_Filter.o)
 .debug_loc     0x00002bd9      0xc64 .\CortexM0p\ARM_GCC_541\Release\cy8c4025-34channel-touch.a(CapSense_Sensing.o)
 .debug_loc     0x0000383d      0xc33 .\CortexM0p\ARM_GCC_541\Release\cy8c4025-34channel-touch.a(CapSense_SensingCSD_LL.o)
 .debug_loc     0x00004470       0xa6 .\CortexM0p\ARM_GCC_541\Release\cy8c4025-34channel-touch.a(CapSense_ISR.o)
 .debug_loc     0x00004516       0x1f .\CortexM0p\ARM_GCC_541\Release\cy8c4025-34channel-touch.a(UART_1_SPI_UART_INT.o)
 .debug_loc     0x00004535      0x1bd .\CortexM0p\ARM_GCC_541\Release\cy8c4025-34channel-touch.a(CyFlash.o)
 .debug_loc     0x000046f2       0x4a .\CortexM0p\ARM_GCC_541\Release\cy8c4025-34channel-touch.a(CapSense_INT.o)
 .debug_loc     0x0000473c      0x2ff C:\Program Files (x86)\Cypress\PSoC Creator\4.4\PSoC Creator\psoc\content\CyComponentLibrary\CyComponentLibrary.cylib\CapSense_P4_v7_0\PSoC4\Library\Capsense_P4Library_GCCp.a(CapSense_SmartSense_LL.o)
 .debug_loc     0x00004a3b      0x199 C:\Program Files (x86)\Cypress\PSoC Creator\4.4\PSoC Creator\psoc\content\CyComponentLibrary\CyComponentLibrary.cylib\CapSense_P4_v7_0\PSoC4\Library\Capsense_P4Library_GCCp.a(CapSense_SmartSense_SL.o)

.debug_macinfo
 *(.debug_macinfo)

.debug_ranges   0x00000000      0x9c8
 *(.debug_ranges)
 .debug_ranges  0x00000000       0x30 .\CortexM0p\ARM_GCC_541\Release\main.o
 .debug_ranges  0x00000030       0x68 .\CortexM0p\ARM_GCC_541\Release\cyfitter_cfg.o
 .debug_ranges  0x00000098       0x50 .\CortexM0p\ARM_GCC_541\Release\Cm0plusStart.o
 .debug_ranges  0x000000e8       0x40 .\CortexM0p\ARM_GCC_541\Release\cy8c4025-34channel-touch.a(UART_1.o)
 .debug_ranges  0x00000128       0x38 .\CortexM0p\ARM_GCC_541\Release\cy8c4025-34channel-touch.a(UART_1_SPI_UART.o)
 .debug_ranges  0x00000160       0x60 .\CortexM0p\ARM_GCC_541\Release\cy8c4025-34channel-touch.a(UART_1_UART.o)
 .debug_ranges  0x000001c0      0x1d8 .\CortexM0p\ARM_GCC_541\Release\cy8c4025-34channel-touch.a(CyLib.o)
 .debug_ranges  0x00000398       0x20 .\CortexM0p\ARM_GCC_541\Release\cy8c4025-34channel-touch.a(cyPm.o)
 .debug_ranges  0x000003b8       0xd0 .\CortexM0p\ARM_GCC_541\Release\cy8c4025-34channel-touch.a(CyLFClk.o)
 .debug_ranges  0x00000488       0x50 .\CortexM0p\ARM_GCC_541\Release\cy8c4025-34channel-touch.a(CapSense_Control.o)
 .debug_ranges  0x000004d8       0x40 .\CortexM0p\ARM_GCC_541\Release\cy8c4025-34channel-touch.a(CapSense_Processing.o)
 .debug_ranges  0x00000518       0x40 .\CortexM0p\ARM_GCC_541\Release\cy8c4025-34channel-touch.a(CapSense_Structure.o)
 .debug_ranges  0x00000558       0x18 .\CortexM0p\ARM_GCC_541\Release\cy8c4025-34channel-touch.a(CapSense_Tuner.o)
 .debug_ranges  0x00000570       0xf0 .\CortexM0p\ARM_GCC_541\Release\cy8c4025-34channel-touch.a(CapSense_Filter.o)
 .debug_ranges  0x00000660      0x120 .\CortexM0p\ARM_GCC_541\Release\cy8c4025-34channel-touch.a(CapSense_Sensing.o)
 .debug_ranges  0x00000780       0xc0 .\CortexM0p\ARM_GCC_541\Release\cy8c4025-34channel-touch.a(CapSense_SensingCSD_LL.o)
 .debug_ranges  0x00000840       0xd0 .\CortexM0p\ARM_GCC_541\Release\cy8c4025-34channel-touch.a(CapSense_ISR.o)
 .debug_ranges  0x00000910       0x10 .\CortexM0p\ARM_GCC_541\Release\cy8c4025-34channel-touch.a(UART_1_SPI_UART_INT.o)
 .debug_ranges  0x00000920       0x38 .\CortexM0p\ARM_GCC_541\Release\cy8c4025-34channel-touch.a(CyFlash.o)
 .debug_ranges  0x00000958       0x20 .\CortexM0p\ARM_GCC_541\Release\cy8c4025-34channel-touch.a(CapSense_INT.o)
 .debug_ranges  0x00000978       0x30 C:\Program Files (x86)\Cypress\PSoC Creator\4.4\PSoC Creator\psoc\content\CyComponentLibrary\CyComponentLibrary.cylib\CapSense_P4_v7_0\PSoC4\Library\Capsense_P4Library_GCCp.a(CapSense_SmartSense_LL.o)
 .debug_ranges  0x000009a8       0x20 C:\Program Files (x86)\Cypress\PSoC Creator\4.4\PSoC Creator\psoc\content\CyComponentLibrary\CyComponentLibrary.cylib\CapSense_P4_v7_0\PSoC4\Library\Capsense_P4Library_GCCp.a(CapSense_SmartSense_SL.o)

.comment        0x00000000       0x6e
 .comment       0x00000000       0x6e .\CortexM0p\ARM_GCC_541\Release\main.o
                                 0x6f (size before relaxing)
 .comment       0x0000006e       0x6f .\CortexM0p\ARM_GCC_541\Release\cyfitter_cfg.o
 .comment       0x0000006e       0x6f .\CortexM0p\ARM_GCC_541\Release\cymetadata.o
 .comment       0x0000006e       0x6f .\CortexM0p\ARM_GCC_541\Release\Cm0plusStart.o
 .comment       0x0000006e       0x6f .\CortexM0p\ARM_GCC_541\Release\cy8c4025-34channel-touch.a(UART_1.o)
 .comment       0x0000006e       0x6f .\CortexM0p\ARM_GCC_541\Release\cy8c4025-34channel-touch.a(UART_1_SPI_UART.o)
 .comment       0x0000006e       0x6f .\CortexM0p\ARM_GCC_541\Release\cy8c4025-34channel-touch.a(UART_1_UART.o)
 .comment       0x0000006e       0x6f .\CortexM0p\ARM_GCC_541\Release\cy8c4025-34channel-touch.a(CyLib.o)
 .comment       0x0000006e       0x6f .\CortexM0p\ARM_GCC_541\Release\cy8c4025-34channel-touch.a(cyPm.o)
 .comment       0x0000006e       0x6f .\CortexM0p\ARM_GCC_541\Release\cy8c4025-34channel-touch.a(CyLFClk.o)
 .comment       0x0000006e       0x6f .\CortexM0p\ARM_GCC_541\Release\cy8c4025-34channel-touch.a(CapSense_Control.o)
 .comment       0x0000006e       0x6f .\CortexM0p\ARM_GCC_541\Release\cy8c4025-34channel-touch.a(CapSense_Processing.o)
 .comment       0x0000006e       0x6f .\CortexM0p\ARM_GCC_541\Release\cy8c4025-34channel-touch.a(CapSense_Structure.o)
 .comment       0x0000006e       0x6f .\CortexM0p\ARM_GCC_541\Release\cy8c4025-34channel-touch.a(CapSense_Tuner.o)
 .comment       0x0000006e       0x6f .\CortexM0p\ARM_GCC_541\Release\cy8c4025-34channel-touch.a(CapSense_Filter.o)
 .comment       0x0000006e       0x6f .\CortexM0p\ARM_GCC_541\Release\cy8c4025-34channel-touch.a(CapSense_Sensing.o)
 .comment       0x0000006e       0x6f .\CortexM0p\ARM_GCC_541\Release\cy8c4025-34channel-touch.a(CapSense_SensingCSD_LL.o)
 .comment       0x0000006e       0x6f .\CortexM0p\ARM_GCC_541\Release\cy8c4025-34channel-touch.a(CapSense_ISR.o)
 .comment       0x0000006e       0x6f .\CortexM0p\ARM_GCC_541\Release\cy8c4025-34channel-touch.a(UART_1_SPI_UART_INT.o)
 .comment       0x0000006e       0x6f .\CortexM0p\ARM_GCC_541\Release\cy8c4025-34channel-touch.a(CyFlash.o)
 .comment       0x0000006e       0x6f .\CortexM0p\ARM_GCC_541\Release\cy8c4025-34channel-touch.a(CapSense_INT.o)
 .comment       0x0000006e       0x6f C:\Program Files (x86)\Cypress\PSoC Creator\4.4\PSoC Creator\psoc\content\CyComponentLibrary\CyComponentLibrary.cylib\CapSense_P4_v7_0\PSoC4\Library\Capsense_P4Library_GCCp.a(CapSense_SmartSense_LL.o)
 .comment       0x0000006e       0x6f C:\Program Files (x86)\Cypress\PSoC Creator\4.4\PSoC Creator\psoc\content\CyComponentLibrary\CyComponentLibrary.cylib\CapSense_P4_v7_0\PSoC4\Library\Capsense_P4Library_GCCp.a(CapSense_SmartSense_SL.o)

.debug_weaknames
 *(.debug_weaknames)

.debug_funcnames
 *(.debug_funcnames)

.debug_typenames
 *(.debug_typenames)

.debug_varnames
 *(.debug_varnames)

.note.gnu.arm.ident
 *(.note.gnu.arm.ident)

.ARM.attributes
                0x00000000       0x28
 *(.ARM.attributes)
 .ARM.attributes
                0x00000000       0x1e c:/program files (x86)/cypress/psoc creator/4.4/psoc creator/import/gnu/arm/5.4.1/bin/../lib/gcc/arm-none-eabi/5.4.1/armv6-m/crti.o
 .ARM.attributes
                0x0000001e       0x2c c:/program files (x86)/cypress/psoc creator/4.4/psoc creator/import/gnu/arm/5.4.1/bin/../lib/gcc/arm-none-eabi/5.4.1/armv6-m/crtbegin.o
 .ARM.attributes
                0x0000004a       0x1b c:/program files (x86)/cypress/psoc creator/4.4/psoc creator/import/gnu/arm/5.4.1/bin/../lib/gcc/arm-none-eabi/5.4.1/../../../../arm-none-eabi/lib/armv6-m/crt0.o
 .ARM.attributes
                0x00000065       0x32 .\CortexM0p\ARM_GCC_541\Release\main.o
 .ARM.attributes
                0x00000097       0x32 .\CortexM0p\ARM_GCC_541\Release\cyfitter_cfg.o
 .ARM.attributes
                0x000000c9       0x32 .\CortexM0p\ARM_GCC_541\Release\cymetadata.o
 .ARM.attributes
                0x000000fb       0x32 .\CortexM0p\ARM_GCC_541\Release\Cm0plusStart.o
 .ARM.attributes
                0x0000012d       0x32 .\CortexM0p\ARM_GCC_541\Release\cy8c4025-34channel-touch.a(UART_1.o)
 .ARM.attributes
                0x0000015f       0x32 .\CortexM0p\ARM_GCC_541\Release\cy8c4025-34channel-touch.a(UART_1_SPI_UART.o)
 .ARM.attributes
                0x00000191       0x32 .\CortexM0p\ARM_GCC_541\Release\cy8c4025-34channel-touch.a(UART_1_UART.o)
 .ARM.attributes
                0x000001c3       0x32 .\CortexM0p\ARM_GCC_541\Release\cy8c4025-34channel-touch.a(CyLib.o)
 .ARM.attributes
                0x000001f5       0x32 .\CortexM0p\ARM_GCC_541\Release\cy8c4025-34channel-touch.a(cyPm.o)
 .ARM.attributes
                0x00000227       0x32 .\CortexM0p\ARM_GCC_541\Release\cy8c4025-34channel-touch.a(CyLFClk.o)
 .ARM.attributes
                0x00000259       0x32 .\CortexM0p\ARM_GCC_541\Release\cy8c4025-34channel-touch.a(CapSense_Control.o)
 .ARM.attributes
                0x0000028b       0x32 .\CortexM0p\ARM_GCC_541\Release\cy8c4025-34channel-touch.a(CapSense_Processing.o)
 .ARM.attributes
                0x000002bd       0x32 .\CortexM0p\ARM_GCC_541\Release\cy8c4025-34channel-touch.a(CapSense_Structure.o)
 .ARM.attributes
                0x000002ef       0x32 .\CortexM0p\ARM_GCC_541\Release\cy8c4025-34channel-touch.a(CapSense_Tuner.o)
 .ARM.attributes
                0x00000321       0x32 .\CortexM0p\ARM_GCC_541\Release\cy8c4025-34channel-touch.a(CapSense_Filter.o)
 .ARM.attributes
                0x00000353       0x32 .\CortexM0p\ARM_GCC_541\Release\cy8c4025-34channel-touch.a(CapSense_Sensing.o)
 .ARM.attributes
                0x00000385       0x32 .\CortexM0p\ARM_GCC_541\Release\cy8c4025-34channel-touch.a(CapSense_SensingCSD_LL.o)
 .ARM.attributes
                0x000003b7       0x32 .\CortexM0p\ARM_GCC_541\Release\cy8c4025-34channel-touch.a(CapSense_ISR.o)
 .ARM.attributes
                0x000003e9       0x22 .\CortexM0p\ARM_GCC_541\Release\cy8c4025-34channel-touch.a(CyBootAsmGnu.o)
 .ARM.attributes
                0x0000040b       0x32 .\CortexM0p\ARM_GCC_541\Release\cy8c4025-34channel-touch.a(UART_1_SPI_UART_INT.o)
 .ARM.attributes
                0x0000043d       0x32 .\CortexM0p\ARM_GCC_541\Release\cy8c4025-34channel-touch.a(CyFlash.o)
 .ARM.attributes
                0x0000046f       0x32 .\CortexM0p\ARM_GCC_541\Release\cy8c4025-34channel-touch.a(CapSense_INT.o)
 .ARM.attributes
                0x000004a1       0x32 C:\Program Files (x86)\Cypress\PSoC Creator\4.4\PSoC Creator\psoc\content\CyComponentLibrary\CyComponentLibrary.cylib\CapSense_P4_v7_0\PSoC4\Library\Capsense_P4Library_GCCp.a(CapSense_SmartSense_LL.o)
 .ARM.attributes
                0x000004d3       0x32 C:\Program Files (x86)\Cypress\PSoC Creator\4.4\PSoC Creator\psoc\content\CyComponentLibrary\CyComponentLibrary.cylib\CapSense_P4_v7_0\PSoC4\Library\Capsense_P4Library_GCCp.a(CapSense_SmartSense_SL.o)
 .ARM.attributes
                0x00000505       0x1e c:/program files (x86)/cypress/psoc creator/4.4/psoc creator/import/gnu/arm/5.4.1/bin/../lib/gcc/arm-none-eabi/5.4.1/armv6-m\libgcc.a(_thumb1_case_uqi.o)
 .ARM.attributes
                0x00000523       0x1e c:/program files (x86)/cypress/psoc creator/4.4/psoc creator/import/gnu/arm/5.4.1/bin/../lib/gcc/arm-none-eabi/5.4.1/armv6-m\libgcc.a(_thumb1_case_uhi.o)
 .ARM.attributes
                0x00000541       0x1e c:/program files (x86)/cypress/psoc creator/4.4/psoc creator/import/gnu/arm/5.4.1/bin/../lib/gcc/arm-none-eabi/5.4.1/armv6-m\libgcc.a(_udivsi3.o)
 .ARM.attributes
                0x0000055f       0x1e c:/program files (x86)/cypress/psoc creator/4.4/psoc creator/import/gnu/arm/5.4.1/bin/../lib/gcc/arm-none-eabi/5.4.1/armv6-m\libgcc.a(_dvmd_tls.o)
 .ARM.attributes
                0x0000057d       0x2c c:/program files (x86)/cypress/psoc creator/4.4/psoc creator/import/gnu/arm/5.4.1/bin/../lib/gcc/arm-none-eabi/5.4.1/../../../../arm-none-eabi/lib/armv6-m\libg_nano.a(lib_a-errno.o)
 .ARM.attributes
                0x000005a9       0x2c c:/program files (x86)/cypress/psoc creator/4.4/psoc creator/import/gnu/arm/5.4.1/bin/../lib/gcc/arm-none-eabi/5.4.1/../../../../arm-none-eabi/lib/armv6-m\libg_nano.a(lib_a-exit.o)
 .ARM.attributes
                0x000005d5       0x2c c:/program files (x86)/cypress/psoc creator/4.4/psoc creator/import/gnu/arm/5.4.1/bin/../lib/gcc/arm-none-eabi/5.4.1/../../../../arm-none-eabi/lib/armv6-m\libg_nano.a(lib_a-impure.o)
 .ARM.attributes
                0x00000601       0x2c c:/program files (x86)/cypress/psoc creator/4.4/psoc creator/import/gnu/arm/5.4.1/bin/../lib/gcc/arm-none-eabi/5.4.1/../../../../arm-none-eabi/lib/armv6-m\libg_nano.a(lib_a-init.o)
 .ARM.attributes
                0x0000062d       0x2c c:/program files (x86)/cypress/psoc creator/4.4/psoc creator/import/gnu/arm/5.4.1/bin/../lib/gcc/arm-none-eabi/5.4.1/../../../../arm-none-eabi/lib/armv6-m\libg_nano.a(lib_a-memcpy-stub.o)
 .ARM.attributes
                0x00000659       0x2c c:/program files (x86)/cypress/psoc creator/4.4/psoc creator/import/gnu/arm/5.4.1/bin/../lib/gcc/arm-none-eabi/5.4.1/../../../../arm-none-eabi/lib/armv6-m\libg_nano.a(lib_a-memset.o)
 .ARM.attributes
                0x00000685       0x2c c:/program files (x86)/cypress/psoc creator/4.4/psoc creator/import/gnu/arm/5.4.1/bin/../lib/gcc/arm-none-eabi/5.4.1/armv6-m/crtend.o
 .ARM.attributes
                0x000006b1       0x1e c:/program files (x86)/cypress/psoc creator/4.4/psoc creator/import/gnu/arm/5.4.1/bin/../lib/gcc/arm-none-eabi/5.4.1/armv6-m/crtn.o

/DISCARD/
 *(.note.GNU-stack)
OUTPUT(C:\Users\Qinh\Documents\PSoC Creator\Workspace01\cy8c4025-34channel-touch.cydsn\CortexM0p\ARM_GCC_541\Release\cy8c4025-34channel-touch.elf elf32-littlearm)
