Archive member included to satisfy reference by file (symbol)

.\CortexM0p\ARM_GCC_541\Release\cy8c4025-34channel-touch.a(UART_1.o)
                              .\CortexM0p\ARM_GCC_541\Release\main.o (UART_1_Start)
.\CortexM0p\ARM_GCC_541\Release\cy8c4025-34channel-touch.a(UART_1_SPI_UART.o)
                              .\CortexM0p\ARM_GCC_541\Release\main.o (UART_1_SpiUartWriteTxData)
.\CortexM0p\ARM_GCC_541\Release\cy8c4025-34channel-touch.a(UART_1_UART.o)
                              .\CortexM0p\ARM_GCC_541\Release\cy8c4025-34channel-touch.a(UART_1.o) (UART_1_UartInit)
.\CortexM0p\ARM_GCC_541\Release\cy8c4025-34channel-touch.a(CyLib.o)
                              .\CortexM0p\ARM_GCC_541\Release\cy8c4025-34channel-touch.a(UART_1_UART.o) (CyIntSetVector)
.\CortexM0p\ARM_GCC_541\Release\cy8c4025-34channel-touch.a(cyPm.o)
                              .\CortexM0p\ARM_GCC_541\Release\main.o (CySysPmSleep)
.\CortexM0p\ARM_GCC_541\Release\cy8c4025-34channel-touch.a(CyLFClk.o)
                              .\CortexM0p\ARM_GCC_541\Release\main.o (CySysClkIloCompensate)
.\CortexM0p\ARM_GCC_541\Release\cy8c4025-34channel-touch.a(CapSense_Control.o)
                              .\CortexM0p\ARM_GCC_541\Release\main.o (CapSense_Start)
.\CortexM0p\ARM_GCC_541\Release\cy8c4025-34channel-touch.a(CapSense_Processing.o)
                              .\CortexM0p\ARM_GCC_541\Release\cy8c4025-34channel-touch.a(CapSense_Control.o) (CapSense_DpInitialize)
.\CortexM0p\ARM_GCC_541\Release\cy8c4025-34channel-touch.a(CapSense_Structure.o)
                              .\CortexM0p\ARM_GCC_541\Release\cy8c4025-34channel-touch.a(CapSense_Control.o) (CapSense_DsInitialize)
.\CortexM0p\ARM_GCC_541\Release\cy8c4025-34channel-touch.a(CapSense_Tuner.o)
                              .\CortexM0p\ARM_GCC_541\Release\cy8c4025-34channel-touch.a(CapSense_Control.o) (CapSense_TuInitialize)
.\CortexM0p\ARM_GCC_541\Release\cy8c4025-34channel-touch.a(CapSense_Filter.o)
                              .\CortexM0p\ARM_GCC_541\Release\cy8c4025-34channel-touch.a(CapSense_Control.o) (CapSense_InitializeAllBaselines)
.\CortexM0p\ARM_GCC_541\Release\cy8c4025-34channel-touch.a(CapSense_Sensing.o)
                              .\CortexM0p\ARM_GCC_541\Release\main.o (CapSense_IsBusy)
.\CortexM0p\ARM_GCC_541\Release\cy8c4025-34channel-touch.a(CapSense_SensingCSD_LL.o)
                              .\CortexM0p\ARM_GCC_541\Release\cy8c4025-34channel-touch.a(CapSense_Sensing.o) (CapSense_SsCSDInitialize)
.\CortexM0p\ARM_GCC_541\Release\cy8c4025-34channel-touch.a(CapSense_ISR.o)
                              .\CortexM0p\ARM_GCC_541\Release\cy8c4025-34channel-touch.a(CapSense_Sensing.o) (CapSense_ISR_StartEx)
.\CortexM0p\ARM_GCC_541\Release\cy8c4025-34channel-touch.a(CyBootAsmGnu.o)
                              .\CortexM0p\ARM_GCC_541\Release\cy8c4025-34channel-touch.a(CyLib.o) (CyDelayCycles)
.\CortexM0p\ARM_GCC_541\Release\cy8c4025-34channel-touch.a(UART_1_SPI_UART_INT.o)
                              .\CortexM0p\ARM_GCC_541\Release\cy8c4025-34channel-touch.a(UART_1_UART.o) (UART_1_SPI_UART_ISR)
.\CortexM0p\ARM_GCC_541\Release\cy8c4025-34channel-touch.a(CyFlash.o)
                              .\CortexM0p\ARM_GCC_541\Release\cy8c4025-34channel-touch.a(CyLib.o) (CySysFlashSetWaitCycles)
.\CortexM0p\ARM_GCC_541\Release\cy8c4025-34channel-touch.a(CapSense_INT.o)
                              .\CortexM0p\ARM_GCC_541\Release\cy8c4025-34channel-touch.a(CapSense_SensingCSD_LL.o) (CapSense_CSDPostSingleScan)
C:\Program Files (x86)\Cypress\PSoC Creator\4.4\PSoC Creator\psoc\content\CyComponentLibrary\CyComponentLibrary.cylib\CapSense_P4_v7_0\PSoC4\Library\Capsense_P4Library_GCCp.a(CapSense_SmartSense_LL.o)
                              .\CortexM0p\ARM_GCC_541\Release\cy8c4025-34channel-touch.a(CapSense_Sensing.o) (SmartSense_TunePrescalers)
C:\Program Files (x86)\Cypress\PSoC Creator\4.4\PSoC Creator\psoc\content\CyComponentLibrary\CyComponentLibrary.cylib\CapSense_P4_v7_0\PSoC4\Library\Capsense_P4Library_GCCp.a(CapSense_SmartSense_SL.o)
                              .\CortexM0p\ARM_GCC_541\Release\cy8c4025-34channel-touch.a(CapSense_Processing.o) (SmartSense_UpdateThresholds)
c:/program files (x86)/cypress/psoc creator/4.4/psoc creator/import/gnu/arm/5.4.1/bin/../lib/gcc/arm-none-eabi/5.4.1/armv6-m\libgcc.a(_thumb1_case_uqi.o)
                              .\CortexM0p\ARM_GCC_541\Release\cy8c4025-34channel-touch.a(CapSense_Tuner.o) (__gnu_thumb1_case_uqi)
c:/program files (x86)/cypress/psoc creator/4.4/psoc creator/import/gnu/arm/5.4.1/bin/../lib/gcc/arm-none-eabi/5.4.1/armv6-m\libgcc.a(_thumb1_case_uhi.o)
                              .\CortexM0p\ARM_GCC_541\Release\main.o (__gnu_thumb1_case_uhi)
c:/program files (x86)/cypress/psoc creator/4.4/psoc creator/import/gnu/arm/5.4.1/bin/../lib/gcc/arm-none-eabi/5.4.1/armv6-m\libgcc.a(_udivsi3.o)
                              .\CortexM0p\ARM_GCC_541\Release\main.o (__aeabi_uidiv)
[...]
Memory Configuration

Name             Origin             Length             Attributes
rom              0x00000000         0x00008000         xr
ram              0x20000000         0x00001000         xrw
*default*        0x00000000         0xffffffff

Linker script and memory map

LOAD c:/program files (x86)/cypress/psoc creator/4.4/psoc creator/import/gnu/arm/5.4.1/bin/../lib/gcc/arm-none-eabi/5.4.1/armv6-m/crti.o
LOAD c:/program files (x86)/cypress/psoc creator/4.4/psoc creator/import/gnu/arm/5.4.1/bin/../lib/gcc/arm-none-eabi/5.4.1/armv6-m/crtbegin.o
LOAD c:/program files (x86)/cypress/psoc creator/4.4/psoc creator/import/gnu/arm/5.4.1/bin/../lib/gcc/arm-none-eabi/5.4.1/../../../../arm-none-eabi/lib/armv6-m/crt0.o
START GROUP
LOAD .\CortexM0p\ARM_GCC_541\Release\main.o
LOAD .\CortexM0p\ARM_GCC_541\Release\cyfitter_cfg.o
LOAD .\CortexM0p\ARM_GCC_541\Release\cymetadata.o
LOAD .\CortexM0p\ARM_GCC_541\Release\Cm0plusStart.o
LOAD .\CortexM0p\ARM_GCC_541\Release\cy8c4025-34channel-touch.a
LOAD C:\Program Files (x86)\Cypress\PSoC Creator\4.4\PSoC Creator\psoc\content\CyComponentLibrary\CyComponentLibrary.cylib\CapSense_P4_v7_0\PSoC4\Library\Capsense_P4Library_GCCp.a
END GROUP
START GROUP
LOAD c:/program files (x86)/cypress/psoc creator/4.4/psoc creator/import/gnu/arm/5.4.1/bin/../lib/gcc/arm-none-eabi/5.4.1/armv6-m\libgcc.a
LOAD c:/program files (x86)/cypress/psoc creator/4.4/psoc creator/import/gnu/arm/5.4.1/bin/../lib/gcc/arm-none-eabi/5.4.1/../../../../arm-none-eabi/lib/armv6-m\libg_nano.a
LOAD c:/program files (x86)/cypress/psoc creator/4.4/psoc creator/import/gnu/arm/5.4.1/bin/../lib/gcc/arm-none-eabi/5.4.1/../../../../arm-none-eabi/lib/armv6-m\libc_nano.a
END GROUP
START GROUP
LOAD c:/program files (x86)/cypress/psoc creator/4.4/psoc creator/import/gnu/arm/5.4.1/bin/../lib/gcc/arm-none-eabi/5.4.1/armv6-m\libgcc.a
LOAD c:/program files (x86)/cypress/psoc creator/4.4/psoc creator/import/gnu/arm/5.4.1/bin/../lib/gcc/arm-none-eabi/5.4.1/../../../../arm-none-eabi/lib/armv6-m\libc_nano.a
END GROUP
LOAD c:/program files (x86)/cypress/psoc creator/4.4/psoc creator/import/gnu/arm/5.4.1/bin/../lib/gcc/arm-none-eabi/5.4.1/armv6-m/crtend.o
LOAD c:/program files (x86)/cypress/psoc creator/4.4/psoc creator/import/gnu/arm/5.4.1/bin/../lib/gcc/arm-none-eabi/5.4.1/armv6-m/crtn.o
START GROUP
LOAD c:/program files (x86)/cypress/psoc creator/4.4/psoc creator/import/gnu/arm/5.4.1/bin/../lib/gcc/arm-none-eabi/5.4.1/armv6-m\libgcc.a
LOAD c:/program files (x86)/cypress/psoc creator/4.4/psoc creator/import/gnu/arm/5.4.1/bin/../lib/gcc/arm-none-eabi/5.4.1/../../../../arm-none-eabi/lib/armv6-m\libc.a
LOAD c:/program files (x86)/cypress/psoc creator/4.4/psoc creator/import/gnu/arm/5.4.1/bin/../lib/gcc/arm-none-eabi/5.4.1/../../../../arm-none-eabi/lib/armv6-m\libnosys.a
END GROUP
                0x00000000                CY_APPL_ORIGIN = 0x0
                0x00000080                CY_FLASH_ROW_SIZE = 0x80
                0x00000001                CY_APPL_NUM = 0x1
                0x00000001                CY_APPL_MAX = 0x1
                0x00000040                CY_METADATA_SIZE = 0x40
                0x00000000                CY_APPL_LOADABLE = 0x0
                0x00000000                CY_CHECKSUM_EXCLUDE_SIZE = ALIGN (0x0, CY_FLASH_ROW_SIZE)
                0x00000000                CY_APP_FOR_STACK_AND_COPIER = 0x0
                [!provide]                PROVIDE (__cy_heap_start, _end)
                0x00000001                PROVIDE (__cy_region_num, ((__cy_regions_end - __cy_regions) / 0x10))
                0x20001000                PROVIDE (__cy_stack, (ORIGIN (ram) + LENGTH (ram)))
                [!provide]                PROVIDE (__cy_heap_end, (__cy_stack - 0x400))

.cybootloader   0x00000000        0x0
 *(.cybootloader)
                0x00000000                appl1_start = CY_APPL_ORIGIN?CY_APPL_ORIGIN:ALIGN (CY_FLASH_ROW_SIZE)
                0x00003f80                appl2_start = (appl1_start + ALIGN ((((LENGTH (rom) - appl1_start) - (0x2 * CY_FLASH_ROW_SIZE)) / 0x2), CY_FLASH_ROW_SIZE))
                0x00000000                appl_start = (CY_APPL_NUM == 0x1)?appl1_start:appl2_start
                0x00000001                cy_project_type_bootloader = (appl_start == 0x0)?0x1:0x0
                0x00000000                cy_project_type_app_for_stack_and_copier = (CY_APP_FOR_STACK_AND_COPIER == 0x1)?0x1:0x0

.text           0x00000000     0x26fa
 CREATE_OBJECT_SYMBOLS
                0x00000000                PROVIDE (__cy_interrupt_vector, RomVectors)
 *(.romvectors)
 .romvectors    0x00000000       0x10 .\CortexM0p\ARM_GCC_541\Release\Cm0plusStart.o
                0x00000000                RomVectors
                0x00000001                ASSERT ((. != __cy_interrupt_vector), No interrupt vector)
                0x00000001                ASSERT (CY_APPL_ORIGIN?(SIZEOF (.cybootloader) <= CY_APPL_ORIGIN):0x1, Wrong image location)
                0x00000010                PROVIDE (__cy_reset, Reset)
 *(.text.Reset)
 .text.Reset    0x00000010        0xa .\CortexM0p\ARM_GCC_541\Release\Cm0plusStart.o
                0x00000010                Reset
                0x00000001                ASSERT ((. != __cy_reset), No reset code)
 *(.psocinit)
 *fill*         0x0000001a        0x2 
 .psocinit      0x0000001c       0xec .\CortexM0p\ARM_GCC_541\Release\cyfitter_cfg.o
                0x0000001c                cyfitter_cfg
                0x00000108                . = MAX (., 0x100)
 *(.text .text.* .gnu.linkonce.t.*)
 .text          0x00000108       0x60 c:/program files (x86)/cypress/psoc creator/4.4/psoc creator/import/gnu/arm/5.4.1/bin/../lib/gcc/arm-none-eabi/5.4.1/armv6-m/crtbegin.o
 .text.EnterDeepSleepLowPowerMode
                0x00000168       0x14 .\CortexM0p\ARM_GCC_541\Release\main.o
                0x00000168                EnterDeepSleepLowPowerMode
 .text.CalibrateWdtMatchValue
                0x0000017c       0x2c .\CortexM0p\ARM_GCC_541\Release\main.o
                0x0000017c                CalibrateWdtMatchValue
 .text.WDT_Start
                0x000001a8       0x3c .\CortexM0p\ARM_GCC_541\Release\main.o
                0x000001a8                WDT_Start
 .text.startup.main
                0x000001e4      0x6a8 .\CortexM0p\ARM_GCC_541\Release\main.o
                0x000001e4                main
 .text.SetAnalogRoutingPumps
                0x0000088c       0x38 .\CortexM0p\ARM_GCC_541\Release\cyfitter_cfg.o
                0x0000088c                SetAnalogRoutingPumps
 .text.IntDefaultHandler
                0x000008c4       0x10 .\CortexM0p\ARM_GCC_541\Release\Cm0plusStart.o
                0x000008c4                IntDefaultHandler
 .text.Start_c  0x000008d4       0x4c .\CortexM0p\ARM_GCC_541\Release\Cm0plusStart.o
                0x000008d4                Start_c
 .text.startup.initialize_psoc
                0x00000920       0x3c .\CortexM0p\ARM_GCC_541\Release\Cm0plusStart.o
                0x00000920                initialize_psoc
 .text.UART_1_Enable
                0x0000095c       0x20 .\CortexM0p\ARM_GCC_541\Release\cy8c4025-34channel-touch.a(UART_1.o)
                0x0000095c                UART_1_Enable
 .text.UART_1_Start
                0x0000097c       0x1c .\CortexM0p\ARM_GCC_541\Release\cy8c4025-34channel-touch.a(UART_1.o)
                0x0000097c                UART_1_Start
 .text.UART_1_SpiUartWriteTxData
                0x00000998       0x6c .\CortexM0p\ARM_GCC_541\Release\cy8c4025-34channel-touch.a(UART_1_SPI_UART.o)
                0x00000998                UART_1_SpiUartWriteTxData
 .text.UART_1_UartInit
                0x00000a04       0xd4 .\CortexM0p\ARM_GCC_541\Release\cy8c4025-34channel-touch.a(UART_1_UART.o)
                0x00000a04                UART_1_UartInit
 .text.UART_1_UartPostEnable
                0x00000ad8       0x2c .\CortexM0p\ARM_GCC_541\Release\cy8c4025-34channel-touch.a(UART_1_UART.o)
                0x00000ad8                UART_1_UartPostEnable
 .text.CySysClkImoDisableWcoLock
                0x00000b04       0x48 .\CortexM0p\ARM_GCC_541\Release\cy8c4025-34channel-touch.a(CyLib.o)
                0x00000b04                CySysClkImoDisableWcoLock
 .text.CySysClkImoGetWcoLock
                0x00000b4c       0x10 .\CortexM0p\ARM_GCC_541\Release\cy8c4025-34channel-touch.a(CyLib.o)
                0x00000b4c                CySysClkImoGetWcoLock
 .text.CyIntSetVector
                0x00000b5c       0x10 .\CortexM0p\ARM_GCC_541\Release\cy8c4025-34channel-touch.a(CyLib.o)
                0x00000b5c                CyIntSetVector
 .text.CyIntSetPriority
                0x00000b6c       0x34 .\CortexM0p\ARM_GCC_541\Release\cy8c4025-34channel-touch.a(CyLib.o)
                0x00000b6c                CyIntSetPriority
 .text.CyIntEnable
                0x00000ba0       0x14 .\CortexM0p\ARM_GCC_541\Release\cy8c4025-34channel-touch.a(CyLib.o)
                0x00000ba0                CyIntEnable
 .text.CyIntDisable
                0x00000bb4       0x14 .\CortexM0p\ARM_GCC_541\Release\cy8c4025-34channel-touch.a(CyLib.o)
                0x00000bb4                CyIntDisable
 .text.CyIntClearPending
                0x00000bc8       0x14 .\CortexM0p\ARM_GCC_541\Release\cy8c4025-34channel-touch.a(CyLib.o)
                0x00000bc8                CyIntClearPending
 .text.CyDelay  0x00000bdc       0x2c .\CortexM0p\ARM_GCC_541\Release\cy8c4025-34channel-touch.a(CyLib.o)
                0x00000bdc                CyDelay
 .text.CySysClkImoEnableWcoLock
                0x00000c08       0xc4 .\CortexM0p\ARM_GCC_541\Release\cy8c4025-34channel-touch.a(CyLib.o)
                0x00000c08                CySysClkImoEnableWcoLock
 .text.CySysClkWriteImoFreq
                0x00000ccc       0xb8 .\CortexM0p\ARM_GCC_541\Release\cy8c4025-34channel-touch.a(CyLib.o)
                0x00000ccc                CySysClkWriteImoFreq
 .text.CyDelayUs
                0x00000d84       0x14 .\CortexM0p\ARM_GCC_541\Release\cy8c4025-34channel-touch.a(CyLib.o)
                0x00000d84                CyDelayUs
 .text.CySysPmSleep
                0x00000d98       0x1c .\CortexM0p\ARM_GCC_541\Release\cy8c4025-34channel-touch.a(cyPm.o)
                0x00000d98                CySysPmSleep
 .text.CySysClkIloCompensate
                0x00000db4       0xe8 .\CortexM0p\ARM_GCC_541\Release\cy8c4025-34channel-touch.a(CyLFClk.o)
                0x00000db4                CySysClkIloCompensate
 .text.CySysClkWcoEnabled
                0x00000e9c        0xc .\CortexM0p\ARM_GCC_541\Release\cy8c4025-34channel-touch.a(CyLFClk.o)
                0x00000e9c                CySysClkWcoEnabled
 .text.CySysWdtDisable
                0x00000ea8       0x10 .\CortexM0p\ARM_GCC_541\Release\cy8c4025-34channel-touch.a(CyLFClk.o)
                0x00000ea8                CySysWdtDisable
 .text.CySysWdtSetMatch
                0x00000eb8       0x14 .\CortexM0p\ARM_GCC_541\Release\cy8c4025-34channel-touch.a(CyLFClk.o)
                0x00000eb8                CySysWdtSetMatch
 .text.CySysWdtGetMatch
                0x00000ecc        0xc .\CortexM0p\ARM_GCC_541\Release\cy8c4025-34channel-touch.a(CyLFClk.o)
                0x00000ecc                CySysWdtGetMatch
 .text.CySysWdtUnmaskInterrupt
                0x00000ed8       0x10 .\CortexM0p\ARM_GCC_541\Release\cy8c4025-34channel-touch.a(CyLFClk.o)
                0x00000ed8                CySysWdtUnmaskInterrupt
 .text.CapSense_Initialize
                0x00000ee8       0x24 .\CortexM0p\ARM_GCC_541\Release\cy8c4025-34channel-touch.a(CapSense_Control.o)
                0x00000ee8                CapSense_Initialize
 .text.CapSense_Start
                0x00000f0c       0x44 .\CortexM0p\ARM_GCC_541\Release\cy8c4025-34channel-touch.a(CapSense_Control.o)
                0x00000f0c                CapSense_Start
 .text.CapSense_ProcessWidget
                0x00000f50       0x44 .\CortexM0p\ARM_GCC_541\Release\cy8c4025-34channel-touch.a(CapSense_Control.o)
                0x00000f50                CapSense_ProcessWidget
 .text.CapSense_DpInitialize
                0x00000f94       0x48 .\CortexM0p\ARM_GCC_541\Release\cy8c4025-34channel-touch.a(CapSense_Processing.o)
                0x00000f94                CapSense_DpInitialize
 .text.CapSense_DpUpdateThresholds
                0x00000fdc       0x2e .\CortexM0p\ARM_GCC_541\Release\cy8c4025-34channel-touch.a(CapSense_Processing.o)
                0x00000fdc                CapSense_DpUpdateThresholds
 .text.CapSense_DpUpdateDifferences
                0x0000100a       0x16 .\CortexM0p\ARM_GCC_541\Release\cy8c4025-34channel-touch.a(CapSense_Processing.o)
                0x0000100a                CapSense_DpUpdateDifferences
 .text.CapSense_DpProcessCsdWidgetRawCounts
                0x00001020       0x74 .\CortexM0p\ARM_GCC_541\Release\cy8c4025-34channel-touch.a(CapSense_Processing.o)
                0x00001020                CapSense_DpProcessCsdWidgetRawCounts
 .text.CapSense_DpProcessButton
                0x00001094       0x66 .\CortexM0p\ARM_GCC_541\Release\cy8c4025-34channel-touch.a(CapSense_Processing.o)
                0x00001094                CapSense_DpProcessButton
 *fill*         0x000010fa        0x2 
 .text.CapSense_DpProcessCsdWidgetStatus
                0x000010fc       0x40 .\CortexM0p\ARM_GCC_541\Release\cy8c4025-34channel-touch.a(CapSense_Processing.o)
                0x000010fc                CapSense_DpProcessCsdWidgetStatus
 .text.CapSense_DsInitialize
                0x0000113c       0x90 .\CortexM0p\ARM_GCC_541\Release\cy8c4025-34channel-touch.a(CapSense_Structure.o)
                0x0000113c                CapSense_DsInitialize
 .text.CapSense_IsAnyWidgetActive
                0x000011cc       0x10 .\CortexM0p\ARM_GCC_541\Release\cy8c4025-34channel-touch.a(CapSense_Structure.o)
                0x000011cc                CapSense_IsAnyWidgetActive
 .text.CapSense_TuInitialize
                0x000011dc       0x14 .\CortexM0p\ARM_GCC_541\Release\cy8c4025-34channel-touch.a(CapSense_Tuner.o)
                0x000011dc                CapSense_TuInitialize
 .text.CapSense_FtInitializeBaselineChannel
                0x000011f0       0x1a .\CortexM0p\ARM_GCC_541\Release\cy8c4025-34channel-touch.a(CapSense_Filter.o)
                0x000011f0                CapSense_FtInitializeBaselineChannel
 .text.CapSense_FtInitializeBaseline
                0x0000120a        0xa .\CortexM0p\ARM_GCC_541\Release\cy8c4025-34channel-touch.a(CapSense_Filter.o)
                0x0000120a                CapSense_FtInitializeBaseline
 .text.CapSense_InitializeSensorBaseline
                0x00001214       0x20 .\CortexM0p\ARM_GCC_541\Release\cy8c4025-34channel-touch.a(CapSense_Filter.o)
                0x00001214                CapSense_InitializeSensorBaseline
 .text.CapSense_InitializeWidgetBaseline
                0x00001234       0x24 .\CortexM0p\ARM_GCC_541\Release\cy8c4025-34channel-touch.a(CapSense_Filter.o)
                0x00001234                CapSense_InitializeWidgetBaseline
 .text.CapSense_InitializeAllBaselines
                0x00001258       0x12 .\CortexM0p\ARM_GCC_541\Release\cy8c4025-34channel-touch.a(CapSense_Filter.o)
                0x00001258                CapSense_InitializeAllBaselines
 .text.CapSense_FtUpdateBaseline
                0x0000126a       0x6c .\CortexM0p\ARM_GCC_541\Release\cy8c4025-34channel-touch.a(CapSense_Filter.o)
                0x0000126a                CapSense_FtUpdateBaseline
 .text.CapSense_InitializeIIRInternal
                0x000012d6        0xc .\CortexM0p\ARM_GCC_541\Release\cy8c4025-34channel-touch.a(CapSense_Filter.o)
                0x000012d6                CapSense_InitializeIIRInternal
 .text.CapSense_RunIIRInternal
                0x000012e2       0x14 .\CortexM0p\ARM_GCC_541\Release\cy8c4025-34channel-touch.a(CapSense_Filter.o)
                0x000012e2                CapSense_RunIIRInternal
 .text.CapSense_InitializeMedianInternal
                0x000012f6        0xe .\CortexM0p\ARM_GCC_541\Release\cy8c4025-34channel-touch.a(CapSense_Filter.o)
                0x000012f6                CapSense_InitializeMedianInternal
 .text.CapSense_InitializeWidgetFilter
                0x00001304       0x70 .\CortexM0p\ARM_GCC_541\Release\cy8c4025-34channel-touch.a(CapSense_Filter.o)
                0x00001304                CapSense_InitializeWidgetFilter
 .text.CapSense_InitializeAllFilters
                0x00001374       0x12 .\CortexM0p\ARM_GCC_541\Release\cy8c4025-34channel-touch.a(CapSense_Filter.o)
                0x00001374                CapSense_InitializeAllFilters
 .text.CapSense_FtInitialize
                0x00001386        0x8 .\CortexM0p\ARM_GCC_541\Release\cy8c4025-34channel-touch.a(CapSense_Filter.o)
                0x00001386                CapSense_FtInitialize
 .text.CapSense_RunMedianInternal
                0x0000138e       0x2e .\CortexM0p\ARM_GCC_541\Release\cy8c4025-34channel-touch.a(CapSense_Filter.o)
                0x0000138e                CapSense_RunMedianInternal
 .text.CapSense_FtRunEnabledFiltersInternal
                0x000013bc       0x18 .\CortexM0p\ARM_GCC_541\Release\cy8c4025-34channel-touch.a(CapSense_Filter.o)
                0x000013bc                CapSense_FtRunEnabledFiltersInternal
 .text.CapSense_IsBusy
                0x000013d4       0x10 .\CortexM0p\ARM_GCC_541\Release\cy8c4025-34channel-touch.a(CapSense_Sensing.o)
                0x000013d4                CapSense_IsBusy
 .text.CapSense_SetupWidget
                0x000013e4       0x38 .\CortexM0p\ARM_GCC_541\Release\cy8c4025-34channel-touch.a(CapSense_Sensing.o)
                0x000013e4                CapSense_SetupWidget
 .text.CapSense_Scan
                0x0000141c       0x30 .\CortexM0p\ARM_GCC_541\Release\cy8c4025-34channel-touch.a(CapSense_Sensing.o)
                0x0000141c                CapSense_Scan
 .text.CapSense_ScanAllWidgets
                0x0000144c       0x3c .\CortexM0p\ARM_GCC_541\Release\cy8c4025-34channel-touch.a(CapSense_Sensing.o)
                0x0000144c                CapSense_ScanAllWidgets
 .text.CapSense_SsSetAllIOsState
                0x00001488       0x70 .\CortexM0p\ARM_GCC_541\Release\cy8c4025-34channel-touch.a(CapSense_Sensing.o)
                0x00001488                CapSense_SsSetAllIOsState
 .text.CapSense_SsPostAllWidgetsScan
                0x000014f8       0x68 .\CortexM0p\ARM_GCC_541\Release\cy8c4025-34channel-touch.a(CapSense_Sensing.o)
                0x000014f8                CapSense_SsPostAllWidgetsScan
 .text.CapSense_SsSetModClkClockDivider
                0x00001560       0x2c .\CortexM0p\ARM_GCC_541\Release\cy8c4025-34channel-touch.a(CapSense_Sensing.o)
                0x00001560                CapSense_SsSetModClkClockDivider
 .text.CapSense_SsCSDCalcPrsSize
                0x0000158c       0x20 .\CortexM0p\ARM_GCC_541\Release\cy8c4025-34channel-touch.a(CapSense_Sensing.o)
                0x0000158c                CapSense_SsCSDCalcPrsSize
 .text.CapSense_SsSetWidgetSenseClkSrc
                0x000015ac       0xbc .\CortexM0p\ARM_GCC_541\Release\cy8c4025-34channel-touch.a(CapSense_Sensing.o)
 .text.CapSense_SsAutoTuneWidget
                0x00001668      0x114 .\CortexM0p\ARM_GCC_541\Release\cy8c4025-34channel-touch.a(CapSense_Sensing.o)
                0x00001668                CapSense_SsAutoTuneWidget
 .text.CapSense_SsAutoTune
                0x0000177c       0x18 .\CortexM0p\ARM_GCC_541\Release\cy8c4025-34channel-touch.a(CapSense_Sensing.o)
                0x0000177c                CapSense_SsAutoTune
 .text.CapSense_SsInitializeSourceSenseClk
                0x00001794       0x20 .\CortexM0p\ARM_GCC_541\Release\cy8c4025-34channel-touch.a(CapSense_Sensing.o)
                0x00001794                CapSense_SsInitializeSourceSenseClk
 .text.CapSense_DischargeExtCapacitors
                0x000017b4       0xb8 .\CortexM0p\ARM_GCC_541\Release\cy8c4025-34channel-touch.a(CapSense_Sensing.o)
                0x000017b4                CapSense_DischargeExtCapacitors
 .text.CapSense_WriteBitsSafe
                0x0000186c       0x1c .\CortexM0p\ARM_GCC_541\Release\cy8c4025-34channel-touch.a(CapSense_Sensing.o)
                0x0000186c                CapSense_WriteBitsSafe
 .text.CapSense_SsSwitchSensingMode
                0x00001888       0x4c .\CortexM0p\ARM_GCC_541\Release\cy8c4025-34channel-touch.a(CapSense_Sensing.o)
                0x00001888                CapSense_SsSwitchSensingMode
 .text.CapSense_SsInitialize
                0x000018d4       0x2c .\CortexM0p\ARM_GCC_541\Release\cy8c4025-34channel-touch.a(CapSense_Sensing.o)
                0x000018d4                CapSense_SsInitialize
 .text.CapSense_SsCSDInitialize
                0x00001900      0x17c .\CortexM0p\ARM_GCC_541\Release\cy8c4025-34channel-touch.a(CapSense_SensingCSD_LL.o)
                0x00001900                CapSense_SsCSDInitialize
 .text.CapSense_SsCSDSetUpIdacs
                0x00001a7c       0x60 .\CortexM0p\ARM_GCC_541\Release\cy8c4025-34channel-touch.a(CapSense_SensingCSD_LL.o)
                0x00001a7c                CapSense_SsCSDSetUpIdacs
 .text.CapSense_SsCSDGetNumberOfConversions
                0x00001adc       0x30 .\CortexM0p\ARM_GCC_541\Release\cy8c4025-34channel-touch.a(CapSense_SensingCSD_LL.o)
                0x00001adc                CapSense_SsCSDGetNumberOfConversions
 .text.CapSense_SsCSDConfigClock
                0x00001b0c       0x40 .\CortexM0p\ARM_GCC_541\Release\cy8c4025-34channel-touch.a(CapSense_SensingCSD_LL.o)
                0x00001b0c                CapSense_SsCSDConfigClock
 .text.CapSense_SsCSDCalculateScanDuration
                0x00001b4c       0x18 .\CortexM0p\ARM_GCC_541\Release\cy8c4025-34channel-touch.a(CapSense_SensingCSD_LL.o)
                0x00001b4c                CapSense_SsCSDCalculateScanDuration
 .text.CapSense_SsCSDStartSample
                0x00001b64      0x10c .\CortexM0p\ARM_GCC_541\Release\cy8c4025-34channel-touch.a(CapSense_SensingCSD_LL.o)
                0x00001b64                CapSense_SsCSDStartSample
 .text.CapSense_CSDScanExt
                0x00001c70       0x20 .\CortexM0p\ARM_GCC_541\Release\cy8c4025-34channel-touch.a(CapSense_SensingCSD_LL.o)
                0x00001c70                CapSense_CSDScanExt
 .text.CapSense_CSDConnectSns
                0x00001c90       0x32 .\CortexM0p\ARM_GCC_541\Release\cy8c4025-34channel-touch.a(CapSense_SensingCSD_LL.o)
                0x00001c90                CapSense_CSDConnectSns
 *fill*         0x00001cc2        0x2 
 .text.CapSense_CSDScan
                0x00001cc4       0x90 .\CortexM0p\ARM_GCC_541\Release\cy8c4025-34channel-touch.a(CapSense_SensingCSD_LL.o)
                0x00001cc4                CapSense_CSDScan
 .text.CapSense_SsCSDConnectSensorExt
                0x00001d54       0x20 .\CortexM0p\ARM_GCC_541\Release\cy8c4025-34channel-touch.a(CapSense_SensingCSD_LL.o)
                0x00001d54                CapSense_SsCSDConnectSensorExt
 .text.CapSense_CSDDisconnectSns
                0x00001d74       0x6c .\CortexM0p\ARM_GCC_541\Release\cy8c4025-34channel-touch.a(CapSense_SensingCSD_LL.o)
                0x00001d74                CapSense_CSDDisconnectSns
 .text.CapSense_SsCSDElectrodeCheck
                0x00001de0       0x20 .\CortexM0p\ARM_GCC_541\Release\cy8c4025-34channel-touch.a(CapSense_SensingCSD_LL.o)
                0x00001de0                CapSense_SsCSDElectrodeCheck
 .text.CapSense_CSDSetupWidget
                0x00001e00       0x54 .\CortexM0p\ARM_GCC_541\Release\cy8c4025-34channel-touch.a(CapSense_SensingCSD_LL.o)
                0x00001e00                CapSense_CSDSetupWidget
 .text.CapSense_CSDSetupWidgetExt
                0x00001e54       0x60 .\CortexM0p\ARM_GCC_541\Release\cy8c4025-34channel-touch.a(CapSense_SensingCSD_LL.o)
                0x00001e54                CapSense_CSDSetupWidgetExt
 .text.CapSense_CSDCalibrateWidget
                0x00001eb4      0x278 .\CortexM0p\ARM_GCC_541\Release\cy8c4025-34channel-touch.a(CapSense_SensingCSD_LL.o)
                0x00001eb4                CapSense_CSDCalibrateWidget
 .text.CapSense_ISR_SetPriority
                0x0000212c       0x24 .\CortexM0p\ARM_GCC_541\Release\cy8c4025-34channel-touch.a(CapSense_ISR.o)
                0x0000212c                CapSense_ISR_SetPriority
 .text.CapSense_ISR_StartEx
                0x00002150       0x28 .\CortexM0p\ARM_GCC_541\Release\cy8c4025-34channel-touch.a(CapSense_ISR.o)
                0x00002150                CapSense_ISR_StartEx
 .text          0x00002178       0x20 .\CortexM0p\ARM_GCC_541\Release\cy8c4025-34channel-touch.a(CyBootAsmGnu.o)
                0x00002178                CyDelayCycles
                0x0000218a                CyEnterCriticalSection
                0x00002192                CyExitCriticalSection
 .text.UART_1_SPI_UART_ISR
                0x00002198       0x7c .\CortexM0p\ARM_GCC_541\Release\cy8c4025-34channel-touch.a(UART_1_SPI_UART_INT.o)
                0x00002198                UART_1_SPI_UART_ISR
 .text.CySysFlashSetWaitCycles
                0x00002214       0x44 .\CortexM0p\ARM_GCC_541\Release\cy8c4025-34channel-touch.a(CyFlash.o)
                0x00002214                CySysFlashSetWaitCycles
 .text.CapSense_SsCSDPostScan
                0x00002258       0x4c .\CortexM0p\ARM_GCC_541\Release\cy8c4025-34channel-touch.a(CapSense_INT.o)
 .text.CapSense_CSDPostSingleScan
                0x000022a4       0x2c .\CortexM0p\ARM_GCC_541\Release\cy8c4025-34channel-touch.a(CapSense_INT.o)
                0x000022a4                CapSense_CSDPostSingleScan
 .text.CapSense_CSDPostMultiScan
                0x000022d0       0xc0 .\CortexM0p\ARM_GCC_541\Release\cy8c4025-34channel-touch.a(CapSense_INT.o)
                0x000022d0                CapSense_CSDPostMultiScan
 .text.SmartSense_TunePrescalers
                0x00002390       0x60 C:\Program Files (x86)\Cypress\PSoC Creator\4.4\PSoC Creator\psoc\content\CyComponentLibrary\CyComponentLibrary.cylib\CapSense_P4_v7_0\PSoC4\Library\Capsense_P4Library_GCCp.a(CapSense_SmartSense_LL.o)
                0x00002390                SmartSense_TunePrescalers
 .text.SmartSense_TuneSensitivity
                0x000023f0       0x7c C:\Program Files (x86)\Cypress\PSoC Creator\4.4\PSoC Creator\psoc\content\CyComponentLibrary\CyComponentLibrary.cylib\CapSense_P4_v7_0\PSoC4\Library\Capsense_P4Library_GCCp.a(CapSense_SmartSense_LL.o)
                0x000023f0                SmartSense_TuneSensitivity
 .text.SmartSense_UpdateThresholds
                0x0000246c       0x42 C:\Program Files (x86)\Cypress\PSoC Creator\4.4\PSoC Creator\psoc\content\CyComponentLibrary\CyComponentLibrary.cylib\CapSense_P4_v7_0\PSoC4\Library\Capsense_P4Library_GCCp.a(CapSense_SmartSense_SL.o)
                0x0000246c                SmartSense_UpdateThresholds
 .text.SmartSense_InitializeNoiseEnvelope
                0x000024ae       0x18 C:\Program Files (x86)\Cypress\PSoC Creator\4.4\PSoC Creator\psoc\content\CyComponentLibrary\CyComponentLibrary.cylib\CapSense_P4_v7_0\PSoC4\Library\Capsense_P4Library_GCCp.a(CapSense_SmartSense_SL.o)
                0x000024ae                SmartSense_InitializeNoiseEnvelope
 .text.SmartSense_RunNoiseEnvelope
                0x000024c6       0x8e C:\Program Files (x86)\Cypress\PSoC Creator\4.4\PSoC Creator\psoc\content\CyComponentLibrary\CyComponentLibrary.cylib\CapSense_P4_v7_0\PSoC4\Library\Capsense_P4Library_GCCp.a(CapSense_SmartSense_SL.o)
                0x000024c6                SmartSense_RunNoiseEnvelope
 .text          0x00002554       0x14 c:/program files (x86)/cypress/psoc creator/4.4/psoc creator/import/gnu/arm/5.4.1/bin/../lib/gcc/arm-none-eabi/5.4.1/armv6-m\libgcc.a(_thumb1_case_uhi.o)
                0x00002554                __gnu_thumb1_case_uhi
 .text          0x00002568      0x114 c:/program files (x86)/cypress/psoc creator/4.4/psoc creator/import/gnu/arm/5.4.1/bin/../lib/gcc/arm-none-eabi/5.4.1/armv6-m\libgcc.a(_udivsi3.o)
                0x00002568                __aeabi_uidiv
                0x00002568                __udivsi3
                0x00002674                __aeabi_uidivmod
 .text          0x0000267c        0x4 c:/program files (x86)/cypress/psoc creator/4.4/psoc creator/import/gnu/arm/5.4.1/bin/../lib/gcc/arm-none-eabi/5.4.1/armv6-m\libgcc.a(_dvmd_tls.o)
                0x0000267c                __aeabi_idiv0
                0x0000267c                __aeabi_ldiv0
 .text.__errno  0x00002680        0xc c:/program files (x86)/cypress/psoc creator/4.4/psoc creator/import/gnu/arm/5.4.1/bin/../lib/gcc/arm-none-eabi/5.4.1/../../../../arm-none-eabi/lib/armv6-m\libg_nano.a(lib_a-errno.o)
                0x00002680                __errno
 .text.__libc_init_array
                0x0000268c       0x4c c:/program files (x86)/cypress/psoc creator/4.4/psoc creator/import/gnu/arm/5.4.1/bin/../lib/gcc/arm-none-eabi/5.4.1/../../../../arm-none-eabi/lib/armv6-m\libg_nano.a(lib_a-init.o)
                0x0000268c                __libc_init_array
 .text.memcpy   0x000026d8       0x12 c:/program files (x86)/cypress/psoc creator/4.4/psoc creator/import/gnu/arm/5.4.1/bin/../lib/gcc/arm-none-eabi/5.4.1/../../../../arm-none-eabi/lib/armv6-m\libg_nano.a(lib_a-memcpy-stub.o)
                0x000026d8                memcpy
 .text.memset   0x000026ea       0x10 c:/program files (x86)/cypress/psoc creator/4.4/psoc creator/import/gnu/arm/5.4.1/bin/../lib/gcc/arm-none-eabi/5.4.1/../../../../arm-none-eabi/lib/armv6-m\libg_nano.a(lib_a-memset.o)
                0x000026ea                memset
 *(.plt)
 *(.gnu.warning)
 *(.glue_7t)
 .glue_7t       0x000026fa        0x0 linker stubs
 *(.glue_7)
 .glue_7        0x000026fa        0x0 linker stubs
 *(.vfp11_veneer)
 .vfp11_veneer  0x000026fa        0x0 linker stubs
 *(.bootloader)
 *(.ARM.extab* .gnu.linkonce.armextab.*)
 *(.gcc_except_table)

.v4_bx          0x000026fc        0x0
 .v4_bx         0x000026fc        0x0 linker stubs

.iplt           0x000026fc        0x0
 .iplt          0x000026fc        0x0 c:/program files (x86)/cypress/psoc creator/4.4/psoc creator/import/gnu/arm/5.4.1/bin/../lib/gcc/arm-none-eabi/5.4.1/armv6-m/crtbegin.o

.eh_frame_hdr
 *(.eh_frame_hdr)

.eh_frame       0x000026fc        0x4
 *(.eh_frame)
 .eh_frame      0x000026fc        0x0 c:/program files (x86)/cypress/psoc creator/4.4/psoc creator/import/gnu/arm/5.4.1/bin/../lib/gcc/arm-none-eabi/5.4.1/armv6-m/crtbegin.o
 .eh_frame      0x000026fc        0x4 c:/program files (x86)/cypress/psoc creator/4.4/psoc creator/import/gnu/arm/5.4.1/bin/../lib/gcc/arm-none-eabi/5.4.1/armv6-m/crtend.o
                [!provide]                PROVIDE (__exidx_start, .)

.ARM.exidx
 *(.ARM.exidx* .gnu.linkonce.armexidx.*)
                0x00002700                __exidx_end = .

.rodata         0x00002700      0xb30
 *(.rodata .rodata.* .gnu.linkonce.r.*)
 .rodata        0x00002700      0xac4 .\CortexM0p\ARM_GCC_541\Release\cy8c4025-34channel-touch.a(CapSense_Structure.o)
                0x00002700                CapSense_ramIdacInit
                0x00002722                CapSense_ramWidgetInit
                0x000029cc                CapSense_dsFlash
                0x00002e0c                CapSense_ioList
 .rodata        0x000031c4       0x31 .\CortexM0p\ARM_GCC_541\Release\cy8c4025-34channel-touch.a(CapSense_Sensing.o)
                0x000031c4                CapSense_idacGainTable
                0x000031f4                CapSense_scanFreqIndex
 .rodata.str1.1
                0x000031f5        0x2 c:/program files (x86)/cypress/psoc creator/4.4/psoc creator/import/gnu/arm/5.4.1/bin/../lib/gcc/arm-none-eabi/5.4.1/../../../../arm-none-eabi/lib/armv6-m\libg_nano.a(lib_a-impure.o)
                0x000031f8                . = ALIGN (0x4)
 *fill*         0x000031f7        0x1 
 *(.init)
 .init          0x000031f8        0x4 c:/program files (x86)/cypress/psoc creator/4.4/psoc creator/import/gnu/arm/5.4.1/bin/../lib/gcc/arm-none-eabi/5.4.1/armv6-m/crti.o
                0x000031f8                _init
 .init          0x000031fc        0x8 c:/program files (x86)/cypress/psoc creator/4.4/psoc creator/import/gnu/arm/5.4.1/bin/../lib/gcc/arm-none-eabi/5.4.1/armv6-m/crtn.o
                0x00003204                . = ALIGN (0x4)
                0x00003204                __preinit_array_start = .
 *(.preinit_array)
                0x00003204                __preinit_array_end = .
                0x00003204                . = ALIGN (0x4)
                0x00003204                __init_array_start = .
 *(SORT(.init_array.*))
 *(.init_array)
 .init_array    0x00003204        0x4 c:/program files (x86)/cypress/psoc creator/4.4/psoc creator/import/gnu/arm/5.4.1/bin/../lib/gcc/arm-none-eabi/5.4.1/armv6-m/crtbegin.o
 .init_array    0x00003208        0x4 .\CortexM0p\ARM_GCC_541\Release\Cm0plusStart.o
                0x0000320c                __init_array_end = .
                0x0000320c                . = ALIGN (0x4)
 *(.fini)
 .fini          0x0000320c        0x4 c:/program files (x86)/cypress/psoc creator/4.4/psoc creator/import/gnu/arm/5.4.1/bin/../lib/gcc/arm-none-eabi/5.4.1/armv6-m/crti.o
                0x0000320c                _fini
 .fini          0x00003210        0x8 c:/program files (x86)/cypress/psoc creator/4.4/psoc creator/import/gnu/arm/5.4.1/bin/../lib/gcc/arm-none-eabi/5.4.1/armv6-m/crtn.o
                0x00003218                . = ALIGN (0x4)
                0x00003218                __fini_array_start = .
 *(.fini_array)
 .fini_array    0x00003218        0x4 c:/program files (x86)/cypress/psoc creator/4.4/psoc creator/import/gnu/arm/5.4.1/bin/../lib/gcc/arm-none-eabi/5.4.1/armv6-m/crtbegin.o
 *(SORT(.fini_array.*))
                0x0000321c                __fini_array_end = .
                0x0000321c                . = ALIGN (0x4)
 *crtbegin.o(.ctors)
 *(EXCLUDE_FILE(*crtend.o) .ctors)
 *(SORT(.ctors.*))
 *crtend.o(.ctors)
                0x0000321c                . = ALIGN (0x4)
 *crtbegin.o(.dtors)
 *(EXCLUDE_FILE(*crtend.o) .dtors)
 *(SORT(.dtors.*))
 *crtend.o(.dtors)
                0x0000321c                . = ALIGN (0x4)
                0x0000321c                __cy_regions = .
                0x0000321c        0x4 LONG 0x3230 __cy_region_init_ram
                0x00003220        0x4 LONG 0x20000080 __cy_region_start_data
                0x00003224        0x4 LONG 0x88 __cy_region_init_size_ram
                0x00003228        0x4 LONG 0x7f0 __cy_region_zero_size_ram
                0x0000322c                __cy_regions_end = .
                0x00003230                . = ALIGN (0x8)
 *fill*         0x0000322c        0x4 
                0x00003230                _etext = .

.cy_checksum_exclude
                0x00003230        0x0
 *(.cy_checksum_exclude)

.ramvectors     0x20000000       0x80
                0x20000000                __cy_region_start_ram = .
 *(.ramvectors)
 .ramvectors    0x20000000       0x80 .\CortexM0p\ARM_GCC_541\Release\Cm0plusStart.o
                0x20000000                CyRamVectors

.noinit
 *(.noinit)

.data           0x20000080       0x88 load address 0x00003230
                0x20000080                __cy_region_start_data = .
 *(.jcr)
 .jcr           0x20000080        0x0 c:/program files (x86)/cypress/psoc creator/4.4/psoc creator/import/gnu/arm/5.4.1/bin/../lib/gcc/arm-none-eabi/5.4.1/armv6-m/crtbegin.o
 .jcr           0x20000080        0x4 c:/program files (x86)/cypress/psoc creator/4.4/psoc creator/import/gnu/arm/5.4.1/bin/../lib/gcc/arm-none-eabi/5.4.1/armv6-m/crtend.o
 *(.got.plt)
 *(.got)
 *(.shdata)
 *(.data .data.* .gnu.linkonce.d.*)
 .data          0x20000084        0x4 .\CortexM0p\ARM_GCC_541\Release\main.o
                0x20000084                watchdogMatchValue
 .data          0x20000088       0x14 .\CortexM0p\ARM_GCC_541\Release\cy8c4025-34channel-touch.a(CyLib.o)
                0x20000088                CySysClkPumpConfig
                0x2000008c                cydelay32kMs
                0x20000090                cydelayFreqKhz
                0x20000094                cydelayFreqMhz
                0x20000098                cydelayFreqHz
 .data          0x2000009c        0x4 .\CortexM0p\ARM_GCC_541\Release\cy8c4025-34channel-touch.a(CapSense_SensingCSD_LL.o)
                0x2000009c                CapSense_configCsd
 .data.impure_data
                0x200000a0       0x60 c:/program files (x86)/cypress/psoc creator/4.4/psoc creator/import/gnu/arm/5.4.1/bin/../lib/gcc/arm-none-eabi/5.4.1/../../../../arm-none-eabi/lib/armv6-m\libg_nano.a(lib_a-impure.o)
 .data._impure_ptr
                0x20000100        0x4 c:/program files (x86)/cypress/psoc creator/4.4/psoc creator/import/gnu/arm/5.4.1/bin/../lib/gcc/arm-none-eabi/5.4.1/../../../../arm-none-eabi/lib/armv6-m\libg_nano.a(lib_a-impure.o)
                0x20000100                _impure_ptr
                0x20000108                . = ALIGN (0x8)
 *fill*         0x20000104        0x4 
 *(.ram)
                0x20000108                _edata = .

.igot.plt       0x20000108        0x0 load address 0x000032b8
 .igot.plt      0x20000108        0x0 c:/program files (x86)/cypress/psoc creator/4.4/psoc creator/import/gnu/arm/5.4.1/bin/../lib/gcc/arm-none-eabi/5.4.1/armv6-m/crtbegin.o

.bss            0x20000108      0x7f0 load address 0x000032b8
                0x20000108                PROVIDE (__bss_start__, .)
 *(.shbss)
 *(.bss .bss.* .gnu.linkonce.b.*)
 .bss           0x20000108       0x1c c:/program files (x86)/cypress/psoc creator/4.4/psoc creator/import/gnu/arm/5.4.1/bin/../lib/gcc/arm-none-eabi/5.4.1/armv6-m/crtbegin.o
 .bss           0x20000124       0x12 .\CortexM0p\ARM_GCC_541\Release\main.o
                0x20000124                interruptState
                0x20000128                wdtInterruptOccured
                0x2000012c                wdtMatchValFastMode
                0x20000130                wdtMatchValSlowMode
                0x20000134                baseline
 *fill*         0x20000136        0x2 
 .bss           0x20000138        0xa .\CortexM0p\ARM_GCC_541\Release\cy8c4025-34channel-touch.a(UART_1.o)
                0x20000138                UART_1_initVar
                0x2000013c                UART_1_customIntrHandler
                0x20000140                UART_1_IntrTxMask
 *fill*         0x20000142        0x2 
 .bss           0x20000144        0x8 .\CortexM0p\ARM_GCC_541\Release\cy8c4025-34channel-touch.a(CyLFClk.o)
 .bss           0x2000014c        0x1 .\CortexM0p\ARM_GCC_541\Release\cy8c4025-34channel-touch.a(CapSense_Control.o)
 *fill*         0x2000014d        0x1 
 .bss           0x2000014e      0x286 .\CortexM0p\ARM_GCC_541\Release\cy8c4025-34channel-touch.a(CapSense_Structure.o)
 .bss           0x200003d4        0x4 .\CortexM0p\ARM_GCC_541\Release\cy8c4025-34channel-touch.a(CapSense_Tuner.o)
 .bss           0x200003d8        0x4 .\CortexM0p\ARM_GCC_541\Release\cy8c4025-34channel-touch.a(CapSense_Sensing.o)
                0x200003d8                CapSense_currentSenseMethod
                0x200003d9                CapSense_requestScanAllWidget
                0x200003da                CapSense_widgetIndex
                0x200003db                CapSense_sensorIndex
 .bss           0x200003dc        0x1 .\CortexM0p\ARM_GCC_541\Release\cy8c4025-34channel-touch.a(CapSense_SensingCSD_LL.o)
 *(COMMON)
 *fill*         0x200003dd        0x3 
 COMMON         0x200003e0       0x74 .\CortexM0p\ARM_GCC_541\Release\main.o
                0x200003e0                Touch
                0x20000428                resolution_zoom_map
                0x2000044c                vofa1
 COMMON         0x20000454       0x4e .\CortexM0p\ARM_GCC_541\Release\cy8c4025-34channel-touch.a(UART_1_SPI_UART.o)
                0x20000454                UART_1_txBufferTail
                0x20000458                UART_1_txBufferHead
                0x2000045c                UART_1_txBufferInternal
 *fill*         0x200004a2        0x2 
 COMMON         0x200004a4      0x44c .\CortexM0p\ARM_GCC_541\Release\cy8c4025-34channel-touch.a(CapSense_Structure.o)
                0x200004a4                CapSense_dsRam
 COMMON         0x200008f0        0x8 .\CortexM0p\ARM_GCC_541\Release\cy8c4025-34channel-touch.a(CapSense_Sensing.o)
                0x200008f0                CapSense_curRamSnsPtr
                0x200008f4                CapSense_curSnsIOPtr
                0x200008f8                . = ALIGN (0x8)
 *(.ram.b)
                0x200008f8                _end = .
                0x200008f8                __end = .
                0x200008f8                PROVIDE (end, .)
                0x200008f8                PROVIDE (__bss_end__, .)
                0x00003230                __cy_region_init_ram = LOADADDR (.data)
                0x00000088                __cy_region_init_size_ram = (_edata - ADDR (.data))
                0x000007f0                __cy_region_zero_size_ram = (_end - _edata)

.heap           0x200008f8       0x80 load address 0x000032b8
                0x200008f8                . = _end
                0x20000978                . = (. + 0x80)
 *fill*         0x200008f8       0x80 
                0x20000978                __cy_heap_limit = .

.stack          0x20000c00      0x400
                0x20000c00                __cy_stack_limit = .
                0x20001000                . = (. + 0x400)
 *fill*         0x20000c00      0x400 
                0x00000001                ASSERT ((__cy_stack_limit >= __cy_heap_limit), region RAM overflowed with stack)
                0x00000000                cy_checksum_exclude_size = (CY_APPL_LOADABLE == 0x1)?SIZEOF (.cy_checksum_exclude):0x0
                0x00000001                ASSERT ((cy_checksum_exclude_size <= CY_CHECKSUM_EXCLUDE_SIZE), CY_BOOT: Section .cy_checksum_exclude size exceedes specified limit.)
                0x00007fc0                cyloadermeta_start = (cy_project_type_bootloader || cy_project_type_app_for_stack_and_copier)?(LENGTH (rom) - CY_METADATA_SIZE):0xf0000000

.cyloadermeta
 *(.cyloadermeta)
                0x00007fc0                cyloadablemeta_start = cy_project_type_app_for_stack_and_copier?((LENGTH (rom) - CY_FLASH_ROW_SIZE) - CY_METADATA_SIZE):((LENGTH (rom) - (CY_FLASH_ROW_SIZE * (CY_APPL_NUM - 0x1))) - CY_METADATA_SIZE)

.cyloadablemeta
 *(.cyloadablemeta)

.cyflashprotect
                0x90400000       0x20
 *(.cyflashprotect)
 .cyflashprotect
                0x90400000       0x20 .\CortexM0p\ARM_GCC_541\Release\cymetadata.o
                0x90400000                cy_meta_flashprotect

.cymeta         0x90500000        0xc
 *(.cymeta)
 .cymeta        0x90500000        0xc .\CortexM0p\ARM_GCC_541\Release\cymetadata.o
                0x90500000                cy_metadata

.cychipprotect  0x90600000        0x1
 *(.cychipprotect)
 .cychipprotect
                0x90600000        0x1 .\CortexM0p\ARM_GCC_541\Release\cymetadata.o
                0x90600000                cy_meta_chipprotect

.rel.dyn        0x000032b8        0x0 load address 0x90600004
 .rel.iplt      0x000032b8        0x0 c:/program files (x86)/cypress/psoc creator/4.4/psoc creator/import/gnu/arm/5.4.1/bin/../lib/gcc/arm-none-eabi/5.4.1/armv6-m/crtbegin.o

.stab
 *(.stab)

.stabstr
 *(.stabstr)

.debug
 *(.debug)

.line
 *(.line)

.debug_srcinfo
 *(.debug_srcinfo)

.debug_sfnames
 *(.debug_sfnames)

.debug_aranges  0x00000000      0x990
 *(.debug_aranges)
 .debug_aranges
                0x00000000       0x40 .\CortexM0p\ARM_GCC_541\Release\main.o
 .debug_aranges
                0x00000040       0x28 .\CortexM0p\ARM_GCC_541\Release\cyfitter_cfg.o
 .debug_aranges
                0x00000068       0x18 .\CortexM0p\ARM_GCC_541\Release\cymetadata.o
 .debug_aranges
                0x00000080       0x48 .\CortexM0p\ARM_GCC_541\Release\Cm0plusStart.o
 .debug_aranges
                0x000000c8       0x50 .\CortexM0p\ARM_GCC_541\Release\cy8c4025-34channel-touch.a(UART_1.o)
 .debug_aranges
                0x00000118       0x48 .\CortexM0p\ARM_GCC_541\Release\cy8c4025-34channel-touch.a(UART_1_SPI_UART.o)
 .debug_aranges
                0x00000160       0x70 .\CortexM0p\ARM_GCC_541\Release\cy8c4025-34channel-touch.a(UART_1_UART.o)
 .debug_aranges
                0x000001d0      0x190 .\CortexM0p\ARM_GCC_541\Release\cy8c4025-34channel-touch.a(CyLib.o)
 .debug_aranges
                0x00000360       0x30 .\CortexM0p\ARM_GCC_541\Release\cy8c4025-34channel-touch.a(cyPm.o)
 .debug_aranges
                0x00000390       0xe0 .\CortexM0p\ARM_GCC_541\Release\cy8c4025-34channel-touch.a(CyLFClk.o)
 .debug_aranges
                0x00000470       0x60 .\CortexM0p\ARM_GCC_541\Release\cy8c4025-34channel-touch.a(CapSense_Control.o)
 .debug_aranges
                0x000004d0       0x50 .\CortexM0p\ARM_GCC_541\Release\cy8c4025-34channel-touch.a(CapSense_Processing.o)
 .debug_aranges
                0x00000520       0x50 .\CortexM0p\ARM_GCC_541\Release\cy8c4025-34channel-touch.a(CapSense_Structure.o)
 .debug_aranges
                0x00000570       0x28 .\CortexM0p\ARM_GCC_541\Release\cy8c4025-34channel-touch.a(CapSense_Tuner.o)
 .debug_aranges
                0x00000598       0xe8 .\CortexM0p\ARM_GCC_541\Release\cy8c4025-34channel-touch.a(CapSense_Filter.o)
 .debug_aranges
                0x00000680       0xe8 .\CortexM0p\ARM_GCC_541\Release\cy8c4025-34channel-touch.a(CapSense_Sensing.o)
 .debug_aranges
                0x00000768       0x98 .\CortexM0p\ARM_GCC_541\Release\cy8c4025-34channel-touch.a(CapSense_SensingCSD_LL.o)
 .debug_aranges
                0x00000800       0x80 .\CortexM0p\ARM_GCC_541\Release\cy8c4025-34channel-touch.a(CapSense_ISR.o)
 .debug_aranges
                0x00000880       0x20 .\CortexM0p\ARM_GCC_541\Release\cy8c4025-34channel-touch.a(CyBootAsmGnu.o)
 .debug_aranges
                0x000008a0       0x20 .\CortexM0p\ARM_GCC_541\Release\cy8c4025-34channel-touch.a(UART_1_SPI_UART_INT.o)
 .debug_aranges
                0x000008c0       0x48 .\CortexM0p\ARM_GCC_541\Release\cy8c4025-34channel-touch.a(CyFlash.o)
 .debug_aranges
                0x00000908       0x30 .\CortexM0p\ARM_GCC_541\Release\cy8c4025-34channel-touch.a(CapSense_INT.o)
 .debug_aranges
                0x00000938       0x28 C:\Program Files (x86)\Cypress\PSoC Creator\4.4\PSoC Creator\psoc\content\CyComponentLibrary\CyComponentLibrary.cylib\CapSense_P4_v7_0\PSoC4\Library\Capsense_P4Library_GCCp.a(CapSense_SmartSense_LL.o)
 .debug_aranges
                0x00000960       0x30 C:\Program Files (x86)\Cypress\PSoC Creator\4.4\PSoC Creator\psoc\content\CyComponentLibrary\CyComponentLibrary.cylib\CapSense_P4_v7_0\PSoC4\Library\Capsense_P4Library_GCCp.a(CapSense_SmartSense_SL.o)

.debug_pubnames
 *(.debug_pubnames)

.debug_info     0x00000000     0xcb52
 *(.debug_info .gnu.linkonce.wi.*)
 .debug_info    0x00000000     0x130b .\CortexM0p\ARM_GCC_541\Release\main.o
 .debug_info    0x0000130b      0x160 .\CortexM0p\ARM_GCC_541\Release\cyfitter_cfg.o
 .debug_info    0x0000146b       0xf8 .\CortexM0p\ARM_GCC_541\Release\cymetadata.o
 .debug_info    0x00001563      0x3a1 .\CortexM0p\ARM_GCC_541\Release\Cm0plusStart.o
 .debug_info    0x00001904      0x2f6 .\CortexM0p\ARM_GCC_541\Release\cy8c4025-34channel-touch.a(UART_1.o)
 .debug_info    0x00001bfa      0x2a4 .\CortexM0p\ARM_GCC_541\Release\cy8c4025-34channel-touch.a(UART_1_SPI_UART.o)
 .debug_info    0x00001e9e      0x339 .\CortexM0p\ARM_GCC_541\Release\cy8c4025-34channel-touch.a(UART_1_UART.o)
 .debug_info    0x000021d7      0xc62 .\CortexM0p\ARM_GCC_541\Release\cy8c4025-34channel-touch.a(CyLib.o)
 .debug_info    0x00002e39      0x1b5 .\CortexM0p\ARM_GCC_541\Release\cy8c4025-34channel-touch.a(cyPm.o)
 .debug_info    0x00002fee      0x40a .\CortexM0p\ARM_GCC_541\Release\cy8c4025-34channel-touch.a(CyLFClk.o)
 .debug_info    0x000033f8      0xdfa .\CortexM0p\ARM_GCC_541\Release\cy8c4025-34channel-touch.a(CapSense_Control.o)
 .debug_info    0x000041f2      0xf88 .\CortexM0p\ARM_GCC_541\Release\cy8c4025-34channel-touch.a(CapSense_Processing.o)
 .debug_info    0x0000517a     0x1562 .\CortexM0p\ARM_GCC_541\Release\cy8c4025-34channel-touch.a(CapSense_Structure.o)
 .debug_info    0x000066dc      0xa0a .\CortexM0p\ARM_GCC_541\Release\cy8c4025-34channel-touch.a(CapSense_Tuner.o)
 .debug_info    0x000070e6     0x1055 .\CortexM0p\ARM_GCC_541\Release\cy8c4025-34channel-touch.a(CapSense_Filter.o)
 .debug_info    0x0000813b     0x1951 .\CortexM0p\ARM_GCC_541\Release\cy8c4025-34channel-touch.a(CapSense_Sensing.o)
 .debug_info    0x00009a8c     0x1781 .\CortexM0p\ARM_GCC_541\Release\cy8c4025-34channel-touch.a(CapSense_SensingCSD_LL.o)
 .debug_info    0x0000b20d      0x352 .\CortexM0p\ARM_GCC_541\Release\cy8c4025-34channel-touch.a(CapSense_ISR.o)
 .debug_info    0x0000b55f       0x9e .\CortexM0p\ARM_GCC_541\Release\cy8c4025-34channel-touch.a(CyBootAsmGnu.o)
 .debug_info    0x0000b5fd      0x136 .\CortexM0p\ARM_GCC_541\Release\cy8c4025-34channel-touch.a(UART_1_SPI_UART_INT.o)
 .debug_info    0x0000b733      0x3f6 .\CortexM0p\ARM_GCC_541\Release\cy8c4025-34channel-touch.a(CyFlash.o)
 .debug_info    0x0000bb29      0xb79 .\CortexM0p\ARM_GCC_541\Release\cy8c4025-34channel-touch.a(CapSense_INT.o)
 .debug_info    0x0000c6a2      0x25c C:\Program Files (x86)\Cypress\PSoC Creator\4.4\PSoC Creator\psoc\content\CyComponentLibrary\CyComponentLibrary.cylib\CapSense_P4_v7_0\PSoC4\Library\Capsense_P4Library_GCCp.a(CapSense_SmartSense_LL.o)
 .debug_info    0x0000c8fe      0x254 C:\Program Files (x86)\Cypress\PSoC Creator\4.4\PSoC Creator\psoc\content\CyComponentLibrary\CyComponentLibrary.cylib\CapSense_P4_v7_0\PSoC4\Library\Capsense_P4Library_GCCp.a(CapSense_SmartSense_SL.o)

.debug_abbrev   0x00000000     0x270e
 *(.debug_abbrev)
 .debug_abbrev  0x00000000      0x21c .\CortexM0p\ARM_GCC_541\Release\main.o
 .debug_abbrev  0x0000021c       0xe7 .\CortexM0p\ARM_GCC_541\Release\cyfitter_cfg.o
 .debug_abbrev  0x00000303       0x5d .\CortexM0p\ARM_GCC_541\Release\cymetadata.o
 .debug_abbrev  0x00000360      0x1ce .\CortexM0p\ARM_GCC_541\Release\Cm0plusStart.o
 .debug_abbrev  0x0000052e      0x152 .\CortexM0p\ARM_GCC_541\Release\cy8c4025-34channel-touch.a(UART_1.o)
 .debug_abbrev  0x00000680      0x175 .\CortexM0p\ARM_GCC_541\Release\cy8c4025-34channel-touch.a(UART_1_SPI_UART.o)
 .debug_abbrev  0x000007f5      0x129 .\CortexM0p\ARM_GCC_541\Release\cy8c4025-34channel-touch.a(UART_1_UART.o)
 .debug_abbrev  0x0000091e      0x313 .\CortexM0p\ARM_GCC_541\Release\cy8c4025-34channel-touch.a(CyLib.o)
 .debug_abbrev  0x00000c31       0xd0 .\CortexM0p\ARM_GCC_541\Release\cy8c4025-34channel-touch.a(cyPm.o)
 .debug_abbrev  0x00000d01      0x17f .\CortexM0p\ARM_GCC_541\Release\cy8c4025-34channel-touch.a(CyLFClk.o)
 .debug_abbrev  0x00000e80      0x230 .\CortexM0p\ARM_GCC_541\Release\cy8c4025-34channel-touch.a(CapSense_Control.o)
 .debug_abbrev  0x000010b0      0x1de .\CortexM0p\ARM_GCC_541\Release\cy8c4025-34channel-touch.a(CapSense_Processing.o)
 .debug_abbrev  0x0000128e      0x21d .\CortexM0p\ARM_GCC_541\Release\cy8c4025-34channel-touch.a(CapSense_Structure.o)
 .debug_abbrev  0x000014ab      0x182 .\CortexM0p\ARM_GCC_541\Release\cy8c4025-34channel-touch.a(CapSense_Tuner.o)
 .debug_abbrev  0x0000162d      0x2ba .\CortexM0p\ARM_GCC_541\Release\cy8c4025-34channel-touch.a(CapSense_Filter.o)
 .debug_abbrev  0x000018e7      0x30b .\CortexM0p\ARM_GCC_541\Release\cy8c4025-34channel-touch.a(CapSense_Sensing.o)
 .debug_abbrev  0x00001bf2      0x2e2 .\CortexM0p\ARM_GCC_541\Release\cy8c4025-34channel-touch.a(CapSense_SensingCSD_LL.o)
 .debug_abbrev  0x00001ed4      0x233 .\CortexM0p\ARM_GCC_541\Release\cy8c4025-34channel-touch.a(CapSense_ISR.o)
 .debug_abbrev  0x00002107       0x14 .\CortexM0p\ARM_GCC_541\Release\cy8c4025-34channel-touch.a(CyBootAsmGnu.o)
 .debug_abbrev  0x0000211b       0x9a .\CortexM0p\ARM_GCC_541\Release\cy8c4025-34channel-touch.a(UART_1_SPI_UART_INT.o)
 .debug_abbrev  0x000021b5      0x19e .\CortexM0p\ARM_GCC_541\Release\cy8c4025-34channel-touch.a(CyFlash.o)
 .debug_abbrev  0x00002353      0x1d1 .\CortexM0p\ARM_GCC_541\Release\cy8c4025-34channel-touch.a(CapSense_INT.o)
 .debug_abbrev  0x00002524      0x124 C:\Program Files (x86)\Cypress\PSoC Creator\4.4\PSoC Creator\psoc\content\CyComponentLibrary\CyComponentLibrary.cylib\CapSense_P4_v7_0\PSoC4\Library\Capsense_P4Library_GCCp.a(CapSense_SmartSense_LL.o)
 .debug_abbrev  0x00002648       0xc6 C:\Program Files (x86)\Cypress\PSoC Creator\4.4\PSoC Creator\psoc\content\CyComponentLibrary\CyComponentLibrary.cylib\CapSense_P4_v7_0\PSoC4\Library\Capsense_P4Library_GCCp.a(CapSense_SmartSense_SL.o)

.debug_line     0x00000000     0x342c
 *(.debug_line)
 .debug_line    0x00000000      0x438 .\CortexM0p\ARM_GCC_541\Release\main.o
 .debug_line    0x00000438       0xe0 .\CortexM0p\ARM_GCC_541\Release\cyfitter_cfg.o
 .debug_line    0x00000518      0x141 .\CortexM0p\ARM_GCC_541\Release\cymetadata.o
 .debug_line    0x00000659      0x23f .\CortexM0p\ARM_GCC_541\Release\Cm0plusStart.o
 .debug_line    0x00000898      0x13b .\CortexM0p\ARM_GCC_541\Release\cy8c4025-34channel-touch.a(UART_1.o)
 .debug_line    0x000009d3      0x119 .\CortexM0p\ARM_GCC_541\Release\cy8c4025-34channel-touch.a(UART_1_SPI_UART.o)
 .debug_line    0x00000aec      0x1d4 .\CortexM0p\ARM_GCC_541\Release\cy8c4025-34channel-touch.a(UART_1_UART.o)
 .debug_line    0x00000cc0      0x52c .\CortexM0p\ARM_GCC_541\Release\cy8c4025-34channel-touch.a(CyLib.o)
 .debug_line    0x000011ec       0xae .\CortexM0p\ARM_GCC_541\Release\cy8c4025-34channel-touch.a(cyPm.o)
 .debug_line    0x0000129a      0x2e5 .\CortexM0p\ARM_GCC_541\Release\cy8c4025-34channel-touch.a(CyLFClk.o)
 .debug_line    0x0000157f      0x223 .\CortexM0p\ARM_GCC_541\Release\cy8c4025-34channel-touch.a(CapSense_Control.o)
 .debug_line    0x000017a2      0x30a .\CortexM0p\ARM_GCC_541\Release\cy8c4025-34channel-touch.a(CapSense_Processing.o)
 .debug_line    0x00001aac      0x1c2 .\CortexM0p\ARM_GCC_541\Release\cy8c4025-34channel-touch.a(CapSense_Structure.o)
 .debug_line    0x00001c6e      0x139 .\CortexM0p\ARM_GCC_541\Release\cy8c4025-34channel-touch.a(CapSense_Tuner.o)
 .debug_line    0x00001da7      0x3a4 .\CortexM0p\ARM_GCC_541\Release\cy8c4025-34channel-touch.a(CapSense_Filter.o)
 .debug_line    0x0000214b      0x6ad .\CortexM0p\ARM_GCC_541\Release\cy8c4025-34channel-touch.a(CapSense_Sensing.o)
 .debug_line    0x000027f8      0x4c9 .\CortexM0p\ARM_GCC_541\Release\cy8c4025-34channel-touch.a(CapSense_SensingCSD_LL.o)
 .debug_line    0x00002cc1      0x1a2 .\CortexM0p\ARM_GCC_541\Release\cy8c4025-34channel-touch.a(CapSense_ISR.o)
 .debug_line    0x00002e63       0x68 .\CortexM0p\ARM_GCC_541\Release\cy8c4025-34channel-touch.a(CyBootAsmGnu.o)
 .debug_line    0x00002ecb       0xb3 .\CortexM0p\ARM_GCC_541\Release\cy8c4025-34channel-touch.a(UART_1_SPI_UART_INT.o)
 .debug_line    0x00002f7e      0x1d8 .\CortexM0p\ARM_GCC_541\Release\cy8c4025-34channel-touch.a(CyFlash.o)
 .debug_line    0x00003156      0x15f .\CortexM0p\ARM_GCC_541\Release\cy8c4025-34channel-touch.a(CapSense_INT.o)
 .debug_line    0x000032b5       0xa0 C:\Program Files (x86)\Cypress\PSoC Creator\4.4\PSoC Creator\psoc\content\CyComponentLibrary\CyComponentLibrary.cylib\CapSense_P4_v7_0\PSoC4\Library\Capsense_P4Library_GCCp.a(CapSense_SmartSense_LL.o)
 .debug_line    0x00003355       0xd7 C:\Program Files (x86)\Cypress\PSoC Creator\4.4\PSoC Creator\psoc\content\CyComponentLibrary\CyComponentLibrary.cylib\CapSense_P4_v7_0\PSoC4\Library\Capsense_P4Library_GCCp.a(CapSense_SmartSense_SL.o)

.debug_frame    0x00000000     0x1994
 *(.debug_frame)
 .debug_frame   0x00000000       0xb4 .\CortexM0p\ARM_GCC_541\Release\main.o
 .debug_frame   0x000000b4       0x4c .\CortexM0p\ARM_GCC_541\Release\cyfitter_cfg.o
 .debug_frame   0x00000100       0xc8 .\CortexM0p\ARM_GCC_541\Release\Cm0plusStart.o
 .debug_frame   0x000001c8       0xb0 .\CortexM0p\ARM_GCC_541\Release\cy8c4025-34channel-touch.a(UART_1.o)
 .debug_frame   0x00000278       0x98 .\CortexM0p\ARM_GCC_541\Release\cy8c4025-34channel-touch.a(UART_1_SPI_UART.o)
 .debug_frame   0x00000310      0x100 .\CortexM0p\ARM_GCC_541\Release\cy8c4025-34channel-touch.a(UART_1_UART.o)
 .debug_frame   0x00000410      0x400 .\CortexM0p\ARM_GCC_541\Release\cy8c4025-34channel-touch.a(CyLib.o)
 .debug_frame   0x00000810       0x5c .\CortexM0p\ARM_GCC_541\Release\cy8c4025-34channel-touch.a(cyPm.o)
 .debug_frame   0x0000086c      0x200 .\CortexM0p\ARM_GCC_541\Release\cy8c4025-34channel-touch.a(CyLFClk.o)
 .debug_frame   0x00000a6c      0x128 .\CortexM0p\ARM_GCC_541\Release\cy8c4025-34channel-touch.a(CapSense_Control.o)
 .debug_frame   0x00000b94      0x10c .\CortexM0p\ARM_GCC_541\Release\cy8c4025-34channel-touch.a(CapSense_Processing.o)
 .debug_frame   0x00000ca0       0xd4 .\CortexM0p\ARM_GCC_541\Release\cy8c4025-34channel-touch.a(CapSense_Structure.o)
 .debug_frame   0x00000d74       0x48 .\CortexM0p\ARM_GCC_541\Release\cy8c4025-34channel-touch.a(CapSense_Tuner.o)
 .debug_frame   0x00000dbc      0x2d4 .\CortexM0p\ARM_GCC_541\Release\cy8c4025-34channel-touch.a(CapSense_Filter.o)
 .debug_frame   0x00001090      0x2f0 .\CortexM0p\ARM_GCC_541\Release\cy8c4025-34channel-touch.a(CapSense_Sensing.o)
 .debug_frame   0x00001380      0x22c .\CortexM0p\ARM_GCC_541\Release\cy8c4025-34channel-touch.a(CapSense_SensingCSD_LL.o)
 .debug_frame   0x000015ac      0x104 .\CortexM0p\ARM_GCC_541\Release\cy8c4025-34channel-touch.a(CapSense_ISR.o)
 .debug_frame   0x000016b0       0x30 .\CortexM0p\ARM_GCC_541\Release\cy8c4025-34channel-touch.a(UART_1_SPI_UART_INT.o)
 .debug_frame   0x000016e0       0xb4 .\CortexM0p\ARM_GCC_541\Release\cy8c4025-34channel-touch.a(CyFlash.o)
 .debug_frame   0x00001794       0x70 .\CortexM0p\ARM_GCC_541\Release\cy8c4025-34channel-touch.a(CapSense_INT.o)
 .debug_frame   0x00001804       0x5c C:\Program Files (x86)\Cypress\PSoC Creator\4.4\PSoC Creator\psoc\content\CyComponentLibrary\CyComponentLibrary.cylib\CapSense_P4_v7_0\PSoC4\Library\Capsense_P4Library_GCCp.a(CapSense_SmartSense_LL.o)
 .debug_frame   0x00001860       0x58 C:\Program Files (x86)\Cypress\PSoC Creator\4.4\PSoC Creator\psoc\content\CyComponentLibrary\CyComponentLibrary.cylib\CapSense_P4_v7_0\PSoC4\Library\Capsense_P4Library_GCCp.a(CapSense_SmartSense_SL.o)
 .debug_frame   0x000018b8       0x20 c:/program files (x86)/cypress/psoc creator/4.4/psoc creator/import/gnu/arm/5.4.1/bin/../lib/gcc/arm-none-eabi/5.4.1/armv6-m\libgcc.a(_udivsi3.o)
 .debug_frame   0x000018d8       0x20 c:/program files (x86)/cypress/psoc creator/4.4/psoc creator/import/gnu/arm/5.4.1/bin/../lib/gcc/arm-none-eabi/5.4.1/../../../../arm-none-eabi/lib/armv6-m\libg_nano.a(lib_a-errno.o)
 .debug_frame   0x000018f8       0x28 c:/program files (x86)/cypress/psoc creator/4.4/psoc creator/import/gnu/arm/5.4.1/bin/../lib/gcc/arm-none-eabi/5.4.1/../../../../arm-none-eabi/lib/armv6-m\libg_nano.a(lib_a-exit.o)
 .debug_frame   0x00001920       0x2c c:/program files (x86)/cypress/psoc creator/4.4/psoc creator/import/gnu/arm/5.4.1/bin/../lib/gcc/arm-none-eabi/5.4.1/../../../../arm-none-eabi/lib/armv6-m\libg_nano.a(lib_a-init.o)
 .debug_frame   0x0000194c       0x28 c:/program files (x86)/cypress/psoc creator/4.4/psoc creator/import/gnu/arm/5.4.1/bin/../lib/gcc/arm-none-eabi/5.4.1/../../../../arm-none-eabi/lib/armv6-m\libg_nano.a(lib_a-memcpy-stub.o)
 .debug_frame   0x00001974       0x20 c:/program files (x86)/cypress/psoc creator/4.4/psoc creator/import/gnu/arm/5.4.1/bin/../lib/gcc/arm-none-eabi/5.4.1/../../../../arm-none-eabi/lib/armv6-m\libg_nano.a(lib_a-memset.o)

.debug_str      0x00000000     0x3e17
 *(.debug_str)
 .debug_str     0x00000000      0x7ee .\CortexM0p\ARM_GCC_541\Release\main.o
                                0x855 (size before relaxing)
 .debug_str     0x000007ee       0x91 .\CortexM0p\ARM_GCC_541\Release\cyfitter_cfg.o
                                0x22b (size before relaxing)
 .debug_str     0x0000087f       0x59 .\CortexM0p\ARM_GCC_541\Release\cymetadata.o
                                0x1da (size before relaxing)
 .debug_str     0x000008d8      0x155 .\CortexM0p\ARM_GCC_541\Release\Cm0plusStart.o
                                0x321 (size before relaxing)
 .debug_str     0x00000a2d      0x190 .\CortexM0p\ARM_GCC_541\Release\cy8c4025-34channel-touch.a(UART_1.o)
                                0x344 (size before relaxing)
 .debug_str     0x00000bbd      0x125 .\CortexM0p\ARM_GCC_541\Release\cy8c4025-34channel-touch.a(UART_1_SPI_UART.o)
                                0x303 (size before relaxing)
 .debug_str     0x00000ce2      0x161 .\CortexM0p\ARM_GCC_541\Release\cy8c4025-34channel-touch.a(UART_1_UART.o)
                                0x3a7 (size before relaxing)
 .debug_str     0x00000e43      0x4be .\CortexM0p\ARM_GCC_541\Release\cy8c4025-34channel-touch.a(CyLib.o)
                                0x71d (size before relaxing)
 .debug_str     0x00001301       0x5f .\CortexM0p\ARM_GCC_541\Release\cy8c4025-34channel-touch.a(cyPm.o)
                                0x260 (size before relaxing)
 .debug_str     0x00001360      0x26a .\CortexM0p\ARM_GCC_541\Release\cy8c4025-34channel-touch.a(CyLFClk.o)
                                0x4bf (size before relaxing)
 .debug_str     0x000015ca      0x553 .\CortexM0p\ARM_GCC_541\Release\cy8c4025-34channel-touch.a(CapSense_Control.o)
                                0xaa8 (size before relaxing)
 .debug_str     0x00001b1d      0x204 .\CortexM0p\ARM_GCC_541\Release\cy8c4025-34channel-touch.a(CapSense_Processing.o)
                                0xa62 (size before relaxing)
 .debug_str     0x00001d21      0xc73 .\CortexM0p\ARM_GCC_541\Release\cy8c4025-34channel-touch.a(CapSense_Structure.o)
                               0x145a (size before relaxing)
 .debug_str     0x00002994      0x135 .\CortexM0p\ARM_GCC_541\Release\cy8c4025-34channel-touch.a(CapSense_Tuner.o)
                                0x7e0 (size before relaxing)
 .debug_str     0x00002ac9      0x370 .\CortexM0p\ARM_GCC_541\Release\cy8c4025-34channel-touch.a(CapSense_Filter.o)
                                0x9e5 (size before relaxing)
 .debug_str     0x00002e39      0x7e6 .\CortexM0p\ARM_GCC_541\Release\cy8c4025-34channel-touch.a(CapSense_Sensing.o)
                               0x103a (size before relaxing)
 .debug_str     0x0000361f      0x34f .\CortexM0p\ARM_GCC_541\Release\cy8c4025-34channel-touch.a(CapSense_SensingCSD_LL.o)
                                0xde0 (size before relaxing)
 .debug_str     0x0000396e      0x142 .\CortexM0p\ARM_GCC_541\Release\cy8c4025-34channel-touch.a(CapSense_ISR.o)
                                0x35e (size before relaxing)
 .debug_str     0x00003ab0       0x41 .\CortexM0p\ARM_GCC_541\Release\cy8c4025-34channel-touch.a(UART_1_SPI_UART_INT.o)
                                0x24f (size before relaxing)
 .debug_str     0x00003af1      0x11d .\CortexM0p\ARM_GCC_541\Release\cy8c4025-34channel-touch.a(CyFlash.o)
                                0x32d (size before relaxing)
 .debug_str     0x00003c0e       0xa4 .\CortexM0p\ARM_GCC_541\Release\cy8c4025-34channel-touch.a(CapSense_INT.o)
                                0x863 (size before relaxing)
 .debug_str     0x00003cb2       0xf8 C:\Program Files (x86)\Cypress\PSoC Creator\4.4\PSoC Creator\psoc\content\CyComponentLibrary\CyComponentLibrary.cylib\CapSense_P4_v7_0\PSoC4\Library\Capsense_P4Library_GCCp.a(CapSense_SmartSense_LL.o)
                                0x2c8 (size before relaxing)
 .debug_str     0x00003daa       0x6d C:\Program Files (x86)\Cypress\PSoC Creator\4.4\PSoC Creator\psoc\content\CyComponentLibrary\CyComponentLibrary.cylib\CapSense_P4_v7_0\PSoC4\Library\Capsense_P4Library_GCCp.a(CapSense_SmartSense_SL.o)
                                0x317 (size before relaxing)

.debug_loc      0x00000000     0x4be7
 *(.debug_loc)
 .debug_loc     0x00000000      0x145 .\CortexM0p\ARM_GCC_541\Release\main.o
 .debug_loc     0x00000145       0x40 .\CortexM0p\ARM_GCC_541\Release\cyfitter_cfg.o
 .debug_loc     0x00000185      0x1de .\CortexM0p\ARM_GCC_541\Release\Cm0plusStart.o
 .debug_loc     0x00000363       0x7e .\CortexM0p\ARM_GCC_541\Release\cy8c4025-34channel-touch.a(UART_1.o)
 .debug_loc     0x000003e1       0xe4 .\CortexM0p\ARM_GCC_541\Release\cy8c4025-34channel-touch.a(UART_1_SPI_UART.o)
 .debug_loc     0x000004c5      0x195 .\CortexM0p\ARM_GCC_541\Release\cy8c4025-34channel-touch.a(UART_1_UART.o)
 .debug_loc     0x0000065a      0x660 .\CortexM0p\ARM_GCC_541\Release\cy8c4025-34channel-touch.a(CyLib.o)
 .debug_loc     0x00000cba       0x8e .\CortexM0p\ARM_GCC_541\Release\cy8c4025-34channel-touch.a(cyPm.o)
 .debug_loc     0x00000d48      0x216 .\CortexM0p\ARM_GCC_541\Release\cy8c4025-34channel-touch.a(CyLFClk.o)
 .debug_loc     0x00000f5e      0x37a .\CortexM0p\ARM_GCC_541\Release\cy8c4025-34channel-touch.a(CapSense_Control.o)
 .debug_loc     0x000012d8      0x608 .\CortexM0p\ARM_GCC_541\Release\cy8c4025-34channel-touch.a(CapSense_Processing.o)
 .debug_loc     0x000018e0      0x307 .\CortexM0p\ARM_GCC_541\Release\cy8c4025-34channel-touch.a(CapSense_Structure.o)
 .debug_loc     0x00001be7      0x122 .\CortexM0p\ARM_GCC_541\Release\cy8c4025-34channel-touch.a(CapSense_Tuner.o)
 .debug_loc     0x00001d09      0xee3 .\CortexM0p\ARM_GCC_541\Release\cy8c4025-34channel-touch.a(CapSense_Filter.o)
 .debug_loc     0x00002bec      0xc64 .\CortexM0p\ARM_GCC_541\Release\cy8c4025-34channel-touch.a(CapSense_Sensing.o)
 .debug_loc     0x00003850      0xc33 .\CortexM0p\ARM_GCC_541\Release\cy8c4025-34channel-touch.a(CapSense_SensingCSD_LL.o)
 .debug_loc     0x00004483       0xa6 .\CortexM0p\ARM_GCC_541\Release\cy8c4025-34channel-touch.a(CapSense_ISR.o)
 .debug_loc     0x00004529       0x1f .\CortexM0p\ARM_GCC_541\Release\cy8c4025-34channel-touch.a(UART_1_SPI_UART_INT.o)
 .debug_loc     0x00004548      0x1bd .\CortexM0p\ARM_GCC_541\Release\cy8c4025-34channel-touch.a(CyFlash.o)
 .debug_loc     0x00004705       0x4a .\CortexM0p\ARM_GCC_541\Release\cy8c4025-34channel-touch.a(CapSense_INT.o)
 .debug_loc     0x0000474f      0x2ff C:\Program Files (x86)\Cypress\PSoC Creator\4.4\PSoC Creator\psoc\content\CyComponentLibrary\CyComponentLibrary.cylib\CapSense_P4_v7_0\PSoC4\Library\Capsense_P4Library_GCCp.a(CapSense_SmartSense_LL.o)
 .debug_loc     0x00004a4e      0x199 C:\Program Files (x86)\Cypress\PSoC Creator\4.4\PSoC Creator\psoc\content\CyComponentLibrary\CyComponentLibrary.cylib\CapSense_P4_v7_0\PSoC4\Library\Capsense_P4Library_GCCp.a(CapSense_SmartSense_SL.o)

.debug_macinfo
 *(.debug_macinfo)

.debug_ranges   0x00000000      0x9f8
 *(.debug_ranges)
 .debug_ranges  0x00000000       0x60 .\CortexM0p\ARM_GCC_541\Release\main.o
 .debug_ranges  0x00000060       0x68 .\CortexM0p\ARM_GCC_541\Release\cyfitter_cfg.o
 .debug_ranges  0x000000c8       0x50 .\CortexM0p\ARM_GCC_541\Release\Cm0plusStart.o
 .debug_ranges  0x00000118       0x40 .\CortexM0p\ARM_GCC_541\Release\cy8c4025-34channel-touch.a(UART_1.o)
 .debug_ranges  0x00000158       0x38 .\CortexM0p\ARM_GCC_541\Release\cy8c4025-34channel-touch.a(UART_1_SPI_UART.o)
 .debug_ranges  0x00000190       0x60 .\CortexM0p\ARM_GCC_541\Release\cy8c4025-34channel-touch.a(UART_1_UART.o)
 .debug_ranges  0x000001f0      0x1d8 .\CortexM0p\ARM_GCC_541\Release\cy8c4025-34channel-touch.a(CyLib.o)
 .debug_ranges  0x000003c8       0x20 .\CortexM0p\ARM_GCC_541\Release\cy8c4025-34channel-touch.a(cyPm.o)
 .debug_ranges  0x000003e8       0xd0 .\CortexM0p\ARM_GCC_541\Release\cy8c4025-34channel-touch.a(CyLFClk.o)
 .debug_ranges  0x000004b8       0x50 .\CortexM0p\ARM_GCC_541\Release\cy8c4025-34channel-touch.a(CapSense_Control.o)
 .debug_ranges  0x00000508       0x40 .\CortexM0p\ARM_GCC_541\Release\cy8c4025-34channel-touch.a(CapSense_Processing.o)
 .debug_ranges  0x00000548       0x40 .\CortexM0p\ARM_GCC_541\Release\cy8c4025-34channel-touch.a(CapSense_Structure.o)
 .debug_ranges  0x00000588       0x18 .\CortexM0p\ARM_GCC_541\Release\cy8c4025-34channel-touch.a(CapSense_Tuner.o)
 .debug_ranges  0x000005a0       0xf0 .\CortexM0p\ARM_GCC_541\Release\cy8c4025-34channel-touch.a(CapSense_Filter.o)
 .debug_ranges  0x00000690      0x120 .\CortexM0p\ARM_GCC_541\Release\cy8c4025-34channel-touch.a(CapSense_Sensing.o)
 .debug_ranges  0x000007b0       0xc0 .\CortexM0p\ARM_GCC_541\Release\cy8c4025-34channel-touch.a(CapSense_SensingCSD_LL.o)
 .debug_ranges  0x00000870       0xd0 .\CortexM0p\ARM_GCC_541\Release\cy8c4025-34channel-touch.a(CapSense_ISR.o)
 .debug_ranges  0x00000940       0x10 .\CortexM0p\ARM_GCC_541\Release\cy8c4025-34channel-touch.a(UART_1_SPI_UART_INT.o)
 .debug_ranges  0x00000950       0x38 .\CortexM0p\ARM_GCC_541\Release\cy8c4025-34channel-touch.a(CyFlash.o)
 .debug_ranges  0x00000988       0x20 .\CortexM0p\ARM_GCC_541\Release\cy8c4025-34channel-touch.a(CapSense_INT.o)
 .debug_ranges  0x000009a8       0x30 C:\Program Files (x86)\Cypress\PSoC Creator\4.4\PSoC Creator\psoc\content\CyComponentLibrary\CyComponentLibrary.cylib\CapSense_P4_v7_0\PSoC4\Library\Capsense_P4Library_GCCp.a(CapSense_SmartSense_LL.o)
 .debug_ranges  0x000009d8       0x20 C:\Program Files (x86)\Cypress\PSoC Creator\4.4\PSoC Creator\psoc\content\CyComponentLibrary\CyComponentLibrary.cylib\CapSense_P4_v7_0\PSoC4\Library\Capsense_P4Library_GCCp.a(CapSense_SmartSense_SL.o)

.comment        0x00000000       0x6e
 .comment       0x00000000       0x6e .\CortexM0p\ARM_GCC_541\Release\main.o
                                 0x6f (size before relaxing)
 .comment       0x0000006e       0x6f .\CortexM0p\ARM_GCC_541\Release\cyfitter_cfg.o
 .comment       0x0000006e       0x6f .\CortexM0p\ARM_GCC_541\Release\cymetadata.o
 .comment       0x0000006e       0x6f .\CortexM0p\ARM_GCC_541\Release\Cm0plusStart.o
 .comment       0x0000006e       0x6f .\CortexM0p\ARM_GCC_541\Release\cy8c4025-34channel-touch.a(UART_1.o)
 .comment       0x0000006e       0x6f .\CortexM0p\ARM_GCC_541\Release\cy8c4025-34channel-touch.a(UART_1_SPI_UART.o)
 .comment       0x0000006e       0x6f .\CortexM0p\ARM_GCC_541\Release\cy8c4025-34channel-touch.a(UART_1_UART.o)
 .comment       0x0000006e       0x6f .\CortexM0p\ARM_GCC_541\Release\cy8c4025-34channel-touch.a(CyLib.o)
 .comment       0x0000006e       0x6f .\CortexM0p\ARM_GCC_541\Release\cy8c4025-34channel-touch.a(cyPm.o)
 .comment       0x0000006e       0x6f .\CortexM0p\ARM_GCC_541\Release\cy8c4025-34channel-touch.a(CyLFClk.o)
 .comment       0x0000006e       0x6f .\CortexM0p\ARM_GCC_541\Release\cy8c4025-34channel-touch.a(CapSense_Control.o)
 .comment       0x0000006e       0x6f .\CortexM0p\ARM_GCC_541\Release\cy8c4025-34channel-touch.a(CapSense_Processing.o)
 .comment       0x0000006e       0x6f .\CortexM0p\ARM_GCC_541\Release\cy8c4025-34channel-touch.a(CapSense_Structure.o)
 .comment       0x0000006e       0x6f .\CortexM0p\ARM_GCC_541\Release\cy8c4025-34channel-touch.a(CapSense_Tuner.o)
 .comment       0x0000006e       0x6f .\CortexM0p\ARM_GCC_541\Release\cy8c4025-34channel-touch.a(CapSense_Filter.o)
 .comment       0x0000006e       0x6f .\CortexM0p\ARM_GCC_541\Release\cy8c4025-34channel-touch.a(CapSense_Sensing.o)
 .comment       0x0000006e       0x6f .\CortexM0p\ARM_GCC_541\Release\cy8c4025-34channel-touch.a(CapSense_SensingCSD_LL.o)
 .comment       0x0000006e       0x6f .\CortexM0p\ARM_GCC_541\Release\cy8c4025-34channel-touch.a(CapSense_ISR.o)
 .comment       0x0000006e       0x6f .\CortexM0p\ARM_GCC_541\Release\cy8c4025-34channel-touch.a(UART_1_SPI_UART_INT.o)
 .comment       0x0000006e       0x6f .\CortexM0p\ARM_GCC_541\Release\cy8c4025-34channel-touch.a(CyFlash.o)
 .comment       0x0000006e       0x6f .\CortexM0p\ARM_GCC_541\Release\cy8c4025-34channel-touch.a(CapSense_INT.o)
 .comment       0x0000006e       0x6f C:\Program Files (x86)\Cypress\PSoC Creator\4.4\PSoC Creator\psoc\content\CyComponentLibrary\CyComponentLibrary.cylib\CapSense_P4_v7_0\PSoC4\Library\Capsense_P4Library_GCCp.a(CapSense_SmartSense_LL.o)
 .comment       0x0000006e       0x6f C:\Program Files (x86)\Cypress\PSoC Creator\4.4\PSoC Creator\psoc\content\CyComponentLibrary\CyComponentLibrary.cylib\CapSense_P4_v7_0\PSoC4\Library\Capsense_P4Library_GCCp.a(CapSense_SmartSense_SL.o)

.debug_weaknames
 *(.debug_weaknames)

.debug_funcnames
 *(.debug_funcnames)

.debug_typenames
 *(.debug_typenames)

.debug_varnames
 *(.debug_varnames)

.note.gnu.arm.ident
 *(.note.gnu.arm.ident)

.ARM.attributes
                0x00000000       0x28
 *(.ARM.attributes)
 .ARM.attributes
                0x00000000       0x1e c:/program files (x86)/cypress/psoc creator/4.4/psoc creator/import/gnu/arm/5.4.1/bin/../lib/gcc/arm-none-eabi/5.4.1/armv6-m/crti.o
 .ARM.attributes
                0x0000001e       0x2c c:/program files (x86)/cypress/psoc creator/4.4/psoc creator/import/gnu/arm/5.4.1/bin/../lib/gcc/arm-none-eabi/5.4.1/armv6-m/crtbegin.o
 .ARM.attributes
                0x0000004a       0x1b c:/program files (x86)/cypress/psoc creator/4.4/psoc creator/import/gnu/arm/5.4.1/bin/../lib/gcc/arm-none-eabi/5.4.1/../../../../arm-none-eabi/lib/armv6-m/crt0.o
 .ARM.attributes
                0x00000065       0x32 .\CortexM0p\ARM_GCC_541\Release\main.o
 .ARM.attributes
                0x00000097       0x32 .\CortexM0p\ARM_GCC_541\Release\cyfitter_cfg.o
 .ARM.attributes
                0x000000c9       0x32 .\CortexM0p\ARM_GCC_541\Release\cymetadata.o
 .ARM.attributes
                0x000000fb       0x32 .\CortexM0p\ARM_GCC_541\Release\Cm0plusStart.o
 .ARM.attributes
                0x0000012d       0x32 .\CortexM0p\ARM_GCC_541\Release\cy8c4025-34channel-touch.a(UART_1.o)
 .ARM.attributes
                0x0000015f       0x32 .\CortexM0p\ARM_GCC_541\Release\cy8c4025-34channel-touch.a(UART_1_SPI_UART.o)
 .ARM.attributes
                0x00000191       0x32 .\CortexM0p\ARM_GCC_541\Release\cy8c4025-34channel-touch.a(UART_1_UART.o)
 .ARM.attributes
                0x000001c3       0x32 .\CortexM0p\ARM_GCC_541\Release\cy8c4025-34channel-touch.a(CyLib.o)
 .ARM.attributes
                0x000001f5       0x32 .\CortexM0p\ARM_GCC_541\Release\cy8c4025-34channel-touch.a(cyPm.o)
 .ARM.attributes
                0x00000227       0x32 .\CortexM0p\ARM_GCC_541\Release\cy8c4025-34channel-touch.a(CyLFClk.o)
 .ARM.attributes
                0x00000259       0x32 .\CortexM0p\ARM_GCC_541\Release\cy8c4025-34channel-touch.a(CapSense_Control.o)
 .ARM.attributes
                0x0000028b       0x32 .\CortexM0p\ARM_GCC_541\Release\cy8c4025-34channel-touch.a(CapSense_Processing.o)
 .ARM.attributes
                0x000002bd       0x32 .\CortexM0p\ARM_GCC_541\Release\cy8c4025-34channel-touch.a(CapSense_Structure.o)
 .ARM.attributes
                0x000002ef       0x32 .\CortexM0p\ARM_GCC_541\Release\cy8c4025-34channel-touch.a(CapSense_Tuner.o)
 .ARM.attributes
                0x00000321       0x32 .\CortexM0p\ARM_GCC_541\Release\cy8c4025-34channel-touch.a(CapSense_Filter.o)
 .ARM.attributes
                0x00000353       0x32 .\CortexM0p\ARM_GCC_541\Release\cy8c4025-34channel-touch.a(CapSense_Sensing.o)
 .ARM.attributes
                0x00000385       0x32 .\CortexM0p\ARM_GCC_541\Release\cy8c4025-34channel-touch.a(CapSense_SensingCSD_LL.o)
 .ARM.attributes
                0x000003b7       0x32 .\CortexM0p\ARM_GCC_541\Release\cy8c4025-34channel-touch.a(CapSense_ISR.o)
 .ARM.attributes
                0x000003e9       0x22 .\CortexM0p\ARM_GCC_541\Release\cy8c4025-34channel-touch.a(CyBootAsmGnu.o)
 .ARM.attributes
                0x0000040b       0x32 .\CortexM0p\ARM_GCC_541\Release\cy8c4025-34channel-touch.a(UART_1_SPI_UART_INT.o)
 .ARM.attributes
                0x0000043d       0x32 .\CortexM0p\ARM_GCC_541\Release\cy8c4025-34channel-touch.a(CyFlash.o)
 .ARM.attributes
                0x0000046f       0x32 .\CortexM0p\ARM_GCC_541\Release\cy8c4025-34channel-touch.a(CapSense_INT.o)
 .ARM.attributes
                0x000004a1       0x32 C:\Program Files (x86)\Cypress\PSoC Creator\4.4\PSoC Creator\psoc\content\CyComponentLibrary\CyComponentLibrary.cylib\CapSense_P4_v7_0\PSoC4\Library\Capsense_P4Library_GCCp.a(CapSense_SmartSense_LL.o)
 .ARM.attributes
                0x000004d3       0x32 C:\Program Files (x86)\Cypress\PSoC Creator\4.4\PSoC Creator\psoc\content\CyComponentLibrary\CyComponentLibrary.cylib\CapSense_P4_v7_0\PSoC4\Library\Capsense_P4Library_GCCp.a(CapSense_SmartSense_SL.o)
 .ARM.attributes
                0x00000505       0x1e c:/program files (x86)/cypress/psoc creator/4.4/psoc creator/import/gnu/arm/5.4.1/bin/../lib/gcc/arm-none-eabi/5.4.1/armv6-m\libgcc.a(_thumb1_case_uqi.o)
 .ARM.attributes
                0x00000523       0x1e c:/program files (x86)/cypress/psoc creator/4.4/psoc creator/import/gnu/arm/5.4.1/bin/../lib/gcc/arm-none-eabi/5.4.1/armv6-m\libgcc.a(_thumb1_case_uhi.o)
 .ARM.attributes
                0x00000541       0x1e c:/program files (x86)/cypress/psoc creator/4.4/psoc creator/import/gnu/arm/5.4.1/bin/../lib/gcc/arm-none-eabi/5.4.1/armv6-m\libgcc.a(_udivsi3.o)
 .ARM.attributes
                0x0000055f       0x1e c:/program files (x86)/cypress/psoc creator/4.4/psoc creator/import/gnu/arm/5.4.1/bin/../lib/gcc/arm-none-eabi/5.4.1/armv6-m\libgcc.a(_dvmd_tls.o)
 .ARM.attributes
                0x0000057d       0x2c c:/program files (x86)/cypress/psoc creator/4.4/psoc creator/import/gnu/arm/5.4.1/bin/../lib/gcc/arm-none-eabi/5.4.1/../../../../arm-none-eabi/lib/armv6-m\libg_nano.a(lib_a-errno.o)
 .ARM.attributes
                0x000005a9       0x2c c:/program files (x86)/cypress/psoc creator/4.4/psoc creator/import/gnu/arm/5.4.1/bin/../lib/gcc/arm-none-eabi/5.4.1/../../../../arm-none-eabi/lib/armv6-m\libg_nano.a(lib_a-exit.o)
 .ARM.attributes
                0x000005d5       0x2c c:/program files (x86)/cypress/psoc creator/4.4/psoc creator/import/gnu/arm/5.4.1/bin/../lib/gcc/arm-none-eabi/5.4.1/../../../../arm-none-eabi/lib/armv6-m\libg_nano.a(lib_a-impure.o)
 .ARM.attributes
                0x00000601       0x2c c:/program files (x86)/cypress/psoc creator/4.4/psoc creator/import/gnu/arm/5.4.1/bin/../lib/gcc/arm-none-eabi/5.4.1/../../../../arm-none-eabi/lib/armv6-m\libg_nano.a(lib_a-init.o)
 .ARM.attributes
                0x0000062d       0x2c c:/program files (x86)/cypress/psoc creator/4.4/psoc creator/import/gnu/arm/5.4.1/bin/../lib/gcc/arm-none-eabi/5.4.1/../../../../arm-none-eabi/lib/armv6-m\libg_nano.a(lib_a-memcpy-stub.o)
 .ARM.attributes
                0x00000659       0x2c c:/program files (x86)/cypress/psoc creator/4.4/psoc creator/import/gnu/arm/5.4.1/bin/../lib/gcc/arm-none-eabi/5.4.1/../../../../arm-none-eabi/lib/armv6-m\libg_nano.a(lib_a-memset.o)
 .ARM.attributes
                0x00000685       0x2c c:/program files (x86)/cypress/psoc creator/4.4/psoc creator/import/gnu/arm/5.4.1/bin/../lib/gcc/arm-none-eabi/5.4.1/armv6-m/crtend.o
 .ARM.attributes
                0x000006b1       0x1e c:/program files (x86)/cypress/psoc creator/4.4/psoc creator/import/gnu/arm/5.4.1/bin/../lib/gcc/arm-none-eabi/5.4.1/armv6-m/crtn.o

/DISCARD/
 *(.note.GNU-stack)
OUTPUT(C:\Users\Qinh\Documents\PSoC Creator\Workspace01\cy8c4025-34channel-touch.cydsn\CortexM0p\ARM_GCC_541\Release\cy8c4025-34channel-touch.elf elf32-littlearm)
