ARM GAS  C:\Users\Qinh\AppData\Local\Temp\ccWsdB0U.s 			page 1


   1              		.syntax unified
   2              		.cpu cortex-m0plus
   3              		.fpu softvfp
   4              		.eabi_attribute 20, 1
   5              		.eabi_attribute 21, 1
   6              		.eabi_attribute 23, 3
   7              		.eabi_attribute 24, 1
   8              		.eabi_attribute 25, 1
   9              		.eabi_attribute 26, 1
  10              		.eabi_attribute 30, 4
  11              		.eabi_attribute 34, 0
  12              		.eabi_attribute 18, 4
  13              		.thumb
  14              		.syntax unified
  15              		.file	"cyfitter_cfg.c"
  16              		.text
  17              	.Ltext0:
  18              		.cfi_sections	.debug_frame
  19              		.section	.text.SetAnalogRoutingPumps,"ax",%progbits
  20              		.align	1
  21              		.global	SetAnalogRoutingPumps
  22              		.code	16
  23              		.thumb_func
  24              		.type	SetAnalogRoutingPumps, %function
  25              	SetAnalogRoutingPumps:
  26              	.LFB6:
  27              		.file 1 "Generated_Source\\PSoC4\\cyfitter_cfg.c"
   1:Generated_Source\PSoC4/cyfitter_cfg.c **** 
   2:Generated_Source\PSoC4/cyfitter_cfg.c **** /*******************************************************************************
   3:Generated_Source\PSoC4/cyfitter_cfg.c **** * File Name: cyfitter_cfg.c
   4:Generated_Source\PSoC4/cyfitter_cfg.c **** * 
   5:Generated_Source\PSoC4/cyfitter_cfg.c **** * PSoC Creator  4.4
   6:Generated_Source\PSoC4/cyfitter_cfg.c **** *
   7:Generated_Source\PSoC4/cyfitter_cfg.c **** * Description:
   8:Generated_Source\PSoC4/cyfitter_cfg.c **** * This file contains device initialization code.
   9:Generated_Source\PSoC4/cyfitter_cfg.c **** * Except for the user defined sections in CyClockStartupError(), this file should not be modified.
  10:Generated_Source\PSoC4/cyfitter_cfg.c **** * This file is automatically generated by PSoC Creator.
  11:Generated_Source\PSoC4/cyfitter_cfg.c **** *
  12:Generated_Source\PSoC4/cyfitter_cfg.c **** ********************************************************************************
  13:Generated_Source\PSoC4/cyfitter_cfg.c **** * Copyright (c) 2007-2020 Cypress Semiconductor.  All rights reserved.
  14:Generated_Source\PSoC4/cyfitter_cfg.c **** * You may use this file only in accordance with the license, terms, conditions, 
  15:Generated_Source\PSoC4/cyfitter_cfg.c **** * disclaimers, and limitations in the end user license agreement accompanying 
  16:Generated_Source\PSoC4/cyfitter_cfg.c **** * the software package with which this file was provided.
  17:Generated_Source\PSoC4/cyfitter_cfg.c **** ********************************************************************************/
  18:Generated_Source\PSoC4/cyfitter_cfg.c **** 
  19:Generated_Source\PSoC4/cyfitter_cfg.c **** #include <string.h>
  20:Generated_Source\PSoC4/cyfitter_cfg.c **** #include "cytypes.h"
  21:Generated_Source\PSoC4/cyfitter_cfg.c **** #include "cydevice_trm.h"
  22:Generated_Source\PSoC4/cyfitter_cfg.c **** #include "cyfitter.h"
  23:Generated_Source\PSoC4/cyfitter_cfg.c **** #include "CyLib.h"
  24:Generated_Source\PSoC4/cyfitter_cfg.c **** #include "cyfitter_cfg.h"
  25:Generated_Source\PSoC4/cyfitter_cfg.c **** #include "cyapicallbacks.h"
  26:Generated_Source\PSoC4/cyfitter_cfg.c **** 
  27:Generated_Source\PSoC4/cyfitter_cfg.c **** 
  28:Generated_Source\PSoC4/cyfitter_cfg.c **** #if defined(__GNUC__) || defined(__ARMCC_VERSION)
  29:Generated_Source\PSoC4/cyfitter_cfg.c ****     #define CYPACKED 
  30:Generated_Source\PSoC4/cyfitter_cfg.c ****     #define CYPACKED_ATTR __attribute__ ((packed))
ARM GAS  C:\Users\Qinh\AppData\Local\Temp\ccWsdB0U.s 			page 2


  31:Generated_Source\PSoC4/cyfitter_cfg.c ****     #define CYALIGNED __attribute__ ((aligned))
  32:Generated_Source\PSoC4/cyfitter_cfg.c ****     #define CY_CFG_UNUSED __attribute__ ((unused))
  33:Generated_Source\PSoC4/cyfitter_cfg.c ****     #ifndef CY_CFG_SECTION
  34:Generated_Source\PSoC4/cyfitter_cfg.c ****         #define CY_CFG_SECTION __attribute__ ((section(".psocinit")))
  35:Generated_Source\PSoC4/cyfitter_cfg.c ****     #endif
  36:Generated_Source\PSoC4/cyfitter_cfg.c ****     
  37:Generated_Source\PSoC4/cyfitter_cfg.c ****     #if defined(__ARMCC_VERSION)
  38:Generated_Source\PSoC4/cyfitter_cfg.c ****         #define CY_CFG_MEMORY_BARRIER() __memory_changed()
  39:Generated_Source\PSoC4/cyfitter_cfg.c ****     #else
  40:Generated_Source\PSoC4/cyfitter_cfg.c ****         #define CY_CFG_MEMORY_BARRIER() __sync_synchronize()
  41:Generated_Source\PSoC4/cyfitter_cfg.c ****     #endif
  42:Generated_Source\PSoC4/cyfitter_cfg.c ****     
  43:Generated_Source\PSoC4/cyfitter_cfg.c **** #elif defined(__ICCARM__)
  44:Generated_Source\PSoC4/cyfitter_cfg.c ****     #include <intrinsics.h>
  45:Generated_Source\PSoC4/cyfitter_cfg.c **** 
  46:Generated_Source\PSoC4/cyfitter_cfg.c ****     #define CYPACKED __packed
  47:Generated_Source\PSoC4/cyfitter_cfg.c ****     #define CYPACKED_ATTR 
  48:Generated_Source\PSoC4/cyfitter_cfg.c ****     #define CYALIGNED _Pragma("data_alignment=4")
  49:Generated_Source\PSoC4/cyfitter_cfg.c ****     #define CY_CFG_UNUSED _Pragma("diag_suppress=Pe177")
  50:Generated_Source\PSoC4/cyfitter_cfg.c ****     #define CY_CFG_SECTION _Pragma("location=\".psocinit\"")
  51:Generated_Source\PSoC4/cyfitter_cfg.c ****     
  52:Generated_Source\PSoC4/cyfitter_cfg.c ****     #define CY_CFG_MEMORY_BARRIER() __DMB()
  53:Generated_Source\PSoC4/cyfitter_cfg.c ****     
  54:Generated_Source\PSoC4/cyfitter_cfg.c **** #else
  55:Generated_Source\PSoC4/cyfitter_cfg.c ****     #error Unsupported toolchain
  56:Generated_Source\PSoC4/cyfitter_cfg.c **** #endif
  57:Generated_Source\PSoC4/cyfitter_cfg.c **** 
  58:Generated_Source\PSoC4/cyfitter_cfg.c **** #ifndef CYCODE
  59:Generated_Source\PSoC4/cyfitter_cfg.c ****     #define CYCODE
  60:Generated_Source\PSoC4/cyfitter_cfg.c **** #endif
  61:Generated_Source\PSoC4/cyfitter_cfg.c **** #ifndef CYDATA
  62:Generated_Source\PSoC4/cyfitter_cfg.c ****     #define CYDATA
  63:Generated_Source\PSoC4/cyfitter_cfg.c **** #endif
  64:Generated_Source\PSoC4/cyfitter_cfg.c **** #ifndef CYFAR
  65:Generated_Source\PSoC4/cyfitter_cfg.c ****     #define CYFAR
  66:Generated_Source\PSoC4/cyfitter_cfg.c **** #endif
  67:Generated_Source\PSoC4/cyfitter_cfg.c **** #ifndef CYXDATA
  68:Generated_Source\PSoC4/cyfitter_cfg.c ****     #define CYXDATA
  69:Generated_Source\PSoC4/cyfitter_cfg.c **** #endif
  70:Generated_Source\PSoC4/cyfitter_cfg.c **** 
  71:Generated_Source\PSoC4/cyfitter_cfg.c **** 
  72:Generated_Source\PSoC4/cyfitter_cfg.c **** CY_CFG_UNUSED
  73:Generated_Source\PSoC4/cyfitter_cfg.c **** static void CYMEMZERO(void *s, size_t n);
  74:Generated_Source\PSoC4/cyfitter_cfg.c **** CY_CFG_UNUSED
  75:Generated_Source\PSoC4/cyfitter_cfg.c **** static void CYMEMZERO(void *s, size_t n)
  76:Generated_Source\PSoC4/cyfitter_cfg.c **** {
  77:Generated_Source\PSoC4/cyfitter_cfg.c **** 	(void)memset(s, 0, n);
  78:Generated_Source\PSoC4/cyfitter_cfg.c **** }
  79:Generated_Source\PSoC4/cyfitter_cfg.c **** CY_CFG_UNUSED
  80:Generated_Source\PSoC4/cyfitter_cfg.c **** static void CYCONFIGCPY(void *dest, const void *src, size_t n);
  81:Generated_Source\PSoC4/cyfitter_cfg.c **** CY_CFG_UNUSED
  82:Generated_Source\PSoC4/cyfitter_cfg.c **** static void CYCONFIGCPY(void *dest, const void *src, size_t n)
  83:Generated_Source\PSoC4/cyfitter_cfg.c **** {
  84:Generated_Source\PSoC4/cyfitter_cfg.c **** 	(void)memcpy(dest, src, n);
  85:Generated_Source\PSoC4/cyfitter_cfg.c **** }
  86:Generated_Source\PSoC4/cyfitter_cfg.c **** CY_CFG_UNUSED
  87:Generated_Source\PSoC4/cyfitter_cfg.c **** static void CYCONFIGCPYCODE(void *dest, const void *src, size_t n);
ARM GAS  C:\Users\Qinh\AppData\Local\Temp\ccWsdB0U.s 			page 3


  88:Generated_Source\PSoC4/cyfitter_cfg.c **** CY_CFG_UNUSED
  89:Generated_Source\PSoC4/cyfitter_cfg.c **** static void CYCONFIGCPYCODE(void *dest, const void *src, size_t n)
  90:Generated_Source\PSoC4/cyfitter_cfg.c **** {
  91:Generated_Source\PSoC4/cyfitter_cfg.c **** 	(void)memcpy(dest, src, n);
  92:Generated_Source\PSoC4/cyfitter_cfg.c **** }
  93:Generated_Source\PSoC4/cyfitter_cfg.c **** 
  94:Generated_Source\PSoC4/cyfitter_cfg.c **** 
  95:Generated_Source\PSoC4/cyfitter_cfg.c **** 
  96:Generated_Source\PSoC4/cyfitter_cfg.c **** 
  97:Generated_Source\PSoC4/cyfitter_cfg.c **** /* Clock startup error codes                                                   */
  98:Generated_Source\PSoC4/cyfitter_cfg.c **** #define CYCLOCKSTART_NO_ERROR    0u
  99:Generated_Source\PSoC4/cyfitter_cfg.c **** #define CYCLOCKSTART_XTAL_ERROR  1u
 100:Generated_Source\PSoC4/cyfitter_cfg.c **** #define CYCLOCKSTART_32KHZ_ERROR 2u
 101:Generated_Source\PSoC4/cyfitter_cfg.c **** #define CYCLOCKSTART_PLL_ERROR   3u
 102:Generated_Source\PSoC4/cyfitter_cfg.c **** #define CYCLOCKSTART_FLL_ERROR   4u
 103:Generated_Source\PSoC4/cyfitter_cfg.c **** #define CYCLOCKSTART_WCO_ERROR   5u
 104:Generated_Source\PSoC4/cyfitter_cfg.c **** 
 105:Generated_Source\PSoC4/cyfitter_cfg.c **** 
 106:Generated_Source\PSoC4/cyfitter_cfg.c **** #ifdef CY_NEED_CYCLOCKSTARTUPERROR
 107:Generated_Source\PSoC4/cyfitter_cfg.c **** /*******************************************************************************
 108:Generated_Source\PSoC4/cyfitter_cfg.c **** * Function Name: CyClockStartupError
 109:Generated_Source\PSoC4/cyfitter_cfg.c **** ********************************************************************************
 110:Generated_Source\PSoC4/cyfitter_cfg.c **** * Summary:
 111:Generated_Source\PSoC4/cyfitter_cfg.c **** *  If an error is encountered during clock configuration (crystal startup error,
 112:Generated_Source\PSoC4/cyfitter_cfg.c **** *  PLL lock error, etc.), the system will end up here.  Unless reimplemented by
 113:Generated_Source\PSoC4/cyfitter_cfg.c **** *  the customer, this function will stop in an infinite loop.
 114:Generated_Source\PSoC4/cyfitter_cfg.c **** *
 115:Generated_Source\PSoC4/cyfitter_cfg.c **** * Parameters:
 116:Generated_Source\PSoC4/cyfitter_cfg.c **** *   void
 117:Generated_Source\PSoC4/cyfitter_cfg.c **** *
 118:Generated_Source\PSoC4/cyfitter_cfg.c **** * Return:
 119:Generated_Source\PSoC4/cyfitter_cfg.c **** *   void
 120:Generated_Source\PSoC4/cyfitter_cfg.c **** *
 121:Generated_Source\PSoC4/cyfitter_cfg.c **** *******************************************************************************/
 122:Generated_Source\PSoC4/cyfitter_cfg.c **** CY_CFG_UNUSED
 123:Generated_Source\PSoC4/cyfitter_cfg.c **** static void CyClockStartupError(uint8 errorCode);
 124:Generated_Source\PSoC4/cyfitter_cfg.c **** CY_CFG_UNUSED
 125:Generated_Source\PSoC4/cyfitter_cfg.c **** static void CyClockStartupError(uint8 errorCode)
 126:Generated_Source\PSoC4/cyfitter_cfg.c **** {
 127:Generated_Source\PSoC4/cyfitter_cfg.c ****     /* To remove the compiler warning if errorCode not used.                */
 128:Generated_Source\PSoC4/cyfitter_cfg.c ****     errorCode = errorCode;
 129:Generated_Source\PSoC4/cyfitter_cfg.c **** 
 130:Generated_Source\PSoC4/cyfitter_cfg.c ****     /* If we have a clock startup error (bad MHz crystal, PLL lock, etc.),  */
 131:Generated_Source\PSoC4/cyfitter_cfg.c ****     /* we will end up here to allow the customer to implement something to  */
 132:Generated_Source\PSoC4/cyfitter_cfg.c ****     /* deal with the clock condition.                                       */
 133:Generated_Source\PSoC4/cyfitter_cfg.c **** 
 134:Generated_Source\PSoC4/cyfitter_cfg.c **** #ifdef CY_CFG_CLOCK_STARTUP_ERROR_CALLBACK
 135:Generated_Source\PSoC4/cyfitter_cfg.c ****     CY_CFG_Clock_Startup_ErrorCallback();
 136:Generated_Source\PSoC4/cyfitter_cfg.c **** #else
 137:Generated_Source\PSoC4/cyfitter_cfg.c ****     /*  If not using CY_CFG_CLOCK_STARTUP_ERROR_CALLBACK, place your clock startup code here. */
 138:Generated_Source\PSoC4/cyfitter_cfg.c ****     /* `#START CyClockStartupError` */
 139:Generated_Source\PSoC4/cyfitter_cfg.c **** 
 140:Generated_Source\PSoC4/cyfitter_cfg.c **** 
 141:Generated_Source\PSoC4/cyfitter_cfg.c **** 
 142:Generated_Source\PSoC4/cyfitter_cfg.c ****     /* `#END` */
 143:Generated_Source\PSoC4/cyfitter_cfg.c **** 
 144:Generated_Source\PSoC4/cyfitter_cfg.c ****     while(1) {}
ARM GAS  C:\Users\Qinh\AppData\Local\Temp\ccWsdB0U.s 			page 4


 145:Generated_Source\PSoC4/cyfitter_cfg.c **** #endif /* CY_CFG_CLOCK_STARTUP_ERROR_CALLBACK */
 146:Generated_Source\PSoC4/cyfitter_cfg.c **** }
 147:Generated_Source\PSoC4/cyfitter_cfg.c **** #endif
 148:Generated_Source\PSoC4/cyfitter_cfg.c **** 
 149:Generated_Source\PSoC4/cyfitter_cfg.c **** 
 150:Generated_Source\PSoC4/cyfitter_cfg.c **** 
 151:Generated_Source\PSoC4/cyfitter_cfg.c **** /*******************************************************************************
 152:Generated_Source\PSoC4/cyfitter_cfg.c **** * Function Name: ClockSetup
 153:Generated_Source\PSoC4/cyfitter_cfg.c **** ********************************************************************************
 154:Generated_Source\PSoC4/cyfitter_cfg.c **** *
 155:Generated_Source\PSoC4/cyfitter_cfg.c **** * Summary:
 156:Generated_Source\PSoC4/cyfitter_cfg.c **** *   Performs the initialization of all of the clocks in the device based on the
 157:Generated_Source\PSoC4/cyfitter_cfg.c **** *   settings in the Clock tab of the DWR.  This includes enabling the requested
 158:Generated_Source\PSoC4/cyfitter_cfg.c **** *   clocks and setting the necessary dividers to produce the desired frequency. 
 159:Generated_Source\PSoC4/cyfitter_cfg.c **** *
 160:Generated_Source\PSoC4/cyfitter_cfg.c **** * Parameters:
 161:Generated_Source\PSoC4/cyfitter_cfg.c **** *   void
 162:Generated_Source\PSoC4/cyfitter_cfg.c **** *
 163:Generated_Source\PSoC4/cyfitter_cfg.c **** * Return:
 164:Generated_Source\PSoC4/cyfitter_cfg.c **** *   void
 165:Generated_Source\PSoC4/cyfitter_cfg.c **** *
 166:Generated_Source\PSoC4/cyfitter_cfg.c **** *******************************************************************************/
 167:Generated_Source\PSoC4/cyfitter_cfg.c **** static void ClockSetup(void);
 168:Generated_Source\PSoC4/cyfitter_cfg.c **** CY_CFG_SECTION
 169:Generated_Source\PSoC4/cyfitter_cfg.c **** static void ClockSetup(void)
 170:Generated_Source\PSoC4/cyfitter_cfg.c **** {
 171:Generated_Source\PSoC4/cyfitter_cfg.c **** 
 172:Generated_Source\PSoC4/cyfitter_cfg.c **** 	/* Set Flash Cycles based on max possible frequency in case a glitch occurs during ClockSetup(). *
 173:Generated_Source\PSoC4/cyfitter_cfg.c **** 	CY_SET_REG32((void CYXDATA *)(CYREG_CPUSS_FLASH_CTL), (0x0012u));
 174:Generated_Source\PSoC4/cyfitter_cfg.c **** 	/* Update IMO to new clock speed. */
 175:Generated_Source\PSoC4/cyfitter_cfg.c **** 	CySysClkWriteImoFreq(24u);
 176:Generated_Source\PSoC4/cyfitter_cfg.c **** 
 177:Generated_Source\PSoC4/cyfitter_cfg.c **** 	/* Setup phase aligned clocks */
 178:Generated_Source\PSoC4/cyfitter_cfg.c **** 	CY_SET_REG32((void *)CYREG_PERI_DIV_16_CTL0, 0x0000FE00u);
 179:Generated_Source\PSoC4/cyfitter_cfg.c **** 	CY_SET_REG32((void *)CYREG_PERI_DIV_CMD, 0x8000FF40u);
 180:Generated_Source\PSoC4/cyfitter_cfg.c **** 	CY_SET_REG32((void *)CYREG_PERI_DIV_16_CTL1, 0x00000800u);
 181:Generated_Source\PSoC4/cyfitter_cfg.c **** 	CY_SET_REG32((void *)CYREG_PERI_DIV_CMD, 0x8000FF41u);
 182:Generated_Source\PSoC4/cyfitter_cfg.c **** 
 183:Generated_Source\PSoC4/cyfitter_cfg.c **** 	/* CYDEV_CLK_SELECT Starting address: CYDEV_CLK_SELECT */
 184:Generated_Source\PSoC4/cyfitter_cfg.c **** 	CY_SET_REG32((void *)(CYREG_CLK_SELECT), 0x00000000u);
 185:Generated_Source\PSoC4/cyfitter_cfg.c **** 
 186:Generated_Source\PSoC4/cyfitter_cfg.c **** 	/* CYDEV_PERI_PCLK_CTL2 Starting address: CYDEV_PERI_PCLK_CTL2 */
 187:Generated_Source\PSoC4/cyfitter_cfg.c **** 	CY_SET_REG32((void *)(CYREG_PERI_PCLK_CTL2), 0x00000040u);
 188:Generated_Source\PSoC4/cyfitter_cfg.c **** 
 189:Generated_Source\PSoC4/cyfitter_cfg.c **** 	/* CYDEV_PERI_PCLK_CTL1 Starting address: CYDEV_PERI_PCLK_CTL1 */
 190:Generated_Source\PSoC4/cyfitter_cfg.c **** 	CY_SET_REG32((void *)(CYREG_PERI_PCLK_CTL1), 0x00000041u);
 191:Generated_Source\PSoC4/cyfitter_cfg.c **** 
 192:Generated_Source\PSoC4/cyfitter_cfg.c **** 	/* Set Flash Cycles based on newly configured 24.00MHz HFCLK. */
 193:Generated_Source\PSoC4/cyfitter_cfg.c **** 	CY_SET_REG32((void CYXDATA *)(CYREG_CPUSS_FLASH_CTL), (0x0011u));
 194:Generated_Source\PSoC4/cyfitter_cfg.c **** }
 195:Generated_Source\PSoC4/cyfitter_cfg.c **** 
 196:Generated_Source\PSoC4/cyfitter_cfg.c **** 
 197:Generated_Source\PSoC4/cyfitter_cfg.c **** /* Analog API Functions */
 198:Generated_Source\PSoC4/cyfitter_cfg.c **** 
 199:Generated_Source\PSoC4/cyfitter_cfg.c **** 
 200:Generated_Source\PSoC4/cyfitter_cfg.c **** /*******************************************************************************
 201:Generated_Source\PSoC4/cyfitter_cfg.c **** * Function Name: AnalogSetDefault
ARM GAS  C:\Users\Qinh\AppData\Local\Temp\ccWsdB0U.s 			page 5


 202:Generated_Source\PSoC4/cyfitter_cfg.c **** ********************************************************************************
 203:Generated_Source\PSoC4/cyfitter_cfg.c **** *
 204:Generated_Source\PSoC4/cyfitter_cfg.c **** * Summary:
 205:Generated_Source\PSoC4/cyfitter_cfg.c **** *  Sets up the analog portions of the chip to default values based on chip
 206:Generated_Source\PSoC4/cyfitter_cfg.c **** *  configuration options from the project.
 207:Generated_Source\PSoC4/cyfitter_cfg.c **** *
 208:Generated_Source\PSoC4/cyfitter_cfg.c **** * Parameters:
 209:Generated_Source\PSoC4/cyfitter_cfg.c **** *  void
 210:Generated_Source\PSoC4/cyfitter_cfg.c **** *
 211:Generated_Source\PSoC4/cyfitter_cfg.c **** * Return:
 212:Generated_Source\PSoC4/cyfitter_cfg.c **** *  void
 213:Generated_Source\PSoC4/cyfitter_cfg.c **** *
 214:Generated_Source\PSoC4/cyfitter_cfg.c **** *******************************************************************************/
 215:Generated_Source\PSoC4/cyfitter_cfg.c **** static void AnalogSetDefault(void);
 216:Generated_Source\PSoC4/cyfitter_cfg.c **** static void AnalogSetDefault(void)
 217:Generated_Source\PSoC4/cyfitter_cfg.c **** {
 218:Generated_Source\PSoC4/cyfitter_cfg.c **** 	CY_SET_XTND_REG32((void CYFAR *)CYREG_CSD_SW_DSI_SEL, 0x00000011u);
 219:Generated_Source\PSoC4/cyfitter_cfg.c **** 	SetAnalogRoutingPumps(1);
 220:Generated_Source\PSoC4/cyfitter_cfg.c **** }
 221:Generated_Source\PSoC4/cyfitter_cfg.c **** 
 222:Generated_Source\PSoC4/cyfitter_cfg.c **** 
 223:Generated_Source\PSoC4/cyfitter_cfg.c **** /*******************************************************************************
 224:Generated_Source\PSoC4/cyfitter_cfg.c **** * Function Name: SetAnalogRoutingPumps
 225:Generated_Source\PSoC4/cyfitter_cfg.c **** ********************************************************************************
 226:Generated_Source\PSoC4/cyfitter_cfg.c **** *
 227:Generated_Source\PSoC4/cyfitter_cfg.c **** * Summary:
 228:Generated_Source\PSoC4/cyfitter_cfg.c **** * Enables or disables the analog pumps feeding analog routing switches.
 229:Generated_Source\PSoC4/cyfitter_cfg.c **** * Intended to be called at startup, based on the Vdda system configuration;
 230:Generated_Source\PSoC4/cyfitter_cfg.c **** * may be called during operation when the user informs us that the Vdda voltage crossed the pump th
 231:Generated_Source\PSoC4/cyfitter_cfg.c **** *
 232:Generated_Source\PSoC4/cyfitter_cfg.c **** * Parameters:
 233:Generated_Source\PSoC4/cyfitter_cfg.c **** *  enabled - 1 to enable the pumps, 0 to disable the pumps
 234:Generated_Source\PSoC4/cyfitter_cfg.c **** *
 235:Generated_Source\PSoC4/cyfitter_cfg.c **** * Return:
 236:Generated_Source\PSoC4/cyfitter_cfg.c **** *  void
 237:Generated_Source\PSoC4/cyfitter_cfg.c **** *
 238:Generated_Source\PSoC4/cyfitter_cfg.c **** *******************************************************************************/
 239:Generated_Source\PSoC4/cyfitter_cfg.c **** void SetAnalogRoutingPumps(uint8 enabled)
 240:Generated_Source\PSoC4/cyfitter_cfg.c **** {
  28              		.loc 1 240 0
  29              		.cfi_startproc
  30              		@ args = 0, pretend = 0, frame = 0
  31              		@ frame_needed = 0, uses_anonymous_args = 0
  32              	.LVL0:
 241:Generated_Source\PSoC4/cyfitter_cfg.c **** 	uint32 regValue = CY_GET_XTND_REG32((void *)(CYREG_HSIOM_PUMP_CTL));
  33              		.loc 1 241 0
  34 0000 0B4A     		ldr	r2, .L8
 240:Generated_Source\PSoC4/cyfitter_cfg.c **** 	uint32 regValue = CY_GET_XTND_REG32((void *)(CYREG_HSIOM_PUMP_CTL));
  35              		.loc 1 240 0
  36 0002 10B5     		push	{r4, lr}
  37              		.cfi_def_cfa_offset 8
  38              		.cfi_offset 4, -8
  39              		.cfi_offset 14, -4
  40              		.loc 1 241 0
  41 0004 1368     		ldr	r3, [r2]
  42              	.LVL1:
 242:Generated_Source\PSoC4/cyfitter_cfg.c **** 	if (enabled != 0u)
ARM GAS  C:\Users\Qinh\AppData\Local\Temp\ccWsdB0U.s 			page 6


  43              		.loc 1 242 0
  44 0006 0028     		cmp	r0, #0
  45 0008 03D0     		beq	.L2
 243:Generated_Source\PSoC4/cyfitter_cfg.c **** 	{
 244:Generated_Source\PSoC4/cyfitter_cfg.c **** 		regValue |= 0x80000000u;
  46              		.loc 1 244 0
  47 000a 8021     		movs	r1, #128
  48 000c 0906     		lsls	r1, r1, #24
  49 000e 0B43     		orrs	r3, r1
  50              	.LVL2:
  51 0010 01E0     		b	.L3
  52              	.L2:
 245:Generated_Source\PSoC4/cyfitter_cfg.c **** 	}
 246:Generated_Source\PSoC4/cyfitter_cfg.c **** 	else
 247:Generated_Source\PSoC4/cyfitter_cfg.c **** 	{
 248:Generated_Source\PSoC4/cyfitter_cfg.c **** 		regValue &= ~0x80000000u;
  53              		.loc 1 248 0
  54 0012 5B00     		lsls	r3, r3, #1
  55              	.LVL3:
  56 0014 5B08     		lsrs	r3, r3, #1
  57              	.LVL4:
  58              	.L3:
 249:Generated_Source\PSoC4/cyfitter_cfg.c **** 	}
 250:Generated_Source\PSoC4/cyfitter_cfg.c **** 	CY_SET_XTND_REG32((void *)(CYREG_HSIOM_PUMP_CTL), regValue);
  59              		.loc 1 250 0
  60 0016 1360     		str	r3, [r2]
 251:Generated_Source\PSoC4/cyfitter_cfg.c **** 	regValue = CY_GET_XTND_REG32((void *)(CYREG_CLK_SELECT));
  61              		.loc 1 251 0
  62 0018 064B     		ldr	r3, .L8+4
  63              	.LVL5:
  64 001a 2024     		movs	r4, #32
  65 001c 1968     		ldr	r1, [r3]
  66              	.LVL6:
 252:Generated_Source\PSoC4/cyfitter_cfg.c **** 	if (enabled != 0u)
 253:Generated_Source\PSoC4/cyfitter_cfg.c **** 	{
 254:Generated_Source\PSoC4/cyfitter_cfg.c **** 		regValue |= 0x00000020u;
 255:Generated_Source\PSoC4/cyfitter_cfg.c **** 	}
 256:Generated_Source\PSoC4/cyfitter_cfg.c **** 	else
 257:Generated_Source\PSoC4/cyfitter_cfg.c **** 	{
 258:Generated_Source\PSoC4/cyfitter_cfg.c **** 		regValue &= ~0x00000020u;
  67              		.loc 1 258 0
  68 001e 0A00     		movs	r2, r1
  69 0020 A243     		bics	r2, r4
 252:Generated_Source\PSoC4/cyfitter_cfg.c **** 	if (enabled != 0u)
  70              		.loc 1 252 0
  71 0022 0028     		cmp	r0, #0
  72 0024 01D0     		beq	.L5
 254:Generated_Source\PSoC4/cyfitter_cfg.c **** 	}
  73              		.loc 1 254 0
  74 0026 2200     		movs	r2, r4
  75 0028 0A43     		orrs	r2, r1
  76              	.LVL7:
  77              	.L5:
 259:Generated_Source\PSoC4/cyfitter_cfg.c **** 	}
 260:Generated_Source\PSoC4/cyfitter_cfg.c **** 	CY_SET_XTND_REG32((void *)(CYREG_CLK_SELECT), regValue);
  78              		.loc 1 260 0
  79 002a 1A60     		str	r2, [r3]
ARM GAS  C:\Users\Qinh\AppData\Local\Temp\ccWsdB0U.s 			page 7


 261:Generated_Source\PSoC4/cyfitter_cfg.c **** }
  80              		.loc 1 261 0
  81              		@ sp needed
  82 002c 10BD     		pop	{r4, pc}
  83              	.L9:
  84 002e C046     		.align	2
  85              	.L8:
  86 0030 00200240 		.word	1073881088
  87 0034 28000340 		.word	1073938472
  88              		.cfi_endproc
  89              	.LFE6:
  90              		.size	SetAnalogRoutingPumps, .-SetAnalogRoutingPumps
  91              		.section	.psocinit,"ax",%progbits
  92              		.align	1
  93              		.global	cyfitter_cfg
  94              		.code	16
  95              		.thumb_func
  96              		.type	cyfitter_cfg, %function
  97              	cyfitter_cfg:
  98              	.LFB7:
 262:Generated_Source\PSoC4/cyfitter_cfg.c **** 
 263:Generated_Source\PSoC4/cyfitter_cfg.c **** 
 264:Generated_Source\PSoC4/cyfitter_cfg.c **** 
 265:Generated_Source\PSoC4/cyfitter_cfg.c **** 
 266:Generated_Source\PSoC4/cyfitter_cfg.c **** /*******************************************************************************
 267:Generated_Source\PSoC4/cyfitter_cfg.c **** * Function Name: cyfitter_cfg
 268:Generated_Source\PSoC4/cyfitter_cfg.c **** ********************************************************************************
 269:Generated_Source\PSoC4/cyfitter_cfg.c **** * Summary:
 270:Generated_Source\PSoC4/cyfitter_cfg.c **** *  This function is called by the start-up code for the selected device. It
 271:Generated_Source\PSoC4/cyfitter_cfg.c **** *  performs all of the necessary device configuration based on the design
 272:Generated_Source\PSoC4/cyfitter_cfg.c **** *  settings.  This includes settings from the Design Wide Resources (DWR) such
 273:Generated_Source\PSoC4/cyfitter_cfg.c **** *  as Clocks and Pins as well as any component configuration that is necessary.
 274:Generated_Source\PSoC4/cyfitter_cfg.c **** *
 275:Generated_Source\PSoC4/cyfitter_cfg.c **** * Parameters:
 276:Generated_Source\PSoC4/cyfitter_cfg.c **** *   void
 277:Generated_Source\PSoC4/cyfitter_cfg.c **** *
 278:Generated_Source\PSoC4/cyfitter_cfg.c **** * Return:
 279:Generated_Source\PSoC4/cyfitter_cfg.c **** *   void
 280:Generated_Source\PSoC4/cyfitter_cfg.c **** *
 281:Generated_Source\PSoC4/cyfitter_cfg.c **** *******************************************************************************/
 282:Generated_Source\PSoC4/cyfitter_cfg.c **** CY_CFG_SECTION
 283:Generated_Source\PSoC4/cyfitter_cfg.c **** void cyfitter_cfg(void)
 284:Generated_Source\PSoC4/cyfitter_cfg.c **** {
  99              		.loc 1 284 0
 100              		.cfi_startproc
 101              		@ args = 0, pretend = 0, frame = 0
 102              		@ frame_needed = 0, uses_anonymous_args = 0
 103 0000 70B5     		push	{r4, r5, r6, lr}
 104              		.cfi_def_cfa_offset 16
 105              		.cfi_offset 4, -16
 106              		.cfi_offset 5, -12
 107              		.cfi_offset 6, -8
 108              		.cfi_offset 14, -4
 285:Generated_Source\PSoC4/cyfitter_cfg.c **** 	/* Disable interrupts by default. Let user enable if/when they want. */
 286:Generated_Source\PSoC4/cyfitter_cfg.c **** 	CyGlobalIntDisable;
 109              		.loc 1 286 0
 110              		.syntax divided
ARM GAS  C:\Users\Qinh\AppData\Local\Temp\ccWsdB0U.s 			page 8


 111              	@ 286 "Generated_Source\PSoC4\cyfitter_cfg.c" 1
 112 0002 72B6     		CPSID   i
 113              	@ 0 "" 2
 287:Generated_Source\PSoC4/cyfitter_cfg.c **** 
 288:Generated_Source\PSoC4/cyfitter_cfg.c **** 	{
 289:Generated_Source\PSoC4/cyfitter_cfg.c **** 		/* HSIOM Starting address: CYDEV_HSIOM_BASE */
 290:Generated_Source\PSoC4/cyfitter_cfg.c **** 		CY_SET_REG32((void *)(CYDEV_HSIOM_BASE), 0x00900000u);
 114              		.loc 1 290 0
 115              		.thumb
 116              		.syntax unified
 117 0004 9022     		movs	r2, #144
 291:Generated_Source\PSoC4/cyfitter_cfg.c **** 
 292:Generated_Source\PSoC4/cyfitter_cfg.c **** 		/* FORCED_HSIOM Starting address: CYDEV_HSIOM_PORT_SEL3 */
 293:Generated_Source\PSoC4/cyfitter_cfg.c **** 		CY_SET_REG32((void *)(CYREG_HSIOM_PORT_SEL3), 0x00000000u);
 118              		.loc 1 293 0
 119 0006 0025     		movs	r5, #0
 290:Generated_Source\PSoC4/cyfitter_cfg.c **** 
 120              		.loc 1 290 0
 121 0008 214B     		ldr	r3, .L11
 122 000a 1204     		lsls	r2, r2, #16
 123 000c 1A60     		str	r2, [r3]
 124              		.loc 1 293 0
 125 000e 214B     		ldr	r3, .L11+4
 294:Generated_Source\PSoC4/cyfitter_cfg.c **** 
 295:Generated_Source\PSoC4/cyfitter_cfg.c **** 	}
 296:Generated_Source\PSoC4/cyfitter_cfg.c **** 
 297:Generated_Source\PSoC4/cyfitter_cfg.c **** 	/* Perform second pass device configuration. These items must be configured in specific order afte
 298:Generated_Source\PSoC4/cyfitter_cfg.c **** 	/* IOPINS0_0 Starting address: CYDEV_GPIO_PRT0_BASE */
 299:Generated_Source\PSoC4/cyfitter_cfg.c **** 	CY_SET_REG32((void *)(CYDEV_GPIO_PRT0_BASE), 0x000000FFu);
 300:Generated_Source\PSoC4/cyfitter_cfg.c **** 	CY_SET_REG32((void *)(CYREG_GPIO_PRT0_PC), 0x00030000u);
 126              		.loc 1 300 0
 127 0010 C021     		movs	r1, #192
 293:Generated_Source\PSoC4/cyfitter_cfg.c **** 
 128              		.loc 1 293 0
 129 0012 1D60     		str	r5, [r3]
 299:Generated_Source\PSoC4/cyfitter_cfg.c **** 	CY_SET_REG32((void *)(CYREG_GPIO_PRT0_PC), 0x00030000u);
 130              		.loc 1 299 0
 131 0014 FF23     		movs	r3, #255
 132 0016 204A     		ldr	r2, .L11+8
 133              		.loc 1 300 0
 134 0018 8902     		lsls	r1, r1, #10
 299:Generated_Source\PSoC4/cyfitter_cfg.c **** 	CY_SET_REG32((void *)(CYREG_GPIO_PRT0_PC), 0x00030000u);
 135              		.loc 1 299 0
 136 001a 1360     		str	r3, [r2]
 137              		.loc 1 300 0
 138 001c 1F4A     		ldr	r2, .L11+12
 139              	.LBB6:
 140              	.LBB7:
 173:Generated_Source\PSoC4/cyfitter_cfg.c **** 	/* Update IMO to new clock speed. */
 141              		.loc 1 173 0
 142 001e 204C     		ldr	r4, .L11+16
 143              	.LBE7:
 144              	.LBE6:
 145              		.loc 1 300 0
 146 0020 1160     		str	r1, [r2]
 301:Generated_Source\PSoC4/cyfitter_cfg.c **** 	CY_SET_REG32((void *)(CYREG_GPIO_PRT0_PC2), 0x000000FFu);
 302:Generated_Source\PSoC4/cyfitter_cfg.c **** 
ARM GAS  C:\Users\Qinh\AppData\Local\Temp\ccWsdB0U.s 			page 9


 303:Generated_Source\PSoC4/cyfitter_cfg.c **** 	/* IOPINS0_1 Starting address: CYDEV_GPIO_PRT1_BASE */
 304:Generated_Source\PSoC4/cyfitter_cfg.c **** 	CY_SET_REG32((void *)(CYDEV_GPIO_PRT1_BASE), 0x000000FEu);
 147              		.loc 1 304 0
 148 0022 FE21     		movs	r1, #254
 301:Generated_Source\PSoC4/cyfitter_cfg.c **** 	CY_SET_REG32((void *)(CYREG_GPIO_PRT0_PC2), 0x000000FFu);
 149              		.loc 1 301 0
 150 0024 1F4A     		ldr	r2, .L11+20
 151              	.LBB12:
 152              	.LBB8:
 175:Generated_Source\PSoC4/cyfitter_cfg.c **** 
 153              		.loc 1 175 0
 154 0026 1820     		movs	r0, #24
 155              	.LBE8:
 156              	.LBE12:
 301:Generated_Source\PSoC4/cyfitter_cfg.c **** 	CY_SET_REG32((void *)(CYREG_GPIO_PRT0_PC2), 0x000000FFu);
 157              		.loc 1 301 0
 158 0028 1360     		str	r3, [r2]
 159              		.loc 1 304 0
 160 002a 1F4A     		ldr	r2, .L11+24
 305:Generated_Source\PSoC4/cyfitter_cfg.c **** 	CY_SET_REG32((void *)(CYREG_GPIO_PRT1_PC2), 0x000000FFu);
 306:Generated_Source\PSoC4/cyfitter_cfg.c **** 
 307:Generated_Source\PSoC4/cyfitter_cfg.c **** 	/* IOPINS0_2 Starting address: CYDEV_GPIO_PRT2_BASE */
 308:Generated_Source\PSoC4/cyfitter_cfg.c **** 	CY_SET_REG32((void *)(CYDEV_GPIO_PRT2_BASE), 0x000000FFu);
 309:Generated_Source\PSoC4/cyfitter_cfg.c **** 	CY_SET_REG32((void *)(CYREG_GPIO_PRT2_PC2), 0x000000FFu);
 310:Generated_Source\PSoC4/cyfitter_cfg.c **** 
 311:Generated_Source\PSoC4/cyfitter_cfg.c **** 	/* IOPINS0_3 Starting address: CYDEV_GPIO_PRT3_BASE */
 312:Generated_Source\PSoC4/cyfitter_cfg.c **** 	CY_SET_REG32((void *)(CYDEV_GPIO_PRT3_BASE), 0x000000FFu);
 313:Generated_Source\PSoC4/cyfitter_cfg.c **** 	CY_SET_REG32((void *)(CYREG_GPIO_PRT3_PC2), 0x000000FFu);
 314:Generated_Source\PSoC4/cyfitter_cfg.c **** 
 315:Generated_Source\PSoC4/cyfitter_cfg.c **** 	/* IOPINS0_4 Starting address: CYDEV_GPIO_PRT4_BASE */
 316:Generated_Source\PSoC4/cyfitter_cfg.c **** 	CY_SET_REG32((void *)(CYDEV_GPIO_PRT4_BASE), 0x0000000Bu);
 317:Generated_Source\PSoC4/cyfitter_cfg.c **** 	CY_SET_REG32((void *)(CYREG_GPIO_PRT4_PC2), 0x0000000Fu);
 318:Generated_Source\PSoC4/cyfitter_cfg.c **** 
 319:Generated_Source\PSoC4/cyfitter_cfg.c **** 
 320:Generated_Source\PSoC4/cyfitter_cfg.c **** 	/* Setup clocks based on selections from Clock DWR */
 321:Generated_Source\PSoC4/cyfitter_cfg.c **** 	ClockSetup();
 322:Generated_Source\PSoC4/cyfitter_cfg.c **** 
 323:Generated_Source\PSoC4/cyfitter_cfg.c **** 	/* Perform basic analog initialization to defaults */
 324:Generated_Source\PSoC4/cyfitter_cfg.c **** 	AnalogSetDefault();
 325:Generated_Source\PSoC4/cyfitter_cfg.c **** 
 326:Generated_Source\PSoC4/cyfitter_cfg.c **** }
 161              		.loc 1 326 0
 162              		@ sp needed
 304:Generated_Source\PSoC4/cyfitter_cfg.c **** 	CY_SET_REG32((void *)(CYREG_GPIO_PRT1_PC2), 0x000000FFu);
 163              		.loc 1 304 0
 164 002c 1160     		str	r1, [r2]
 305:Generated_Source\PSoC4/cyfitter_cfg.c **** 	CY_SET_REG32((void *)(CYREG_GPIO_PRT1_PC2), 0x000000FFu);
 165              		.loc 1 305 0
 166 002e 1F4A     		ldr	r2, .L11+28
 167 0030 1360     		str	r3, [r2]
 308:Generated_Source\PSoC4/cyfitter_cfg.c **** 	CY_SET_REG32((void *)(CYREG_GPIO_PRT2_PC2), 0x000000FFu);
 168              		.loc 1 308 0
 169 0032 1F4A     		ldr	r2, .L11+32
 170 0034 1360     		str	r3, [r2]
 309:Generated_Source\PSoC4/cyfitter_cfg.c **** 
 171              		.loc 1 309 0
 172 0036 1F4A     		ldr	r2, .L11+36
ARM GAS  C:\Users\Qinh\AppData\Local\Temp\ccWsdB0U.s 			page 10


 173 0038 1360     		str	r3, [r2]
 312:Generated_Source\PSoC4/cyfitter_cfg.c **** 	CY_SET_REG32((void *)(CYREG_GPIO_PRT3_PC2), 0x000000FFu);
 174              		.loc 1 312 0
 175 003a 1F4A     		ldr	r2, .L11+40
 176 003c 1360     		str	r3, [r2]
 313:Generated_Source\PSoC4/cyfitter_cfg.c **** 
 177              		.loc 1 313 0
 178 003e 1F4A     		ldr	r2, .L11+44
 179 0040 1360     		str	r3, [r2]
 316:Generated_Source\PSoC4/cyfitter_cfg.c **** 	CY_SET_REG32((void *)(CYREG_GPIO_PRT4_PC2), 0x0000000Fu);
 180              		.loc 1 316 0
 181 0042 0B22     		movs	r2, #11
 182 0044 1E4B     		ldr	r3, .L11+48
 183 0046 1A60     		str	r2, [r3]
 317:Generated_Source\PSoC4/cyfitter_cfg.c **** 
 184              		.loc 1 317 0
 185 0048 1E4B     		ldr	r3, .L11+52
 186 004a 0432     		adds	r2, r2, #4
 187 004c 1A60     		str	r2, [r3]
 188              	.LBB13:
 189              	.LBB9:
 173:Generated_Source\PSoC4/cyfitter_cfg.c **** 	/* Update IMO to new clock speed. */
 190              		.loc 1 173 0
 191 004e 1223     		movs	r3, #18
 192 0050 2360     		str	r3, [r4]
 175:Generated_Source\PSoC4/cyfitter_cfg.c **** 
 193              		.loc 1 175 0
 194 0052 FFF7FEFF 		bl	CySysClkWriteImoFreq
 195              	.LVL8:
 178:Generated_Source\PSoC4/cyfitter_cfg.c **** 	CY_SET_REG32((void *)CYREG_PERI_DIV_CMD, 0x8000FF40u);
 196              		.loc 1 178 0
 197 0056 FE22     		movs	r2, #254
 180:Generated_Source\PSoC4/cyfitter_cfg.c **** 	CY_SET_REG32((void *)CYREG_PERI_DIV_CMD, 0x8000FF41u);
 198              		.loc 1 180 0
 199 0058 8021     		movs	r1, #128
 178:Generated_Source\PSoC4/cyfitter_cfg.c **** 	CY_SET_REG32((void *)CYREG_PERI_DIV_CMD, 0x8000FF40u);
 200              		.loc 1 178 0
 201 005a 1B4B     		ldr	r3, .L11+56
 202 005c 1202     		lsls	r2, r2, #8
 203 005e 1A60     		str	r2, [r3]
 179:Generated_Source\PSoC4/cyfitter_cfg.c **** 	CY_SET_REG32((void *)CYREG_PERI_DIV_16_CTL1, 0x00000800u);
 204              		.loc 1 179 0
 205 0060 1A4B     		ldr	r3, .L11+60
 206 0062 1B4A     		ldr	r2, .L11+64
 180:Generated_Source\PSoC4/cyfitter_cfg.c **** 	CY_SET_REG32((void *)CYREG_PERI_DIV_CMD, 0x8000FF41u);
 207              		.loc 1 180 0
 208 0064 0901     		lsls	r1, r1, #4
 179:Generated_Source\PSoC4/cyfitter_cfg.c **** 	CY_SET_REG32((void *)CYREG_PERI_DIV_16_CTL1, 0x00000800u);
 209              		.loc 1 179 0
 210 0066 1A60     		str	r2, [r3]
 180:Generated_Source\PSoC4/cyfitter_cfg.c **** 	CY_SET_REG32((void *)CYREG_PERI_DIV_CMD, 0x8000FF41u);
 211              		.loc 1 180 0
 212 0068 1A4A     		ldr	r2, .L11+68
 213              	.LBE9:
 214              	.LBE13:
 215              	.LBB14:
 216              	.LBB15:
ARM GAS  C:\Users\Qinh\AppData\Local\Temp\ccWsdB0U.s 			page 11


 219:Generated_Source\PSoC4/cyfitter_cfg.c **** }
 217              		.loc 1 219 0
 218 006a 0120     		movs	r0, #1
 219              	.LBE15:
 220              	.LBE14:
 221              	.LBB18:
 222              	.LBB10:
 180:Generated_Source\PSoC4/cyfitter_cfg.c **** 	CY_SET_REG32((void *)CYREG_PERI_DIV_CMD, 0x8000FF41u);
 223              		.loc 1 180 0
 224 006c 1160     		str	r1, [r2]
 181:Generated_Source\PSoC4/cyfitter_cfg.c **** 
 225              		.loc 1 181 0
 226 006e 1A4A     		ldr	r2, .L11+72
 227 0070 1A60     		str	r2, [r3]
 187:Generated_Source\PSoC4/cyfitter_cfg.c **** 
 228              		.loc 1 187 0
 229 0072 4022     		movs	r2, #64
 184:Generated_Source\PSoC4/cyfitter_cfg.c **** 
 230              		.loc 1 184 0
 231 0074 194B     		ldr	r3, .L11+76
 232 0076 1D60     		str	r5, [r3]
 187:Generated_Source\PSoC4/cyfitter_cfg.c **** 
 233              		.loc 1 187 0
 234 0078 194B     		ldr	r3, .L11+80
 235 007a 1A60     		str	r2, [r3]
 190:Generated_Source\PSoC4/cyfitter_cfg.c **** 
 236              		.loc 1 190 0
 237 007c 194B     		ldr	r3, .L11+84
 238 007e 0132     		adds	r2, r2, #1
 239 0080 1A60     		str	r2, [r3]
 193:Generated_Source\PSoC4/cyfitter_cfg.c **** }
 240              		.loc 1 193 0
 241 0082 1123     		movs	r3, #17
 242              	.LBE10:
 243              	.LBE18:
 244              	.LBB19:
 245              	.LBB16:
 218:Generated_Source\PSoC4/cyfitter_cfg.c **** 	SetAnalogRoutingPumps(1);
 246              		.loc 1 218 0
 247 0084 184A     		ldr	r2, .L11+88
 248              	.LBE16:
 249              	.LBE19:
 250              	.LBB20:
 251              	.LBB11:
 193:Generated_Source\PSoC4/cyfitter_cfg.c **** }
 252              		.loc 1 193 0
 253 0086 2360     		str	r3, [r4]
 254              	.LBE11:
 255              	.LBE20:
 256              	.LBB21:
 257              	.LBB17:
 218:Generated_Source\PSoC4/cyfitter_cfg.c **** 	SetAnalogRoutingPumps(1);
 258              		.loc 1 218 0
 259 0088 1360     		str	r3, [r2]
 219:Generated_Source\PSoC4/cyfitter_cfg.c **** }
 260              		.loc 1 219 0
 261 008a FFF7FEFF 		bl	SetAnalogRoutingPumps
ARM GAS  C:\Users\Qinh\AppData\Local\Temp\ccWsdB0U.s 			page 12


 262              	.LVL9:
 263              	.LBE17:
 264              	.LBE21:
 265              		.loc 1 326 0
 266 008e 70BD     		pop	{r4, r5, r6, pc}
 267              	.L12:
 268              		.align	2
 269              	.L11:
 270 0090 00000240 		.word	1073872896
 271 0094 00030240 		.word	1073873664
 272 0098 00000440 		.word	1074003968
 273 009c 08000440 		.word	1074003976
 274 00a0 30001040 		.word	1074790448
 275 00a4 18000440 		.word	1074003992
 276 00a8 00010440 		.word	1074004224
 277 00ac 18010440 		.word	1074004248
 278 00b0 00020440 		.word	1074004480
 279 00b4 18020440 		.word	1074004504
 280 00b8 00030440 		.word	1074004736
 281 00bc 18030440 		.word	1074004760
 282 00c0 00040440 		.word	1074004992
 283 00c4 18040440 		.word	1074005016
 284 00c8 00030140 		.word	1073808128
 285 00cc 00000140 		.word	1073807360
 286 00d0 40FF0080 		.word	-2147418304
 287 00d4 04030140 		.word	1073808132
 288 00d8 41FF0080 		.word	-2147418303
 289 00dc 28000340 		.word	1073938472
 290 00e0 08010140 		.word	1073807624
 291 00e4 04010140 		.word	1073807620
 292 00e8 C0020B40 		.word	1074463424
 293              		.cfi_endproc
 294              	.LFE7:
 295              		.size	cyfitter_cfg, .-cyfitter_cfg
 296              		.text
 297              	.Letext0:
 298              		.file 2 "Generated_Source\\PSoC4\\cytypes.h"
 299              		.file 3 "Generated_Source\\PSoC4\\CyLib.h"
 300              		.section	.debug_info,"",%progbits
 301              	.Ldebug_info0:
 302 0000 5C010000 		.4byte	0x15c
 303 0004 0400     		.2byte	0x4
 304 0006 00000000 		.4byte	.Ldebug_abbrev0
 305 000a 04       		.byte	0x4
 306 000b 01       		.uleb128 0x1
 307 000c 40010000 		.4byte	.LASF21
 308 0010 0C       		.byte	0xc
 309 0011 15000000 		.4byte	.LASF22
 310 0015 DB010000 		.4byte	.LASF23
 311 0019 50000000 		.4byte	.Ldebug_ranges0+0x50
 312 001d 00000000 		.4byte	0
 313 0021 00000000 		.4byte	.Ldebug_line0
 314 0025 02       		.uleb128 0x2
 315 0026 04       		.byte	0x4
 316 0027 05       		.byte	0x5
 317 0028 696E7400 		.ascii	"int\000"
 318 002c 03       		.uleb128 0x3
ARM GAS  C:\Users\Qinh\AppData\Local\Temp\ccWsdB0U.s 			page 13


 319 002d 04       		.byte	0x4
 320 002e 07       		.byte	0x7
 321 002f 3B000000 		.4byte	.LASF0
 322 0033 03       		.uleb128 0x3
 323 0034 08       		.byte	0x8
 324 0035 05       		.byte	0x5
 325 0036 00000000 		.4byte	.LASF1
 326 003a 03       		.uleb128 0x3
 327 003b 08       		.byte	0x8
 328 003c 04       		.byte	0x4
 329 003d 19010000 		.4byte	.LASF2
 330 0041 03       		.uleb128 0x3
 331 0042 01       		.byte	0x1
 332 0043 06       		.byte	0x6
 333 0044 0D010000 		.4byte	.LASF3
 334 0048 03       		.uleb128 0x3
 335 0049 01       		.byte	0x1
 336 004a 08       		.byte	0x8
 337 004b B5000000 		.4byte	.LASF4
 338 004f 03       		.uleb128 0x3
 339 0050 02       		.byte	0x2
 340 0051 05       		.byte	0x5
 341 0052 36010000 		.4byte	.LASF5
 342 0056 03       		.uleb128 0x3
 343 0057 02       		.byte	0x2
 344 0058 07       		.byte	0x7
 345 0059 FA000000 		.4byte	.LASF6
 346 005d 03       		.uleb128 0x3
 347 005e 04       		.byte	0x4
 348 005f 05       		.byte	0x5
 349 0060 C8000000 		.4byte	.LASF7
 350 0064 03       		.uleb128 0x3
 351 0065 04       		.byte	0x4
 352 0066 07       		.byte	0x7
 353 0067 4E000000 		.4byte	.LASF8
 354 006b 03       		.uleb128 0x3
 355 006c 08       		.byte	0x8
 356 006d 07       		.byte	0x7
 357 006e 6D000000 		.4byte	.LASF9
 358 0072 03       		.uleb128 0x3
 359 0073 04       		.byte	0x4
 360 0074 07       		.byte	0x7
 361 0075 D2010000 		.4byte	.LASF10
 362 0079 03       		.uleb128 0x3
 363 007a 01       		.byte	0x1
 364 007b 08       		.byte	0x8
 365 007c C3000000 		.4byte	.LASF11
 366 0080 04       		.uleb128 0x4
 367 0081 48000000 		.4byte	.LASF12
 368 0085 02       		.byte	0x2
 369 0086 FB01     		.2byte	0x1fb
 370 0088 48000000 		.4byte	0x48
 371 008c 04       		.uleb128 0x4
 372 008d 0E000000 		.4byte	.LASF13
 373 0091 02       		.byte	0x2
 374 0092 FD01     		.2byte	0x1fd
 375 0094 64000000 		.4byte	0x64
ARM GAS  C:\Users\Qinh\AppData\Local\Temp\ccWsdB0U.s 			page 14


 376 0098 03       		.uleb128 0x3
 377 0099 04       		.byte	0x4
 378 009a 04       		.byte	0x4
 379 009b 84000000 		.4byte	.LASF14
 380 009f 03       		.uleb128 0x3
 381 00a0 08       		.byte	0x8
 382 00a1 04       		.byte	0x4
 383 00a2 ED000000 		.4byte	.LASF15
 384 00a6 04       		.uleb128 0x4
 385 00a7 F4000000 		.4byte	.LASF16
 386 00ab 02       		.byte	0x2
 387 00ac A702     		.2byte	0x2a7
 388 00ae B2000000 		.4byte	0xb2
 389 00b2 05       		.uleb128 0x5
 390 00b3 8C000000 		.4byte	0x8c
 391 00b7 06       		.uleb128 0x6
 392 00b8 8A000000 		.4byte	.LASF19
 393 00bc 01       		.byte	0x1
 394 00bd EF       		.byte	0xef
 395 00be 00000000 		.4byte	.LFB6
 396 00c2 38000000 		.4byte	.LFE6-.LFB6
 397 00c6 01       		.uleb128 0x1
 398 00c7 9C       		.byte	0x9c
 399 00c8 E9000000 		.4byte	0xe9
 400 00cc 07       		.uleb128 0x7
 401 00cd 25010000 		.4byte	.LASF24
 402 00d1 01       		.byte	0x1
 403 00d2 EF       		.byte	0xef
 404 00d3 80000000 		.4byte	0x80
 405 00d7 01       		.uleb128 0x1
 406 00d8 50       		.byte	0x50
 407 00d9 08       		.uleb128 0x8
 408 00da 2D010000 		.4byte	.LASF25
 409 00de 01       		.byte	0x1
 410 00df F1       		.byte	0xf1
 411 00e0 8C000000 		.4byte	0x8c
 412 00e4 00000000 		.4byte	.LLST0
 413 00e8 00       		.byte	0
 414 00e9 09       		.uleb128 0x9
 415 00ea D1000000 		.4byte	.LASF17
 416 00ee 01       		.byte	0x1
 417 00ef D8       		.byte	0xd8
 418 00f0 01       		.byte	0x1
 419 00f1 09       		.uleb128 0x9
 420 00f2 E2000000 		.4byte	.LASF18
 421 00f6 01       		.byte	0x1
 422 00f7 A9       		.byte	0xa9
 423 00f8 01       		.byte	0x1
 424 00f9 0A       		.uleb128 0xa
 425 00fa 60000000 		.4byte	.LASF20
 426 00fe 01       		.byte	0x1
 427 00ff 1B01     		.2byte	0x11b
 428 0101 00000000 		.4byte	.LFB7
 429 0105 EC000000 		.4byte	.LFE7-.LFB7
 430 0109 01       		.uleb128 0x1
 431 010a 9C       		.byte	0x9c
 432 010b 54010000 		.4byte	0x154
ARM GAS  C:\Users\Qinh\AppData\Local\Temp\ccWsdB0U.s 			page 15


 433 010f 0B       		.uleb128 0xb
 434 0110 F1000000 		.4byte	0xf1
 435 0114 1E000000 		.4byte	.LBB6
 436 0118 00000000 		.4byte	.Ldebug_ranges0+0
 437 011c 01       		.byte	0x1
 438 011d 4101     		.2byte	0x141
 439 011f 33010000 		.4byte	0x133
 440 0123 0C       		.uleb128 0xc
 441 0124 56000000 		.4byte	.LVL8
 442 0128 54010000 		.4byte	0x154
 443 012c 0D       		.uleb128 0xd
 444 012d 01       		.uleb128 0x1
 445 012e 50       		.byte	0x50
 446 012f 01       		.uleb128 0x1
 447 0130 48       		.byte	0x48
 448 0131 00       		.byte	0
 449 0132 00       		.byte	0
 450 0133 0E       		.uleb128 0xe
 451 0134 E9000000 		.4byte	0xe9
 452 0138 6A000000 		.4byte	.LBB14
 453 013c 30000000 		.4byte	.Ldebug_ranges0+0x30
 454 0140 01       		.byte	0x1
 455 0141 4401     		.2byte	0x144
 456 0143 0C       		.uleb128 0xc
 457 0144 8E000000 		.4byte	.LVL9
 458 0148 B7000000 		.4byte	0xb7
 459 014c 0D       		.uleb128 0xd
 460 014d 01       		.uleb128 0x1
 461 014e 50       		.byte	0x50
 462 014f 01       		.uleb128 0x1
 463 0150 31       		.byte	0x31
 464 0151 00       		.byte	0
 465 0152 00       		.byte	0
 466 0153 00       		.byte	0
 467 0154 0F       		.uleb128 0xf
 468 0155 A0000000 		.4byte	.LASF26
 469 0159 A0000000 		.4byte	.LASF26
 470 015d 03       		.byte	0x3
 471 015e 6C       		.byte	0x6c
 472 015f 00       		.byte	0
 473              		.section	.debug_abbrev,"",%progbits
 474              	.Ldebug_abbrev0:
 475 0000 01       		.uleb128 0x1
 476 0001 11       		.uleb128 0x11
 477 0002 01       		.byte	0x1
 478 0003 25       		.uleb128 0x25
 479 0004 0E       		.uleb128 0xe
 480 0005 13       		.uleb128 0x13
 481 0006 0B       		.uleb128 0xb
 482 0007 03       		.uleb128 0x3
 483 0008 0E       		.uleb128 0xe
 484 0009 1B       		.uleb128 0x1b
 485 000a 0E       		.uleb128 0xe
 486 000b 55       		.uleb128 0x55
 487 000c 17       		.uleb128 0x17
 488 000d 11       		.uleb128 0x11
 489 000e 01       		.uleb128 0x1
ARM GAS  C:\Users\Qinh\AppData\Local\Temp\ccWsdB0U.s 			page 16


 490 000f 10       		.uleb128 0x10
 491 0010 17       		.uleb128 0x17
 492 0011 00       		.byte	0
 493 0012 00       		.byte	0
 494 0013 02       		.uleb128 0x2
 495 0014 24       		.uleb128 0x24
 496 0015 00       		.byte	0
 497 0016 0B       		.uleb128 0xb
 498 0017 0B       		.uleb128 0xb
 499 0018 3E       		.uleb128 0x3e
 500 0019 0B       		.uleb128 0xb
 501 001a 03       		.uleb128 0x3
 502 001b 08       		.uleb128 0x8
 503 001c 00       		.byte	0
 504 001d 00       		.byte	0
 505 001e 03       		.uleb128 0x3
 506 001f 24       		.uleb128 0x24
 507 0020 00       		.byte	0
 508 0021 0B       		.uleb128 0xb
 509 0022 0B       		.uleb128 0xb
 510 0023 3E       		.uleb128 0x3e
 511 0024 0B       		.uleb128 0xb
 512 0025 03       		.uleb128 0x3
 513 0026 0E       		.uleb128 0xe
 514 0027 00       		.byte	0
 515 0028 00       		.byte	0
 516 0029 04       		.uleb128 0x4
 517 002a 16       		.uleb128 0x16
 518 002b 00       		.byte	0
 519 002c 03       		.uleb128 0x3
 520 002d 0E       		.uleb128 0xe
 521 002e 3A       		.uleb128 0x3a
 522 002f 0B       		.uleb128 0xb
 523 0030 3B       		.uleb128 0x3b
 524 0031 05       		.uleb128 0x5
 525 0032 49       		.uleb128 0x49
 526 0033 13       		.uleb128 0x13
 527 0034 00       		.byte	0
 528 0035 00       		.byte	0
 529 0036 05       		.uleb128 0x5
 530 0037 35       		.uleb128 0x35
 531 0038 00       		.byte	0
 532 0039 49       		.uleb128 0x49
 533 003a 13       		.uleb128 0x13
 534 003b 00       		.byte	0
 535 003c 00       		.byte	0
 536 003d 06       		.uleb128 0x6
 537 003e 2E       		.uleb128 0x2e
 538 003f 01       		.byte	0x1
 539 0040 3F       		.uleb128 0x3f
 540 0041 19       		.uleb128 0x19
 541 0042 03       		.uleb128 0x3
 542 0043 0E       		.uleb128 0xe
 543 0044 3A       		.uleb128 0x3a
 544 0045 0B       		.uleb128 0xb
 545 0046 3B       		.uleb128 0x3b
 546 0047 0B       		.uleb128 0xb
ARM GAS  C:\Users\Qinh\AppData\Local\Temp\ccWsdB0U.s 			page 17


 547 0048 27       		.uleb128 0x27
 548 0049 19       		.uleb128 0x19
 549 004a 11       		.uleb128 0x11
 550 004b 01       		.uleb128 0x1
 551 004c 12       		.uleb128 0x12
 552 004d 06       		.uleb128 0x6
 553 004e 40       		.uleb128 0x40
 554 004f 18       		.uleb128 0x18
 555 0050 9742     		.uleb128 0x2117
 556 0052 19       		.uleb128 0x19
 557 0053 01       		.uleb128 0x1
 558 0054 13       		.uleb128 0x13
 559 0055 00       		.byte	0
 560 0056 00       		.byte	0
 561 0057 07       		.uleb128 0x7
 562 0058 05       		.uleb128 0x5
 563 0059 00       		.byte	0
 564 005a 03       		.uleb128 0x3
 565 005b 0E       		.uleb128 0xe
 566 005c 3A       		.uleb128 0x3a
 567 005d 0B       		.uleb128 0xb
 568 005e 3B       		.uleb128 0x3b
 569 005f 0B       		.uleb128 0xb
 570 0060 49       		.uleb128 0x49
 571 0061 13       		.uleb128 0x13
 572 0062 02       		.uleb128 0x2
 573 0063 18       		.uleb128 0x18
 574 0064 00       		.byte	0
 575 0065 00       		.byte	0
 576 0066 08       		.uleb128 0x8
 577 0067 34       		.uleb128 0x34
 578 0068 00       		.byte	0
 579 0069 03       		.uleb128 0x3
 580 006a 0E       		.uleb128 0xe
 581 006b 3A       		.uleb128 0x3a
 582 006c 0B       		.uleb128 0xb
 583 006d 3B       		.uleb128 0x3b
 584 006e 0B       		.uleb128 0xb
 585 006f 49       		.uleb128 0x49
 586 0070 13       		.uleb128 0x13
 587 0071 02       		.uleb128 0x2
 588 0072 17       		.uleb128 0x17
 589 0073 00       		.byte	0
 590 0074 00       		.byte	0
 591 0075 09       		.uleb128 0x9
 592 0076 2E       		.uleb128 0x2e
 593 0077 00       		.byte	0
 594 0078 03       		.uleb128 0x3
 595 0079 0E       		.uleb128 0xe
 596 007a 3A       		.uleb128 0x3a
 597 007b 0B       		.uleb128 0xb
 598 007c 3B       		.uleb128 0x3b
 599 007d 0B       		.uleb128 0xb
 600 007e 27       		.uleb128 0x27
 601 007f 19       		.uleb128 0x19
 602 0080 20       		.uleb128 0x20
 603 0081 0B       		.uleb128 0xb
ARM GAS  C:\Users\Qinh\AppData\Local\Temp\ccWsdB0U.s 			page 18


 604 0082 00       		.byte	0
 605 0083 00       		.byte	0
 606 0084 0A       		.uleb128 0xa
 607 0085 2E       		.uleb128 0x2e
 608 0086 01       		.byte	0x1
 609 0087 3F       		.uleb128 0x3f
 610 0088 19       		.uleb128 0x19
 611 0089 03       		.uleb128 0x3
 612 008a 0E       		.uleb128 0xe
 613 008b 3A       		.uleb128 0x3a
 614 008c 0B       		.uleb128 0xb
 615 008d 3B       		.uleb128 0x3b
 616 008e 05       		.uleb128 0x5
 617 008f 27       		.uleb128 0x27
 618 0090 19       		.uleb128 0x19
 619 0091 11       		.uleb128 0x11
 620 0092 01       		.uleb128 0x1
 621 0093 12       		.uleb128 0x12
 622 0094 06       		.uleb128 0x6
 623 0095 40       		.uleb128 0x40
 624 0096 18       		.uleb128 0x18
 625 0097 9742     		.uleb128 0x2117
 626 0099 19       		.uleb128 0x19
 627 009a 01       		.uleb128 0x1
 628 009b 13       		.uleb128 0x13
 629 009c 00       		.byte	0
 630 009d 00       		.byte	0
 631 009e 0B       		.uleb128 0xb
 632 009f 1D       		.uleb128 0x1d
 633 00a0 01       		.byte	0x1
 634 00a1 31       		.uleb128 0x31
 635 00a2 13       		.uleb128 0x13
 636 00a3 52       		.uleb128 0x52
 637 00a4 01       		.uleb128 0x1
 638 00a5 55       		.uleb128 0x55
 639 00a6 17       		.uleb128 0x17
 640 00a7 58       		.uleb128 0x58
 641 00a8 0B       		.uleb128 0xb
 642 00a9 59       		.uleb128 0x59
 643 00aa 05       		.uleb128 0x5
 644 00ab 01       		.uleb128 0x1
 645 00ac 13       		.uleb128 0x13
 646 00ad 00       		.byte	0
 647 00ae 00       		.byte	0
 648 00af 0C       		.uleb128 0xc
 649 00b0 898201   		.uleb128 0x4109
 650 00b3 01       		.byte	0x1
 651 00b4 11       		.uleb128 0x11
 652 00b5 01       		.uleb128 0x1
 653 00b6 31       		.uleb128 0x31
 654 00b7 13       		.uleb128 0x13
 655 00b8 00       		.byte	0
 656 00b9 00       		.byte	0
 657 00ba 0D       		.uleb128 0xd
 658 00bb 8A8201   		.uleb128 0x410a
 659 00be 00       		.byte	0
 660 00bf 02       		.uleb128 0x2
ARM GAS  C:\Users\Qinh\AppData\Local\Temp\ccWsdB0U.s 			page 19


 661 00c0 18       		.uleb128 0x18
 662 00c1 9142     		.uleb128 0x2111
 663 00c3 18       		.uleb128 0x18
 664 00c4 00       		.byte	0
 665 00c5 00       		.byte	0
 666 00c6 0E       		.uleb128 0xe
 667 00c7 1D       		.uleb128 0x1d
 668 00c8 01       		.byte	0x1
 669 00c9 31       		.uleb128 0x31
 670 00ca 13       		.uleb128 0x13
 671 00cb 52       		.uleb128 0x52
 672 00cc 01       		.uleb128 0x1
 673 00cd 55       		.uleb128 0x55
 674 00ce 17       		.uleb128 0x17
 675 00cf 58       		.uleb128 0x58
 676 00d0 0B       		.uleb128 0xb
 677 00d1 59       		.uleb128 0x59
 678 00d2 05       		.uleb128 0x5
 679 00d3 00       		.byte	0
 680 00d4 00       		.byte	0
 681 00d5 0F       		.uleb128 0xf
 682 00d6 2E       		.uleb128 0x2e
 683 00d7 00       		.byte	0
 684 00d8 3F       		.uleb128 0x3f
 685 00d9 19       		.uleb128 0x19
 686 00da 3C       		.uleb128 0x3c
 687 00db 19       		.uleb128 0x19
 688 00dc 6E       		.uleb128 0x6e
 689 00dd 0E       		.uleb128 0xe
 690 00de 03       		.uleb128 0x3
 691 00df 0E       		.uleb128 0xe
 692 00e0 3A       		.uleb128 0x3a
 693 00e1 0B       		.uleb128 0xb
 694 00e2 3B       		.uleb128 0x3b
 695 00e3 0B       		.uleb128 0xb
 696 00e4 00       		.byte	0
 697 00e5 00       		.byte	0
 698 00e6 00       		.byte	0
 699              		.section	.debug_loc,"",%progbits
 700              	.Ldebug_loc0:
 701              	.LLST0:
 702 0000 06000000 		.4byte	.LVL1
 703 0004 14000000 		.4byte	.LVL3
 704 0008 0100     		.2byte	0x1
 705 000a 53       		.byte	0x53
 706 000b 16000000 		.4byte	.LVL4
 707 000f 1A000000 		.4byte	.LVL5
 708 0013 0100     		.2byte	0x1
 709 0015 53       		.byte	0x53
 710 0016 1A000000 		.4byte	.LVL5
 711 001a 1E000000 		.4byte	.LVL6
 712 001e 0200     		.2byte	0x2
 713 0020 72       		.byte	0x72
 714 0021 00       		.sleb128 0
 715 0022 1E000000 		.4byte	.LVL6
 716 0026 2A000000 		.4byte	.LVL7
 717 002a 0100     		.2byte	0x1
ARM GAS  C:\Users\Qinh\AppData\Local\Temp\ccWsdB0U.s 			page 20


 718 002c 51       		.byte	0x51
 719 002d 2A000000 		.4byte	.LVL7
 720 0031 38000000 		.4byte	.LFE6
 721 0035 0100     		.2byte	0x1
 722 0037 52       		.byte	0x52
 723 0038 00000000 		.4byte	0
 724 003c 00000000 		.4byte	0
 725              		.section	.debug_aranges,"",%progbits
 726 0000 24000000 		.4byte	0x24
 727 0004 0200     		.2byte	0x2
 728 0006 00000000 		.4byte	.Ldebug_info0
 729 000a 04       		.byte	0x4
 730 000b 00       		.byte	0
 731 000c 0000     		.2byte	0
 732 000e 0000     		.2byte	0
 733 0010 00000000 		.4byte	.LFB6
 734 0014 38000000 		.4byte	.LFE6-.LFB6
 735 0018 00000000 		.4byte	.LFB7
 736 001c EC000000 		.4byte	.LFE7-.LFB7
 737 0020 00000000 		.4byte	0
 738 0024 00000000 		.4byte	0
 739              		.section	.debug_ranges,"",%progbits
 740              	.Ldebug_ranges0:
 741 0000 1E000000 		.4byte	.LBB6
 742 0004 20000000 		.4byte	.LBE6
 743 0008 26000000 		.4byte	.LBB12
 744 000c 28000000 		.4byte	.LBE12
 745 0010 4E000000 		.4byte	.LBB13
 746 0014 6A000000 		.4byte	.LBE13
 747 0018 6C000000 		.4byte	.LBB18
 748 001c 84000000 		.4byte	.LBE18
 749 0020 86000000 		.4byte	.LBB20
 750 0024 88000000 		.4byte	.LBE20
 751 0028 00000000 		.4byte	0
 752 002c 00000000 		.4byte	0
 753 0030 6A000000 		.4byte	.LBB14
 754 0034 6C000000 		.4byte	.LBE14
 755 0038 84000000 		.4byte	.LBB19
 756 003c 86000000 		.4byte	.LBE19
 757 0040 88000000 		.4byte	.LBB21
 758 0044 8E000000 		.4byte	.LBE21
 759 0048 00000000 		.4byte	0
 760 004c 00000000 		.4byte	0
 761 0050 00000000 		.4byte	.LFB6
 762 0054 38000000 		.4byte	.LFE6
 763 0058 00000000 		.4byte	.LFB7
 764 005c EC000000 		.4byte	.LFE7
 765 0060 00000000 		.4byte	0
 766 0064 00000000 		.4byte	0
 767              		.section	.debug_line,"",%progbits
 768              	.Ldebug_line0:
 769 0000 DC000000 		.section	.debug_str,"MS",%progbits,1
 769      02005400 
 769      00000201 
 769      FB0E0D00 
 769      01010101 
 770              	.LASF1:
ARM GAS  C:\Users\Qinh\AppData\Local\Temp\ccWsdB0U.s 			page 21


 771 0000 6C6F6E67 		.ascii	"long long int\000"
 771      206C6F6E 
 771      6720696E 
 771      7400
 772              	.LASF13:
 773 000e 75696E74 		.ascii	"uint32\000"
 773      333200
 774              	.LASF22:
 775 0015 47656E65 		.ascii	"Generated_Source\\PSoC4\\cyfitter_cfg.c\000"
 775      72617465 
 775      645F536F 
 775      75726365 
 775      5C50536F 
 776              	.LASF0:
 777 003b 756E7369 		.ascii	"unsigned int\000"
 777      676E6564 
 777      20696E74 
 777      00
 778              	.LASF12:
 779 0048 75696E74 		.ascii	"uint8\000"
 779      3800
 780              	.LASF8:
 781 004e 6C6F6E67 		.ascii	"long unsigned int\000"
 781      20756E73 
 781      69676E65 
 781      6420696E 
 781      7400
 782              	.LASF20:
 783 0060 63796669 		.ascii	"cyfitter_cfg\000"
 783      74746572 
 783      5F636667 
 783      00
 784              	.LASF9:
 785 006d 6C6F6E67 		.ascii	"long long unsigned int\000"
 785      206C6F6E 
 785      6720756E 
 785      7369676E 
 785      65642069 
 786              	.LASF14:
 787 0084 666C6F61 		.ascii	"float\000"
 787      7400
 788              	.LASF19:
 789 008a 53657441 		.ascii	"SetAnalogRoutingPumps\000"
 789      6E616C6F 
 789      67526F75 
 789      74696E67 
 789      50756D70 
 790              	.LASF26:
 791 00a0 43795379 		.ascii	"CySysClkWriteImoFreq\000"
 791      73436C6B 
 791      57726974 
 791      65496D6F 
 791      46726571 
 792              	.LASF4:
 793 00b5 756E7369 		.ascii	"unsigned char\000"
 793      676E6564 
 793      20636861 
ARM GAS  C:\Users\Qinh\AppData\Local\Temp\ccWsdB0U.s 			page 22


 793      7200
 794              	.LASF11:
 795 00c3 63686172 		.ascii	"char\000"
 795      00
 796              	.LASF7:
 797 00c8 6C6F6E67 		.ascii	"long int\000"
 797      20696E74 
 797      00
 798              	.LASF17:
 799 00d1 416E616C 		.ascii	"AnalogSetDefault\000"
 799      6F675365 
 799      74446566 
 799      61756C74 
 799      00
 800              	.LASF18:
 801 00e2 436C6F63 		.ascii	"ClockSetup\000"
 801      6B536574 
 801      757000
 802              	.LASF15:
 803 00ed 646F7562 		.ascii	"double\000"
 803      6C6500
 804              	.LASF16:
 805 00f4 72656733 		.ascii	"reg32\000"
 805      3200
 806              	.LASF6:
 807 00fa 73686F72 		.ascii	"short unsigned int\000"
 807      7420756E 
 807      7369676E 
 807      65642069 
 807      6E7400
 808              	.LASF3:
 809 010d 7369676E 		.ascii	"signed char\000"
 809      65642063 
 809      68617200 
 810              	.LASF2:
 811 0119 6C6F6E67 		.ascii	"long double\000"
 811      20646F75 
 811      626C6500 
 812              	.LASF24:
 813 0125 656E6162 		.ascii	"enabled\000"
 813      6C656400 
 814              	.LASF25:
 815 012d 72656756 		.ascii	"regValue\000"
 815      616C7565 
 815      00
 816              	.LASF5:
 817 0136 73686F72 		.ascii	"short int\000"
 817      7420696E 
 817      7400
 818              	.LASF21:
 819 0140 474E5520 		.ascii	"GNU C11 5.4.1 20160609 (release) [ARM/embedded-5-br"
 819      43313120 
 819      352E342E 
 819      31203230 
 819      31363036 
 820 0173 616E6368 		.ascii	"anch revision 237715] -mcpu=cortex-m0plus -mthumb -"
 820      20726576 
ARM GAS  C:\Users\Qinh\AppData\Local\Temp\ccWsdB0U.s 			page 23


 820      6973696F 
 820      6E203233 
 820      37373135 
 821 01a6 67202D4F 		.ascii	"g -Os -ffunction-sections -ffat-lto-objects\000"
 821      73202D66 
 821      66756E63 
 821      74696F6E 
 821      2D736563 
 822              	.LASF10:
 823 01d2 73697A65 		.ascii	"sizetype\000"
 823      74797065 
 823      00
 824              	.LASF23:
 825 01db 433A5C55 		.ascii	"C:\\Users\\Qinh\\Documents\\PSoC Creator\\Workspace"
 825      73657273 
 825      5C51696E 
 825      685C446F 
 825      63756D65 
 826 0209 30315C63 		.ascii	"01\\cy8c4025-34channel-touch.cydsn\000"
 826      79386334 
 826      3032352D 
 826      33346368 
 826      616E6E65 
 827              		.ident	"GCC: (GNU Tools for ARM Embedded Processors) 5.4.1 20160609 (release) [ARM/embedded-5-bran
